Archive member included to satisfy reference by file (symbol)

g:/rt-threadstudio/repo/extract/toolchain_support_packages/arm/gnu_tools_for_arm_embedded_processors/10.2.1/bin/../lib/gcc/arm-none-eabi/10.2.1/../../../../arm-none-eabi/lib/thumb/v8-m.main+fp/hard\libc.a(lib_a-atof.o)
                              ./src/pid.o (atof)
g:/rt-threadstudio/repo/extract/toolchain_support_packages/arm/gnu_tools_for_arm_embedded_processors/10.2.1/bin/../lib/gcc/arm-none-eabi/10.2.1/../../../../arm-none-eabi/lib/thumb/v8-m.main+fp/hard\libc.a(lib_a-atoi.o)
                              ./src/my_pwm.o (atoi)
g:/rt-threadstudio/repo/extract/toolchain_support_packages/arm/gnu_tools_for_arm_embedded_processors/10.2.1/bin/../lib/gcc/arm-none-eabi/10.2.1/../../../../arm-none-eabi/lib/thumb/v8-m.main+fp/hard\libc.a(lib_a-exit.o)
                              g:/rt-threadstudio/repo/extract/toolchain_support_packages/arm/gnu_tools_for_arm_embedded_processors/10.2.1/bin/../lib/gcc/arm-none-eabi/10.2.1/../../../../arm-none-eabi/lib/thumb/v8-m.main+fp/hard/crt0.o (exit)
g:/rt-threadstudio/repo/extract/toolchain_support_packages/arm/gnu_tools_for_arm_embedded_processors/10.2.1/bin/../lib/gcc/arm-none-eabi/10.2.1/../../../../arm-none-eabi/lib/thumb/v8-m.main+fp/hard\libc.a(lib_a-impure.o)
                              g:/rt-threadstudio/repo/extract/toolchain_support_packages/arm/gnu_tools_for_arm_embedded_processors/10.2.1/bin/../lib/gcc/arm-none-eabi/10.2.1/../../../../arm-none-eabi/lib/thumb/v8-m.main+fp/hard\libc.a(lib_a-exit.o) (_global_impure_ptr)
g:/rt-threadstudio/repo/extract/toolchain_support_packages/arm/gnu_tools_for_arm_embedded_processors/10.2.1/bin/../lib/gcc/arm-none-eabi/10.2.1/../../../../arm-none-eabi/lib/thumb/v8-m.main+fp/hard\libc.a(lib_a-memcmp.o)
                              ./rt-thread/components/finsh/shell.o (memcmp)
g:/rt-threadstudio/repo/extract/toolchain_support_packages/arm/gnu_tools_for_arm_embedded_processors/10.2.1/bin/../lib/gcc/arm-none-eabi/10.2.1/../../../../arm-none-eabi/lib/thumb/v8-m.main+fp/hard\libc.a(lib_a-memcpy.o)
                              ./ra/fsp/src/r_sci_uart/r_sci_uart.o (memcpy)
g:/rt-threadstudio/repo/extract/toolchain_support_packages/arm/gnu_tools_for_arm_embedded_processors/10.2.1/bin/../lib/gcc/arm-none-eabi/10.2.1/../../../../arm-none-eabi/lib/thumb/v8-m.main+fp/hard\libc.a(lib_a-memset.o)
                              g:/rt-threadstudio/repo/extract/toolchain_support_packages/arm/gnu_tools_for_arm_embedded_processors/10.2.1/bin/../lib/gcc/arm-none-eabi/10.2.1/../../../../arm-none-eabi/lib/thumb/v8-m.main+fp/hard/crt0.o (memset)
g:/rt-threadstudio/repo/extract/toolchain_support_packages/arm/gnu_tools_for_arm_embedded_processors/10.2.1/bin/../lib/gcc/arm-none-eabi/10.2.1/../../../../arm-none-eabi/lib/thumb/v8-m.main+fp/hard\libc.a(lib_a-strcmp.o)
                              ./src/my_pwm.o (strcmp)
g:/rt-threadstudio/repo/extract/toolchain_support_packages/arm/gnu_tools_for_arm_embedded_processors/10.2.1/bin/../lib/gcc/arm-none-eabi/10.2.1/../../../../arm-none-eabi/lib/thumb/v8-m.main+fp/hard\libc.a(lib_a-strcpy.o)
                              ./rt-thread/components/finsh/shell.o (strcpy)
g:/rt-threadstudio/repo/extract/toolchain_support_packages/arm/gnu_tools_for_arm_embedded_processors/10.2.1/bin/../lib/gcc/arm-none-eabi/10.2.1/../../../../arm-none-eabi/lib/thumb/v8-m.main+fp/hard\libc.a(lib_a-strlen-stub.o)
                              ./rt-thread/components/finsh/msh.o (strlen)
g:/rt-threadstudio/repo/extract/toolchain_support_packages/arm/gnu_tools_for_arm_embedded_processors/10.2.1/bin/../lib/gcc/arm-none-eabi/10.2.1/../../../../arm-none-eabi/lib/thumb/v8-m.main+fp/hard\libc.a(lib_a-strncmp.o)
                              ./rt-thread/components/finsh/msh.o (strncmp)
g:/rt-threadstudio/repo/extract/toolchain_support_packages/arm/gnu_tools_for_arm_embedded_processors/10.2.1/bin/../lib/gcc/arm-none-eabi/10.2.1/../../../../arm-none-eabi/lib/thumb/v8-m.main+fp/hard\libc.a(lib_a-strncpy.o)
                              ./rt-thread/components/finsh/shell.o (strncpy)
g:/rt-threadstudio/repo/extract/toolchain_support_packages/arm/gnu_tools_for_arm_embedded_processors/10.2.1/bin/../lib/gcc/arm-none-eabi/10.2.1/../../../../arm-none-eabi/lib/thumb/v8-m.main+fp/hard\libc.a(lib_a-strtod.o)
                              g:/rt-threadstudio/repo/extract/toolchain_support_packages/arm/gnu_tools_for_arm_embedded_processors/10.2.1/bin/../lib/gcc/arm-none-eabi/10.2.1/../../../../arm-none-eabi/lib/thumb/v8-m.main+fp/hard\libc.a(lib_a-atof.o) (strtod)
g:/rt-threadstudio/repo/extract/toolchain_support_packages/arm/gnu_tools_for_arm_embedded_processors/10.2.1/bin/../lib/gcc/arm-none-eabi/10.2.1/../../../../arm-none-eabi/lib/thumb/v8-m.main+fp/hard\libc.a(lib_a-strtol.o)
[...]
Memory Configuration

Name             Origin             Length             Attributes
FLASH            0x00000000         0x00100000         xr
RAM              0x20000000         0x00040000         xrw
DATA_FLASH       0x08000000         0x00002000         xr
QSPI_FLASH       0x60000000         0x04000000         xr
OSPI_DEVICE_0    0x68000000         0x08000000         xr
OSPI_DEVICE_1    0x70000000         0x10000000         xr
OSPI_DEVICE_0_RAM 0x68000000         0x08000000         xrw
OSPI_DEVICE_1_RAM 0x70000000         0x10000000         xrw
SDRAM            0x90000000         0x00000000         xrw
OPTION_SETTING   0x0100a100         0x00000100         r
OPTION_SETTING_S 0x0100a200         0x00000100         r
ID_CODE          0x00000000         0x00000000         xr
*default*        0x00000000         0xffffffff

Linker script and memory map

LOAD g:/rt-threadstudio/repo/extract/toolchain_support_packages/arm/gnu_tools_for_arm_embedded_processors/10.2.1/bin/../lib/gcc/arm-none-eabi/10.2.1/thumb/v8-m.main+fp/hard/crti.o
LOAD g:/rt-threadstudio/repo/extract/toolchain_support_packages/arm/gnu_tools_for_arm_embedded_processors/10.2.1/bin/../lib/gcc/arm-none-eabi/10.2.1/thumb/v8-m.main+fp/hard/crtbegin.o
LOAD g:/rt-threadstudio/repo/extract/toolchain_support_packages/arm/gnu_tools_for_arm_embedded_processors/10.2.1/bin/../lib/gcc/arm-none-eabi/10.2.1/../../../../arm-none-eabi/lib/thumb/v8-m.main+fp/hard/crt0.o
LOAD ./src/controller.o
LOAD ./src/hal_entry.o
LOAD ./src/my_pwm.o
LOAD ./src/pid.o
LOAD ./src/uart0_t.o
LOAD ./rt-thread/src/clock.o
LOAD ./rt-thread/src/components.o
LOAD ./rt-thread/src/device.o
LOAD ./rt-thread/src/idle.o
LOAD ./rt-thread/src/ipc.o
LOAD ./rt-thread/src/irq.o
LOAD ./rt-thread/src/kservice.o
LOAD ./rt-thread/src/mem.o
LOAD ./rt-thread/src/object.o
LOAD ./rt-thread/src/scheduler.o
LOAD ./rt-thread/src/thread.o
LOAD ./rt-thread/src/timer.o
LOAD ./rt-thread/libcpu/arm/cortex-m4/context_gcc.o
LOAD ./rt-thread/libcpu/arm/cortex-m4/cpuport.o
LOAD ./rt-thread/libcpu/arm/common/backtrace.o
LOAD ./rt-thread/libcpu/arm/common/div0.o
LOAD ./rt-thread/libcpu/arm/common/showmem.o
LOAD ./rt-thread/components/utilities/ulog/backend/console_be.o
LOAD ./rt-thread/components/utilities/ulog/ulog.o
LOAD ./rt-thread/components/libc/compilers/newlib/syscalls.o
LOAD ./rt-thread/components/libc/compilers/common/stdlib.o
LOAD ./rt-thread/components/libc/compilers/common/time.o
LOAD ./rt-thread/components/finsh/cmd.o
LOAD ./rt-thread/components/finsh/msh.o
LOAD ./rt-thread/components/finsh/shell.o
LOAD ./rt-thread/components/drivers/serial/serial_v2.o
LOAD ./rt-thread/components/drivers/misc/pin.o
LOAD ./rt-thread/components/drivers/misc/rt_drv_pwm.o
LOAD ./rt-thread/components/drivers/ipc/completion.o
LOAD ./rt-thread/components/drivers/ipc/dataqueue.o
LOAD ./rt-thread/components/drivers/ipc/pipe.o
LOAD ./rt-thread/components/drivers/ipc/ringblk_buf.o
LOAD ./rt-thread/components/drivers/ipc/ringbuffer.o
LOAD ./rt-thread/components/drivers/ipc/waitqueue.o
LOAD ./rt-thread/components/drivers/ipc/workqueue.o
LOAD ./ra_gen/common_data.o
LOAD ./ra_gen/hal_data.o
LOAD ./ra_gen/main.o
LOAD ./ra_gen/pin_data.o
LOAD ./ra_gen/vector_data.o
LOAD ./ra/fsp/src/r_sci_uart/r_sci_uart.o
LOAD ./ra/fsp/src/r_ioport/r_ioport.o
LOAD ./ra/fsp/src/r_icu/r_icu.o
LOAD ./ra/fsp/src/r_gpt/r_gpt.o
LOAD ./ra/fsp/src/bsp/mcu/all/bsp_clocks.o
LOAD ./ra/fsp/src/bsp/mcu/all/bsp_common.o
LOAD ./ra/fsp/src/bsp/mcu/all/bsp_delay.o
LOAD ./ra/fsp/src/bsp/mcu/all/bsp_group_irq.o
LOAD ./ra/fsp/src/bsp/mcu/all/bsp_guard.o
LOAD ./ra/fsp/src/bsp/mcu/all/bsp_io.o
LOAD ./ra/fsp/src/bsp/mcu/all/bsp_irq.o
LOAD ./ra/fsp/src/bsp/mcu/all/bsp_register_protection.o
LOAD ./ra/fsp/src/bsp/mcu/all/bsp_rom_registers.o
LOAD ./ra/fsp/src/bsp/mcu/all/bsp_sbrk.o
LOAD ./ra/fsp/src/bsp/mcu/all/bsp_security.o
LOAD ./ra/fsp/src/bsp/cmsis/Device/RENESAS/Source/startup.o
LOAD ./ra/fsp/src/bsp/cmsis/Device/RENESAS/Source/system.o
LOAD ./packages/rt_vsnprintf_full-latest/rt_vsnprintf.o
LOAD ./libraries/HAL_Drivers/drv_common.o
LOAD ./libraries/HAL_Drivers/drv_gpio.o
LOAD ./libraries/HAL_Drivers/drv_pwm.o
LOAD ./libraries/HAL_Drivers/drv_usart_v2.o
LOAD ./board/ports/drv_rw007.o
LOAD g:/rt-threadstudio/repo/extract/toolchain_support_packages/arm/gnu_tools_for_arm_embedded_processors/10.2.1/bin/../lib/gcc/arm-none-eabi/10.2.1/../../../../arm-none-eabi/lib/thumb/v8-m.main+fp/hard\libm.a
LOAD g:/rt-threadstudio/repo/extract/toolchain_support_packages/arm/gnu_tools_for_arm_embedded_processors/10.2.1/bin/../lib/gcc/arm-none-eabi/10.2.1/../../../../arm-none-eabi/lib/thumb/v8-m.main+fp/hard\libc.a
START GROUP
LOAD g:/rt-threadstudio/repo/extract/toolchain_support_packages/arm/gnu_tools_for_arm_embedded_processors/10.2.1/bin/../lib/gcc/arm-none-eabi/10.2.1/thumb/v8-m.main+fp/hard\libgcc.a
LOAD g:/rt-threadstudio/repo/extract/toolchain_support_packages/arm/gnu_tools_for_arm_embedded_processors/10.2.1/bin/../lib/gcc/arm-none-eabi/10.2.1/../../../../arm-none-eabi/lib/thumb/v8-m.main+fp/hard\libc.a
END GROUP
LOAD g:/rt-threadstudio/repo/extract/toolchain_support_packages/arm/gnu_tools_for_arm_embedded_processors/10.2.1/bin/../lib/gcc/arm-none-eabi/10.2.1/thumb/v8-m.main+fp/hard/crtend.o
LOAD g:/rt-threadstudio/repo/extract/toolchain_support_packages/arm/gnu_tools_for_arm_embedded_processors/10.2.1/bin/../lib/gcc/arm-none-eabi/10.2.1/thumb/v8-m.main+fp/hard/crtn.o
                0x20000000                RAM_START = 0x20000000
                0x00040000                RAM_LENGTH = 0x40000
                0x00000000                FLASH_START = 0x0
                0x00100000                FLASH_LENGTH = 0x100000
                0x08000000                DATA_FLASH_START = 0x8000000
                0x00002000                DATA_FLASH_LENGTH = 0x2000
                0x0100a100                OPTION_SETTING_START = 0x100a100
                0x00000100                OPTION_SETTING_LENGTH = 0x100
                0x0100a200                OPTION_SETTING_S_START = 0x100a200
                0x00000100                OPTION_SETTING_S_LENGTH = 0x100
                0x00000000                ID_CODE_START = 0x0
                0x00000000                ID_CODE_LENGTH = 0x0
                0x90000000                SDRAM_START = 0x90000000
                0x00000000                SDRAM_LENGTH = 0x0
                0x60000000                QSPI_FLASH_START = 0x60000000
                0x04000000                QSPI_FLASH_LENGTH = 0x4000000
                0x68000000                OSPI_DEVICE_0_START = 0x68000000
                0x08000000                OSPI_DEVICE_0_LENGTH = 0x8000000
                0x70000000                OSPI_DEVICE_1_START = 0x70000000
                0x10000000                OSPI_DEVICE_1_LENGTH = 0x10000000
                0x04000000                QSPI_FLASH_PRV_LENGTH = DEFINED (QSPI_FLASH_SIZE)?ABSOLUTE (QSPI_FLASH_SIZE):ABSOLUTE (QSPI_FLASH_LENGTH)
                0x08000000                OSPI_DEVICE_0_PRV_LENGTH = DEFINED (OSPI_DEVICE_0_SIZE)?ABSOLUTE (OSPI_DEVICE_0_SIZE):ABSOLUTE (OSPI_DEVICE_0_LENGTH)
                0x10000000                OSPI_DEVICE_1_PRV_LENGTH = DEFINED (OSPI_DEVICE_1_SIZE)?ABSOLUTE (OSPI_DEVICE_1_SIZE):ABSOLUTE (OSPI_DEVICE_1_LENGTH)
                0x00000000                __RESERVE_NS_RAM = ((! (DEFINED (PROJECT_NONSECURE)) && DEFINED (RAM_NS_BUFFER_LENGTH)) && (OPTION_SETTING_S_LENGTH != 0x0))
                0x00000000                RAM_NS_BUFFER_BLOCK_LENGTH = DEFINED (RAM_NS_BUFFER_LENGTH)?ALIGN (RAM_NS_BUFFER_LENGTH, 0x2000):0x0
                0x00000000                RAM_NS_BUFFER_LENGTH = DEFINED (RAM_NS_BUFFER_LENGTH)?RAM_NS_BUFFER_LENGTH:0x0
                0x20040000                RAM_NS_BUFFER_START = ((RAM_START + RAM_LENGTH) - RAM_NS_BUFFER_LENGTH)
                0x20040000                RAM_NS_BUFFER_BLOCK_START = ((RAM_START + RAM_LENGTH) - RAM_NS_BUFFER_BLOCK_LENGTH)
                0x0100a180                OPTION_SETTING_START_NS = 0x100a180
                0x00000001                __bl_FSP_BOOTABLE_IMAGE = 0x1
                0x00000001                __bln_FSP_BOOTABLE_IMAGE = 0x1
                0x00000001                PROJECT_SECURE_OR_FLAT = ((! (DEFINED (PROJECT_NONSECURE)) && OPTION_SETTING_LENGTH) && ! (DEFINED (FSP_BOOTABLE_IMAGE)))
                0x00000000                USE_OPTION_SETTING_NS = (DEFINED (PROJECT_NONSECURE) && ! (DEFINED (FSP_BOOTABLE_IMAGE)))
                0x00000000                __bl_FLASH_IMAGE_START = ! (DEFINED (FLASH_BOOTLOADER_LENGTH))?0x0:(FLASH_APPLICATION_IMAGE_NUMBER == 0x1)?(FLASH_BOOTLOADER_LENGTH + FLASH_BOOTLOADER_HEADER_LENGTH):(((FLASH_BOOTLOADER_LENGTH + FLASH_BOOTLOADER_SCRATCH_LENGTH) + FLASH_APPLICATION_S_LENGTH) + FLASH_BOOTLOADER_HEADER_LENGTH)
                0x00000000                __bl_FLASH_IMAGE_LENGTH = ! (DEFINED (FLASH_BOOTLOADER_LENGTH))?0x0:(FLASH_APPLICATION_S_LENGTH - FLASH_BOOTLOADER_HEADER_LENGTH)
                0x00000000                __bl_FLASH_IMAGE_END = (__bl_FLASH_IMAGE_START + __bl_FLASH_IMAGE_LENGTH)
                0x00000000                __bl_FLASH_NS_START = ! (DEFINED (FLASH_BOOTLOADER_LENGTH))?0x0:(FLASH_APPLICATION_NS_LENGTH == 0x0)?__bl_FLASH_IMAGE_END:((__bl_FLASH_IMAGE_START - FLASH_BOOTLOADER_HEADER_LENGTH) + FLASH_APPLICATION_S_LENGTH)
                0x00000000                __bl_FLASH_NSC_START = ! (DEFINED (FLASH_BOOTLOADER_LENGTH))?0x0:(FLASH_APPLICATION_NS_LENGTH == 0x0)?__bl_FLASH_IMAGE_END:(__bl_FLASH_NS_START - FLASH_APPLICATION_NSC_LENGTH)
                0x00000000                __bl_RAM_NS_START = ! (DEFINED (FLASH_BOOTLOADER_LENGTH))?0x0:(FLASH_APPLICATION_NS_LENGTH == 0x0)?(RAM_START + RAM_LENGTH):((RAM_START + RAM_LENGTH) - RAM_APPLICATION_NS_LENGTH)
                0x00000000                __bl_RAM_NSC_START = ! (DEFINED (FLASH_BOOTLOADER_LENGTH))?0x0:(FLASH_APPLICATION_NS_LENGTH == 0x0)?(RAM_START + RAM_LENGTH):(__bl_RAM_NS_START - RAM_APPLICATION_NSC_LENGTH)
                0x00000000                __bl_FLASH_NS_IMAGE_START = ! (DEFINED (FLASH_BOOTLOADER_LENGTH))?0x0:(FLASH_APPLICATION_NS_LENGTH == 0x0)?__bl_FLASH_IMAGE_END:(__bl_FLASH_NS_START + FLASH_BOOTLOADER_HEADER_LENGTH_2)
                0x00000000                __bln_FLASH_IMAGE_START = __bl_FLASH_NS_IMAGE_START
                0x00000000                __bln_FLASH_IMAGE_LENGTH = ! (DEFINED (FLASH_BOOTLOADER_LENGTH))?0x0:(FLASH_APPLICATION_NS_LENGTH == 0x0)?__bl_FLASH_IMAGE_END:(FLASH_APPLICATION_NS_LENGTH - FLASH_BOOTLOADER_HEADER_LENGTH_2)
                0x00000000                FLASH_ORIGIN = DEFINED (FLASH_IMAGE_START)?FLASH_IMAGE_START:FLASH_START
                0x00100000                LIMITED_FLASH_LENGTH = DEFINED (FLASH_IMAGE_LENGTH)?FLASH_IMAGE_LENGTH:DEFINED (FLASH_BOOTLOADER_LENGTH)?FLASH_BOOTLOADER_LENGTH:FLASH_LENGTH
START GROUP
LOAD g:/rt-threadstudio/repo/extract/toolchain_support_packages/arm/gnu_tools_for_arm_embedded_processors/10.2.1/bin/../lib/gcc/arm-none-eabi/10.2.1/thumb/v8-m.main+fp/hard\libgcc.a
LOAD g:/rt-threadstudio/repo/extract/toolchain_support_packages/arm/gnu_tools_for_arm_embedded_processors/10.2.1/bin/../lib/gcc/arm-none-eabi/10.2.1/../../../../arm-none-eabi/lib/thumb/v8-m.main+fp/hard\libc.a
LOAD g:/rt-threadstudio/repo/extract/toolchain_support_packages/arm/gnu_tools_for_arm_embedded_processors/10.2.1/bin/../lib/gcc/arm-none-eabi/10.2.1/../../../../arm-none-eabi/lib/thumb/v8-m.main+fp/hard\libm.a
LOAD g:/rt-threadstudio/repo/extract/toolchain_support_packages/arm/gnu_tools_for_arm_embedded_processors/10.2.1/bin/../lib/gcc/arm-none-eabi/10.2.1/../../../../arm-none-eabi/lib/thumb/v8-m.main+fp/hard\libnosys.a
END GROUP

.text           0x00000000    0x15d18
                0x00000000                __tz_FLASH_S = ABSOLUTE (FLASH_START)
                0x00000000                __ROM_Start = .
 *(.fixed_vectors*)
 .fixed_vectors
                0x00000000       0x40 ./ra/fsp/src/bsp/cmsis/Device/RENESAS/Source/startup.o
                0x00000000                __Vectors
 *(.application_vectors*)
 .application_vectors
                0x00000040      0x180 ./ra_gen/vector_data.o
                0x00000040                g_vector_table
                0x000001c0                __Vectors_End = .
                0x000001c0                . = (OPTION_SETTING_LENGTH > 0x0)?.:(__ROM_Start + 0x400)
 *(.rom_registers*)
                0x000001c0                . = (OPTION_SETTING_LENGTH > 0x0)?.:(__ROM_Start + 0x500)
                0x00000200                . = ALIGN (0x80)
 *fill*         0x000001c0       0x40 ff
 *(.mcuboot_sce9_key*)
 *(.text*)
 .text          0x00000200       0x40 g:/rt-threadstudio/repo/extract/toolchain_support_packages/arm/gnu_tools_for_arm_embedded_processors/10.2.1/bin/../lib/gcc/arm-none-eabi/10.2.1/thumb/v8-m.main+fp/hard/crtbegin.o
 .text.car_init
                0x00000240       0xe0 ./src/controller.o
                0x00000240                car_init
 .text.car_start
                0x00000320       0x60 ./src/controller.o
                0x00000320                car_start
 .text.car_stop
                0x00000380       0x60 ./src/controller.o
                0x00000380                car_stop
 .text.car_left
                0x000003e0       0x88 ./src/controller.o
                0x000003e0                car_left
 .text.car_right
                0x00000468       0x88 ./src/controller.o
                0x00000468                car_right
 .text.car_turn
                0x000004f0       0x94 ./src/controller.o
                0x000004f0                car_turn
 .text.hal_entry
                0x00000584       0x20 ./src/hal_entry.o
                0x00000584                hal_entry
 .text.irq_callback_test
                0x000005a4       0x1c ./src/hal_entry.o
                0x000005a4                irq_callback_test
 .text.icu_sample
                0x000005c0       0x68 ./src/hal_entry.o
                0x000005c0                icu_sample
 .text.my_pwm_init
                0x00000628       0xc0 ./src/my_pwm.o
                0x00000628                my_pwm_init
 .text.my_pwm_ex_set_pulse
                0x000006e8      0x114 ./src/my_pwm.o
                0x000006e8                my_pwm_ex_set_pulse
 .text.my_pwm_set_pulse
                0x000007fc       0x44 ./src/my_pwm.o
                0x000007fc                my_pwm_set_pulse
 .text.pid_thread_entry
                0x00000840       0x44 ./src/pid.o
                0x00000840                pid_thread_entry
 .text.pid_init
                0x00000884       0x5c ./src/pid.o
                0x00000884                pid_init
 .text.pwm_limit
                0x000008e0       0x54 ./src/pid.o
                0x000008e0                pwm_limit
 .text.pwm_abs  0x00000934       0xd8 ./src/pid.o
                0x00000934                pwm_abs
 .text.pid_compute
                0x00000a0c      0x154 ./src/pid.o
                0x00000a0c                pid_compute
 .text.pid_set  0x00000b60       0xd0 ./src/pid.o
                0x00000b60                pid_set
 .text.uart0_cbk
                0x00000c30       0x38 ./src/uart0_t.o
                0x00000c30                uart0_cbk
 .text.uart0_read_thread_entry
                0x00000c68       0xa4 ./src/uart0_t.o
                0x00000c68                uart0_read_thread_entry
 .text.uart0_dispose_thread_entry
                0x00000d0c       0xc8 ./src/uart0_t.o
                0x00000d0c                uart0_dispose_thread_entry
 .text.uart0_init
                0x00000dd4      0x134 ./src/uart0_t.o
                0x00000dd4                uart0_init
 .text.rt_tick_get
                0x00000f08       0x18 ./rt-thread/src/clock.o
                0x00000f08                rt_tick_get
 .text.rt_tick_increase
                0x00000f20       0x7c ./rt-thread/src/clock.o
                0x00000f20                rt_tick_increase
 .text.rt_tick_from_millisecond
                0x00000f9c       0x78 ./rt-thread/src/clock.o
                0x00000f9c                rt_tick_from_millisecond
 .text.rti_start
                0x00001014       0x10 ./rt-thread/src/components.o
 .text.rti_board_start
                0x00001024       0x10 ./rt-thread/src/components.o
 .text.rti_board_end
                0x00001034       0x10 ./rt-thread/src/components.o
 .text.rti_end  0x00001044       0x10 ./rt-thread/src/components.o
 .text.rt_components_board_init
                0x00001054       0x34 ./rt-thread/src/components.o
                0x00001054                rt_components_board_init
 .text.rt_components_init
                0x00001088       0x34 ./rt-thread/src/components.o
                0x00001088                rt_components_init
 .text.entry    0x000010bc        0xe ./rt-thread/src/components.o
                0x000010bc                entry
 .text.main_thread_entry
                0x000010ca       0x18 ./rt-thread/src/components.o
                0x000010ca                main_thread_entry
 *fill*         0x000010e2        0x2 ff
 .text.rt_application_init
                0x000010e4       0x4c ./rt-thread/src/components.o
                0x000010e4                rt_application_init
 .text.rtthread_startup
                0x00001130       0x2e ./rt-thread/src/components.o
                0x00001130                rtthread_startup
 .text.rt_device_register
                0x0000115e       0x54 ./rt-thread/src/device.o
                0x0000115e                rt_device_register
 .text.rt_device_find
                0x000011b2       0x1a ./rt-thread/src/device.o
                0x000011b2                rt_device_find
 .text.rt_device_open
                0x000011cc      0x108 ./rt-thread/src/device.o
                0x000011cc                rt_device_open
 .text.rt_device_close
                0x000012d4       0x9c ./rt-thread/src/device.o
                0x000012d4                rt_device_close
 .text.rt_device_read
                0x00001370       0x88 ./rt-thread/src/device.o
                0x00001370                rt_device_read
 .text.rt_device_write
                0x000013f8       0x88 ./rt-thread/src/device.o
                0x000013f8                rt_device_write
 .text.rt_device_control
                0x00001480       0x68 ./rt-thread/src/device.o
                0x00001480                rt_device_control
 .text.rt_device_set_rx_indicate
                0x000014e8       0x54 ./rt-thread/src/device.o
                0x000014e8                rt_device_set_rx_indicate
 .text.rt_list_insert_after
                0x0000153c       0x32 ./rt-thread/src/idle.o
 .text.rt_list_remove
                0x0000156e       0x36 ./rt-thread/src/idle.o
 .text.rt_thread_defunct_enqueue
                0x000015a4       0x20 ./rt-thread/src/idle.o
                0x000015a4                rt_thread_defunct_enqueue
 .text.rt_thread_defunct_dequeue
                0x000015c4       0x44 ./rt-thread/src/idle.o
                0x000015c4                rt_thread_defunct_dequeue
 .text.rt_defunct_execute
                0x00001608       0x54 ./rt-thread/src/idle.o
 .text.rt_thread_idle_entry
                0x0000165c       0x38 ./rt-thread/src/idle.o
 .text.rt_thread_idle_init
                0x00001694       0x78 ./rt-thread/src/idle.o
                0x00001694                rt_thread_idle_init
 .text.rt_list_init
                0x0000170c       0x22 ./rt-thread/src/ipc.o
 .text.rt_list_insert_before
                0x0000172e       0x32 ./rt-thread/src/ipc.o
 .text.rt_list_isempty
                0x00001760       0x24 ./rt-thread/src/ipc.o
 .text._ipc_object_init
                0x00001784       0x1c ./rt-thread/src/ipc.o
 .text._ipc_list_suspend
                0x000017a0       0xa4 ./rt-thread/src/ipc.o
 .text._ipc_list_resume
                0x00001844       0x20 ./rt-thread/src/ipc.o
 .text.rt_sem_init
                0x00001864       0x88 ./rt-thread/src/ipc.o
                0x00001864                rt_sem_init
 .text.rt_sem_create
                0x000018ec       0xac ./rt-thread/src/ipc.o
                0x000018ec                rt_sem_create
 .text.rt_sem_take
                0x00001998      0x190 ./rt-thread/src/ipc.o
                0x00001998                rt_sem_take
 .text.rt_sem_release
                0x00001b28       0xbc ./rt-thread/src/ipc.o
                0x00001b28                rt_sem_release
 .text.rt_mutex_init
                0x00001be4       0x64 ./rt-thread/src/ipc.o
                0x00001be4                rt_mutex_init
 .text.rt_mutex_create
                0x00001c48       0x88 ./rt-thread/src/ipc.o
                0x00001c48                rt_mutex_create
 .text.rt_mutex_take
                0x00001cd0      0x21c ./rt-thread/src/ipc.o
                0x00001cd0                rt_mutex_take
 .text.rt_mutex_release
                0x00001eec      0x1bc ./rt-thread/src/ipc.o
                0x00001eec                rt_mutex_release
 .text.rt_interrupt_enter
                0x000020a8       0x40 ./rt-thread/src/irq.o
                0x000020a8                rt_interrupt_enter
 .text.rt_interrupt_leave
                0x000020e8       0x40 ./rt-thread/src/irq.o
                0x000020e8                rt_interrupt_leave
 .text.rt_interrupt_get_nest
                0x00002128       0x28 ./rt-thread/src/irq.o
                0x00002128                rt_interrupt_get_nest
 .text.rt_set_errno
                0x00002150       0x40 ./rt-thread/src/kservice.o
                0x00002150                rt_set_errno
 .text._rt_errno
                0x00002190       0x34 ./rt-thread/src/kservice.o
                0x00002190                _rt_errno
 .text.rt_memset
                0x000021c4       0xb6 ./rt-thread/src/kservice.o
                0x000021c4                rt_memset
 .text.rt_memcpy
                0x0000227a       0xd2 ./rt-thread/src/kservice.o
                0x0000227a                rt_memcpy
 .text.rt_memmove
                0x0000234c       0x82 ./rt-thread/src/kservice.o
                0x0000234c                rt_memmove
 .text.rt_strncpy
                0x000023ce       0x64 ./rt-thread/src/kservice.o
                0x000023ce                rt_strncpy
 .text.rt_strncmp
                0x00002432       0x4a ./rt-thread/src/kservice.o
                0x00002432                rt_strncmp
 .text.rt_strlen
                0x0000247c       0x2e ./rt-thread/src/kservice.o
                0x0000247c                rt_strlen
 *fill*         0x000024aa        0x2 ff
 .text.rt_show_version
                0x000024ac       0x4c ./rt-thread/src/kservice.o
                0x000024ac                rt_show_version
 .text.rt_vsprintf
                0x000024f8       0x24 ./rt-thread/src/kservice.o
                0x000024f8                rt_vsprintf
 .text.rt_sprintf
                0x0000251c       0x2c ./rt-thread/src/kservice.o
                0x0000251c                rt_sprintf
 .text.rt_console_get_device
                0x00002548       0x18 ./rt-thread/src/kservice.o
                0x00002548                rt_console_get_device
 .text.rt_console_set_device
                0x00002560       0x58 ./rt-thread/src/kservice.o
                0x00002560                rt_console_set_device
 .text.rt_hw_console_output
                0x000025b8       0x14 ./rt-thread/src/kservice.o
                0x000025b8                rt_hw_console_output
 .text.rt_kputs
                0x000025cc       0x44 ./rt-thread/src/kservice.o
                0x000025cc                rt_kputs
 .text.rt_kprintf
                0x00002610       0x64 ./rt-thread/src/kservice.o
                0x00002610                rt_kprintf
 .text._heap_lock_init
                0x00002674       0x1c ./rt-thread/src/kservice.o
 .text._heap_lock
                0x00002690       0x28 ./rt-thread/src/kservice.o
 .text._heap_unlock
                0x000026b8       0x40 ./rt-thread/src/kservice.o
 .text._smem_info
                0x000026f8       0x4c ./rt-thread/src/kservice.o
 .text.rt_system_heap_init
                0x00002744       0x64 ./rt-thread/src/kservice.o
                0x00002744                rt_system_heap_init
 .text.rt_malloc
                0x000027a8       0x48 ./rt-thread/src/kservice.o
                0x000027a8                rt_malloc
 .text.rt_calloc
                0x000027f0       0x3c ./rt-thread/src/kservice.o
                0x000027f0                rt_calloc
 .text.rt_free  0x0000282c       0x38 ./rt-thread/src/kservice.o
                0x0000282c                rt_free
 .text.rt_memory_info
                0x00002864       0x2a ./rt-thread/src/kservice.o
                0x00002864                rt_memory_info
 *fill*         0x0000288e        0x2 ff
 .text.rt_assert_handler
                0x00002890       0x4c ./rt-thread/src/kservice.o
                0x00002890                rt_assert_handler
 .text.plug_holes
                0x000028dc       0xf8 ./rt-thread/src/mem.o
 .text.rt_smem_init
                0x000029d4      0x104 ./rt-thread/src/mem.o
                0x000029d4                rt_smem_init
 .text.rt_smem_alloc
                0x00002ad8      0x268 ./rt-thread/src/mem.o
                0x00002ad8                rt_smem_alloc
 .text.rt_smem_free
                0x00002d40      0x140 ./rt-thread/src/mem.o
                0x00002d40                rt_smem_free
 .text.rt_list_insert_after
                0x00002e80       0x32 ./rt-thread/src/object.o
 .text.rt_list_remove
                0x00002eb2       0x36 ./rt-thread/src/object.o
 .text.rt_object_get_information
                0x00002ee8       0x48 ./rt-thread/src/object.o
                0x00002ee8                rt_object_get_information
 .text.rt_object_init
                0x00002f30       0xcc ./rt-thread/src/object.o
                0x00002f30                rt_object_init
 .text.rt_object_detach
                0x00002ffc       0x5c ./rt-thread/src/object.o
                0x00002ffc                rt_object_detach
 .text.rt_object_allocate
                0x00003058       0xd8 ./rt-thread/src/object.o
                0x00003058                rt_object_allocate
 .text.rt_object_delete
                0x00003130       0x7c ./rt-thread/src/object.o
                0x00003130                rt_object_delete
 .text.rt_object_is_systemobject
                0x000031ac       0x3c ./rt-thread/src/object.o
                0x000031ac                rt_object_is_systemobject
 .text.rt_object_get_type
                0x000031e8       0x34 ./rt-thread/src/object.o
                0x000031e8                rt_object_get_type
 .text.rt_object_find
                0x0000321c       0xb4 ./rt-thread/src/object.o
                0x0000321c                rt_object_find
 .text.rt_list_init
                0x000032d0       0x22 ./rt-thread/src/scheduler.o
 .text.rt_list_insert_before
                0x000032f2       0x32 ./rt-thread/src/scheduler.o
 .text.rt_list_remove
                0x00003324       0x36 ./rt-thread/src/scheduler.o
 .text.rt_list_isempty
                0x0000335a       0x24 ./rt-thread/src/scheduler.o
 *fill*         0x0000337e        0x2 ff
 .text._rt_scheduler_stack_check
                0x00003380       0x94 ./rt-thread/src/scheduler.o
 .text._scheduler_get_highest_priority_thread
                0x00003414       0x38 ./rt-thread/src/scheduler.o
 .text.rt_system_scheduler_init
                0x0000344c       0x38 ./rt-thread/src/scheduler.o
                0x0000344c                rt_system_scheduler_init
 .text.rt_system_scheduler_start
                0x00003484       0x38 ./rt-thread/src/scheduler.o
                0x00003484                rt_system_scheduler_start
 .text.rt_schedule
                0x000034bc      0x19c ./rt-thread/src/scheduler.o
                0x000034bc                rt_schedule
 .text.rt_schedule_insert_thread
                0x00003658       0xac ./rt-thread/src/scheduler.o
                0x00003658                rt_schedule_insert_thread
 .text.rt_schedule_remove_thread
                0x00003704       0x70 ./rt-thread/src/scheduler.o
                0x00003704                rt_schedule_remove_thread
 .text.rt_enter_critical
                0x00003774       0x2c ./rt-thread/src/scheduler.o
                0x00003774                rt_enter_critical
 .text.rt_exit_critical
                0x000037a0       0x54 ./rt-thread/src/scheduler.o
                0x000037a0                rt_exit_critical
 .text.rt_critical_level
                0x000037f4       0x1c ./rt-thread/src/scheduler.o
                0x000037f4                rt_critical_level
 .text.rt_list_init
                0x00003810       0x22 ./rt-thread/src/thread.o
 .text.rt_list_remove
                0x00003832       0x36 ./rt-thread/src/thread.o
 .text._thread_exit
                0x00003868       0x42 ./rt-thread/src/thread.o
 *fill*         0x000038aa        0x2 ff
 .text._thread_timeout
                0x000038ac       0x8c ./rt-thread/src/thread.o
 .text._thread_init
                0x00003938       0xfc ./rt-thread/src/thread.o
 .text.rt_thread_init
                0x00003a34       0x70 ./rt-thread/src/thread.o
                0x00003a34                rt_thread_init
 .text.rt_thread_self
                0x00003aa4       0x18 ./rt-thread/src/thread.o
                0x00003aa4                rt_thread_self
 .text.rt_thread_startup
                0x00003abc       0x94 ./rt-thread/src/thread.o
                0x00003abc                rt_thread_startup
 .text.rt_thread_detach
                0x00003b50       0xb0 ./rt-thread/src/thread.o
                0x00003b50                rt_thread_detach
 .text.rt_thread_create
                0x00003c00       0x62 ./rt-thread/src/thread.o
                0x00003c00                rt_thread_create
 *fill*         0x00003c62        0x2 ff
 .text.rt_thread_delete
                0x00003c64       0xb0 ./rt-thread/src/thread.o
                0x00003c64                rt_thread_delete
 .text.rt_thread_sleep
                0x00003d14       0x94 ./rt-thread/src/thread.o
                0x00003d14                rt_thread_sleep
 .text.rt_thread_delay
                0x00003da8       0x18 ./rt-thread/src/thread.o
                0x00003da8                rt_thread_delay
 .text.rt_thread_mdelay
                0x00003dc0       0x20 ./rt-thread/src/thread.o
                0x00003dc0                rt_thread_mdelay
 .text.rt_thread_control
                0x00003de0       0xfc ./rt-thread/src/thread.o
                0x00003de0                rt_thread_control
 .text.rt_thread_suspend
                0x00003edc       0xc8 ./rt-thread/src/thread.o
                0x00003edc                rt_thread_suspend
 .text.rt_thread_resume
                0x00003fa4       0x98 ./rt-thread/src/thread.o
                0x00003fa4                rt_thread_resume
 .text.rt_list_init
                0x0000403c       0x22 ./rt-thread/src/timer.o
 .text.rt_list_insert_after
                0x0000405e       0x32 ./rt-thread/src/timer.o
 .text.rt_list_remove
                0x00004090       0x36 ./rt-thread/src/timer.o
 .text.rt_list_isempty
                0x000040c6       0x24 ./rt-thread/src/timer.o
 .text._timer_init
                0x000040ea       0x6a ./rt-thread/src/timer.o
 .text._timer_list_next_timeout
                0x00004154       0x48 ./rt-thread/src/timer.o
 .text._timer_remove
                0x0000419c       0x36 ./rt-thread/src/timer.o
 *fill*         0x000041d2        0x2 ff
 .text.rt_timer_init
                0x000041d4       0x7c ./rt-thread/src/timer.o
                0x000041d4                rt_timer_init
 .text.rt_timer_detach
                0x00004250       0x90 ./rt-thread/src/timer.o
                0x00004250                rt_timer_detach
 .text.rt_timer_start
                0x000042e0      0x224 ./rt-thread/src/timer.o
                0x000042e0                rt_timer_start
 .text.rt_timer_stop
                0x00004504       0x94 ./rt-thread/src/timer.o
                0x00004504                rt_timer_stop
 .text.rt_timer_control
                0x00004598       0xf8 ./rt-thread/src/timer.o
                0x00004598                rt_timer_control
 .text.rt_timer_check
                0x00004690      0x108 ./rt-thread/src/timer.o
                0x00004690                rt_timer_check
 .text.rt_soft_timer_check
                0x00004798      0x11c ./rt-thread/src/timer.o
                0x00004798                rt_soft_timer_check
 .text._timer_thread_entry
                0x000048b4       0x5c ./rt-thread/src/timer.o
 .text.rt_system_timer_init
                0x00004910       0x34 ./rt-thread/src/timer.o
                0x00004910                rt_system_timer_init
 .text.rt_system_timer_thread_init
                0x00004944       0x68 ./rt-thread/src/timer.o
                0x00004944                rt_system_timer_thread_init
 .text          0x000049ac      0x13c ./rt-thread/libcpu/arm/cortex-m4/context_gcc.o
                0x000049ac                rt_hw_interrupt_disable
                0x000049b4                rt_hw_interrupt_enable
                0x000049ba                rt_hw_context_switch_interrupt
                0x000049ba                rt_hw_context_switch
                0x000049da                PendSV_Handler
                0x00004a46                rt_hw_context_switch_to
                0x00004a8c                rt_hw_interrupt_thread_switch
                0x00004a90                HardFault_Handler
 .text.rt_hw_stack_init
                0x00004ae8       0x90 ./rt-thread/libcpu/arm/cortex-m4/cpuport.o
                0x00004ae8                rt_hw_stack_init
 .text.usage_fault_track
                0x00004b78       0xc4 ./rt-thread/libcpu/arm/cortex-m4/cpuport.o
 .text.bus_fault_track
                0x00004c3c       0xcc ./rt-thread/libcpu/arm/cortex-m4/cpuport.o
 .text.mem_manage_fault_track
                0x00004d08       0xb4 ./rt-thread/libcpu/arm/cortex-m4/cpuport.o
 .text.hard_fault_track
                0x00004dbc       0x78 ./rt-thread/libcpu/arm/cortex-m4/cpuport.o
 .text.rt_hw_hard_fault_exception
                0x00004e34      0x184 ./rt-thread/libcpu/arm/cortex-m4/cpuport.o
                0x00004e34                rt_hw_hard_fault_exception
 .text.__rt_ffs
                0x00004fb8       0x2a ./rt-thread/libcpu/arm/cortex-m4/cpuport.o
                0x00004fb8                __rt_ffs
 .text.ulog_console_backend_output
                0x00004fe2       0x50 ./rt-thread/components/utilities/ulog/backend/console_be.o
                0x00004fe2                ulog_console_backend_output
 *fill*         0x00005032        0x2 ff
 .text.ulog_console_backend_init
                0x00005034       0x2c ./rt-thread/components/utilities/ulog/backend/console_be.o
                0x00005034                ulog_console_backend_init
 .text.rt_slist_init
                0x00005060       0x1a ./rt-thread/components/utilities/ulog/ulog.o
 .text.rt_slist_append
                0x0000507a       0x36 ./rt-thread/components/utilities/ulog/ulog.o
 .text.rt_slist_first
                0x000050b0       0x18 ./rt-thread/components/utilities/ulog/ulog.o
 .text.rt_slist_next
                0x000050c8       0x18 ./rt-thread/components/utilities/ulog/ulog.o
 .text.ulog_strcpy
                0x000050e0       0x74 ./rt-thread/components/utilities/ulog/ulog.o
                0x000050e0                ulog_strcpy
 .text.ulog_ultoa
                0x00005154       0xb0 ./rt-thread/components/utilities/ulog/ulog.o
                0x00005154                ulog_ultoa
 .text.output_unlock
                0x00005204       0x34 ./rt-thread/components/utilities/ulog/ulog.o
 .text.output_lock
                0x00005238       0x38 ./rt-thread/components/utilities/ulog/ulog.o
 .text.get_log_buf
                0x00005270       0x28 ./rt-thread/components/utilities/ulog/ulog.o
 .text.ulog_formater
                0x00005298      0x2e8 ./rt-thread/components/utilities/ulog/ulog.o
                0x00005298                ulog_formater
 .text.ulog_output_to_all_backend
                0x00005580      0x124 ./rt-thread/components/utilities/ulog/ulog.o
                0x00005580                ulog_output_to_all_backend
 .text.do_output
                0x000056a4       0x46 ./rt-thread/components/utilities/ulog/ulog.o
 *fill*         0x000056ea        0x2 ff
 .text.ulog_voutput
                0x000056ec       0xdc ./rt-thread/components/utilities/ulog/ulog.o
                0x000056ec                ulog_voutput
 .text.ulog_output
                0x000057c8       0x32 ./rt-thread/components/utilities/ulog/ulog.o
                0x000057c8                ulog_output
 *fill*         0x000057fa        0x2 ff
 .text.ulog_backend_register
                0x000057fc       0xc0 ./rt-thread/components/utilities/ulog/ulog.o
                0x000057fc                ulog_backend_register
 .text.ulog_init
                0x000058bc       0x44 ./rt-thread/components/utilities/ulog/ulog.o
                0x000058bc                ulog_init
 .text._calloc_r
                0x00005900       0x2c ./rt-thread/components/libc/compilers/newlib/syscalls.o
                0x00005900                _calloc_r
 .text.__errno  0x0000592c        0xe ./rt-thread/components/libc/compilers/newlib/syscalls.o
                0x0000592c                __errno
 .text.rt_list_isempty
                0x0000593a       0x24 ./rt-thread/components/finsh/cmd.o
 .text.rt_list_len
                0x0000595e       0x36 ./rt-thread/components/finsh/cmd.o
 .text.clear    0x00005994       0x14 ./rt-thread/components/finsh/cmd.o
 .text.version  0x000059a8        0xe ./rt-thread/components/finsh/cmd.o
                0x000059a8                version
 *fill*         0x000059b6        0x2 ff
 .text.object_split
                0x000059b8       0x28 ./rt-thread/components/finsh/cmd.o
 .text.list_find_init
                0x000059e0       0x46 ./rt-thread/components/finsh/cmd.o
 .text.list_get_next
                0x00005a26       0xc6 ./rt-thread/components/finsh/cmd.o
 .text.list_thread
                0x00005aec      0x208 ./rt-thread/components/finsh/cmd.o
                0x00005aec                list_thread
 .text.show_wait_queue
                0x00005cf4       0x54 ./rt-thread/components/finsh/cmd.o
 .text.list_sem
                0x00005d48      0x12c ./rt-thread/components/finsh/cmd.o
                0x00005d48                list_sem
 .text.list_event
                0x00005e74      0x118 ./rt-thread/components/finsh/cmd.o
                0x00005e74                list_event
 .text.list_mutex
                0x00005f8c       0xe8 ./rt-thread/components/finsh/cmd.o
                0x00005f8c                list_mutex
 .text.list_mailbox
                0x00006074      0x13c ./rt-thread/components/finsh/cmd.o
                0x00006074                list_mailbox
 .text.list_msgqueue
                0x000061b0      0x12c ./rt-thread/components/finsh/cmd.o
                0x000061b0                list_msgqueue
 .text.list_timer
                0x000062dc      0x128 ./rt-thread/components/finsh/cmd.o
                0x000062dc                list_timer
 .text.list_device
                0x00006404       0xf0 ./rt-thread/components/finsh/cmd.o
                0x00006404                list_device
 .text.msh_help
                0x000064f4       0x5c ./rt-thread/components/finsh/msh.o
                0x000064f4                msh_help
 .text.cmd_ps   0x00006550       0x18 ./rt-thread/components/finsh/msh.o
                0x00006550                cmd_ps
 .text.cmd_free
                0x00006568       0x5c ./rt-thread/components/finsh/msh.o
                0x00006568                cmd_free
 .text.msh_split
                0x000065c4      0x170 ./rt-thread/components/finsh/msh.o
 .text.msh_get_cmd
                0x00006734       0x64 ./rt-thread/components/finsh/msh.o
 .text._msh_exec_cmd
                0x00006798       0xd4 ./rt-thread/components/finsh/msh.o
 .text.msh_exec
                0x0000686c       0x8c ./rt-thread/components/finsh/msh.o
                0x0000686c                msh_exec
 .text.str_common
                0x000068f8       0x4a ./rt-thread/components/finsh/msh.o
 *fill*         0x00006942        0x2 ff
 .text.msh_auto_complete
                0x00006944       0xb0 ./rt-thread/components/finsh/msh.o
                0x00006944                msh_auto_complete
 .text.finsh_get_prompt
                0x000069f4       0x7c ./rt-thread/components/finsh/shell.o
                0x000069f4                finsh_get_prompt
 .text.finsh_set_prompt_mode
                0x00006a70       0x48 ./rt-thread/components/finsh/shell.o
                0x00006a70                finsh_set_prompt_mode
 .text.finsh_getchar
                0x00006ab8       0x90 ./rt-thread/components/finsh/shell.o
                0x00006ab8                finsh_getchar
 .text.finsh_rx_ind
                0x00006b48       0x3c ./rt-thread/components/finsh/shell.o
 .text.finsh_set_device
                0x00006b84       0xd8 ./rt-thread/components/finsh/shell.o
                0x00006b84                finsh_set_device
 .text.shell_auto_complete
                0x00006c5c       0x34 ./rt-thread/components/finsh/shell.o
 .text.shell_handle_history
                0x00006c90       0x34 ./rt-thread/components/finsh/shell.o
 .text.shell_push_history
                0x00006cc4      0x15e ./rt-thread/components/finsh/shell.o
 *fill*         0x00006e22        0x2 ff
 .text.finsh_thread_entry
                0x00006e24      0x5cc ./rt-thread/components/finsh/shell.o
                0x00006e24                finsh_thread_entry
 .text.finsh_system_function_init
                0x000073f0       0x2c ./rt-thread/components/finsh/shell.o
                0x000073f0                finsh_system_function_init
 .text.finsh_system_init
                0x0000741c       0x9c ./rt-thread/components/finsh/shell.o
                0x0000741c                finsh_system_init
 .text.rt_serial_get_linear_buffer
                0x000074b8       0x8c ./rt-thread/components/drivers/serial/serial_v2.o
 .text.rt_serial_update_read_index
                0x00007544       0xcc ./rt-thread/components/drivers/serial/serial_v2.o
 .text.rt_serial_update_write_index
                0x00007610       0xe8 ./rt-thread/components/drivers/serial/serial_v2.o
 .text._serial_poll_rx
                0x000076f8       0xa4 ./rt-thread/components/drivers/serial/serial_v2.o
                0x000076f8                _serial_poll_rx
 .text._serial_poll_tx
                0x0000779c       0x9c ./rt-thread/components/drivers/serial/serial_v2.o
                0x0000779c                _serial_poll_tx
 .text._serial_fifo_rx
                0x00007838       0xf0 ./rt-thread/components/drivers/serial/serial_v2.o
 .text._serial_fifo_tx_blocking_nbuf
                0x00007928       0xb0 ./rt-thread/components/drivers/serial/serial_v2.o
 .text._serial_fifo_tx_blocking_buf
                0x000079d8      0x118 ./rt-thread/components/drivers/serial/serial_v2.o
 .text._serial_fifo_tx_nonblocking
                0x00007af0       0xd4 ./rt-thread/components/drivers/serial/serial_v2.o
 .text.rt_serial_tx_enable
                0x00007bc4      0x1dc ./rt-thread/components/drivers/serial/serial_v2.o
 .text.rt_serial_rx_enable
                0x00007da0      0x150 ./rt-thread/components/drivers/serial/serial_v2.o
 .text.rt_serial_rx_disable
                0x00007ef0       0xb4 ./rt-thread/components/drivers/serial/serial_v2.o
 .text.rt_serial_tx_disable
                0x00007fa4       0xc0 ./rt-thread/components/drivers/serial/serial_v2.o
 .text.rt_serial_init
                0x00008064       0x5c ./rt-thread/components/drivers/serial/serial_v2.o
 .text.rt_serial_open
                0x000080c0       0xf4 ./rt-thread/components/drivers/serial/serial_v2.o
 .text.rt_serial_close
                0x000081b4       0x90 ./rt-thread/components/drivers/serial/serial_v2.o
 .text.rt_serial_control
                0x00008244       0xb8 ./rt-thread/components/drivers/serial/serial_v2.o
 .text.rt_hw_serial_register
                0x000082fc       0x94 ./rt-thread/components/drivers/serial/serial_v2.o
                0x000082fc                rt_hw_serial_register
 .text.rt_hw_serial_isr
                0x00008390      0x210 ./rt-thread/components/drivers/serial/serial_v2.o
                0x00008390                rt_hw_serial_isr
 .text._pin_read
                0x000085a0       0x60 ./rt-thread/components/drivers/misc/pin.o
 .text._pin_write
                0x00008600       0x5c ./rt-thread/components/drivers/misc/pin.o
 .text._pin_control
                0x0000865c       0x58 ./rt-thread/components/drivers/misc/pin.o
 .text.rt_device_pin_register
                0x000086b4       0x74 ./rt-thread/components/drivers/misc/pin.o
                0x000086b4                rt_device_pin_register
 .text.rt_pin_attach_irq
                0x00008728       0x5c ./rt-thread/components/drivers/misc/pin.o
                0x00008728                rt_pin_attach_irq
 .text.rt_pin_irq_enable
                0x00008784       0x50 ./rt-thread/components/drivers/misc/pin.o
                0x00008784                rt_pin_irq_enable
 .text.rt_pin_mode
                0x000087d4       0x40 ./rt-thread/components/drivers/misc/pin.o
                0x000087d4                rt_pin_mode
 .text.rt_pin_write
                0x00008814       0x40 ./rt-thread/components/drivers/misc/pin.o
                0x00008814                rt_pin_write
 .text.rt_pin_get
                0x00008854       0x60 ./rt-thread/components/drivers/misc/pin.o
                0x00008854                rt_pin_get
 .text._pwm_control
                0x000088b4       0x38 ./rt-thread/components/drivers/misc/rt_drv_pwm.o
 .text._pwm_read
                0x000088ec       0x62 ./rt-thread/components/drivers/misc/rt_drv_pwm.o
 .text._pwm_write
                0x0000894e       0x7e ./rt-thread/components/drivers/misc/rt_drv_pwm.o
 .text.rt_device_pwm_register
                0x000089cc       0x78 ./rt-thread/components/drivers/misc/rt_drv_pwm.o
                0x000089cc                rt_device_pwm_register
 .text.rt_pwm_enable
                0x00008a44       0x5a ./rt-thread/components/drivers/misc/rt_drv_pwm.o
                0x00008a44                rt_pwm_enable
 .text.rt_pwm_disable
                0x00008a9e       0x5a ./rt-thread/components/drivers/misc/rt_drv_pwm.o
                0x00008a9e                rt_pwm_disable
 .text.rt_pwm_set
                0x00008af8       0x52 ./rt-thread/components/drivers/misc/rt_drv_pwm.o
                0x00008af8                rt_pwm_set
 .text.rt_pwm_get
                0x00008b4a       0x32 ./rt-thread/components/drivers/misc/rt_drv_pwm.o
                0x00008b4a                rt_pwm_get
 .text.pwm_enable
                0x00008b7c       0x74 ./rt-thread/components/drivers/misc/rt_drv_pwm.o
 .text.pwm_disable
                0x00008bf0       0x74 ./rt-thread/components/drivers/misc/rt_drv_pwm.o
 .text.pwm_set  0x00008c64       0x94 ./rt-thread/components/drivers/misc/rt_drv_pwm.o
 .text.pwm_get  0x00008cf8      0x120 ./rt-thread/components/drivers/misc/rt_drv_pwm.o
 .text.rt_list_init
                0x00008e18       0x22 ./rt-thread/components/drivers/ipc/completion.o
 .text.rt_list_insert_before
                0x00008e3a       0x32 ./rt-thread/components/drivers/ipc/completion.o
 .text.rt_list_isempty
                0x00008e6c       0x24 ./rt-thread/components/drivers/ipc/completion.o
 .text.rt_completion_init
                0x00008e90       0x44 ./rt-thread/components/drivers/ipc/completion.o
                0x00008e90                rt_completion_init
 .text.rt_completion_wait
                0x00008ed4      0x15c ./rt-thread/components/drivers/ipc/completion.o
                0x00008ed4                rt_completion_wait
 .text.rt_completion_done
                0x00009030       0x70 ./rt-thread/components/drivers/ipc/completion.o
                0x00009030                rt_completion_done
 .text.rt_ringbuffer_status
                0x000090a0       0x4e ./rt-thread/components/drivers/ipc/ringbuffer.o
 *fill*         0x000090ee        0x2 ff
 .text.rt_ringbuffer_init
                0x000090f0       0xa0 ./rt-thread/components/drivers/ipc/ringbuffer.o
                0x000090f0                rt_ringbuffer_init
 .text.rt_ringbuffer_put
                0x00009190      0x16c ./rt-thread/components/drivers/ipc/ringbuffer.o
                0x00009190                rt_ringbuffer_put
 .text.rt_ringbuffer_get
                0x000092fc      0x15c ./rt-thread/components/drivers/ipc/ringbuffer.o
                0x000092fc                rt_ringbuffer_get
 .text.rt_ringbuffer_putchar
                0x00009458       0xbc ./rt-thread/components/drivers/ipc/ringbuffer.o
                0x00009458                rt_ringbuffer_putchar
 .text.rt_ringbuffer_data_len
                0x00009514       0x66 ./rt-thread/components/drivers/ipc/ringbuffer.o
                0x00009514                rt_ringbuffer_data_len
 .text.main     0x0000957a        0xe ./ra_gen/main.o
                0x0000957a                main
 .text.R_FSP_CurrentIrqGet
                0x00009588       0x2c ./ra/fsp/src/r_sci_uart/r_sci_uart.o
 .text.R_FSP_IsrContextSet
                0x000095b4       0x28 ./ra/fsp/src/r_sci_uart/r_sci_uart.o
 .text.R_BSP_IrqStatusClear
                0x000095dc       0x30 ./ra/fsp/src/r_sci_uart/r_sci_uart.o
 .text.R_BSP_IrqClearPending
                0x0000960c       0x40 ./ra/fsp/src/r_sci_uart/r_sci_uart.o
 .text.R_BSP_IrqCfg
                0x0000964c       0x3c ./ra/fsp/src/r_sci_uart/r_sci_uart.o
 .text.R_BSP_IrqEnableNoClear
                0x00009688       0x38 ./ra/fsp/src/r_sci_uart/r_sci_uart.o
 .text.R_BSP_IrqEnable
                0x000096c0       0x26 ./ra/fsp/src/r_sci_uart/r_sci_uart.o
 *fill*         0x000096e6        0x2 ff
 .text.R_BSP_IrqDisable
                0x000096e8       0x48 ./ra/fsp/src/r_sci_uart/r_sci_uart.o
 .text.R_FSP_IsrContextGet
                0x00009730       0x24 ./ra/fsp/src/r_sci_uart/r_sci_uart.o
 .text.R_SCI_UART_Open
                0x00009754      0x1ac ./ra/fsp/src/r_sci_uart/r_sci_uart.o
                0x00009754                R_SCI_UART_Open
 .text.r_sci_uart_config_set
                0x00009900      0x120 ./ra/fsp/src/r_sci_uart/r_sci_uart.o
 .text.r_sci_irq_cfg
                0x00009a20       0x3a ./ra/fsp/src/r_sci_uart/r_sci_uart.o
 .text.r_sci_irqs_cfg
                0x00009a5a       0x5a ./ra/fsp/src/r_sci_uart/r_sci_uart.o
 .text.r_sci_uart_baud_set
                0x00009ab4       0x58 ./ra/fsp/src/r_sci_uart/r_sci_uart.o
 .text.r_sci_uart_call_callback
                0x00009b0c       0x76 ./ra/fsp/src/r_sci_uart/r_sci_uart.o
 .text.sci_uart_txi_isr
                0x00009b82       0xd0 ./ra/fsp/src/r_sci_uart/r_sci_uart.o
                0x00009b82                sci_uart_txi_isr
 .text.sci_uart_rxi_isr
                0x00009c52       0xbc ./ra/fsp/src/r_sci_uart/r_sci_uart.o
                0x00009c52                sci_uart_rxi_isr
 .text.sci_uart_tei_isr
                0x00009d0e       0x4a ./ra/fsp/src/r_sci_uart/r_sci_uart.o
                0x00009d0e                sci_uart_tei_isr
 .text.sci_uart_eri_isr
                0x00009d58       0xa8 ./ra/fsp/src/r_sci_uart/r_sci_uart.o
                0x00009d58                sci_uart_eri_isr
 .text.R_BSP_PinRead
                0x00009e00       0x38 ./ra/fsp/src/r_ioport/r_ioport.o
 .text.R_BSP_PinAccessEnable
                0x00009e38       0x60 ./ra/fsp/src/r_ioport/r_ioport.o
 .text.R_BSP_PinAccessDisable
                0x00009e98       0x68 ./ra/fsp/src/r_ioport/r_ioport.o
 .text.R_IOPORT_Open
                0x00009f00       0x28 ./ra/fsp/src/r_ioport/r_ioport.o
                0x00009f00                R_IOPORT_Open
 .text.R_IOPORT_Close
                0x00009f28       0x20 ./ra/fsp/src/r_ioport/r_ioport.o
                0x00009f28                R_IOPORT_Close
 .text.R_IOPORT_PinsCfg
                0x00009f48       0x1a ./ra/fsp/src/r_ioport/r_ioport.o
                0x00009f48                R_IOPORT_PinsCfg
 .text.R_IOPORT_PinCfg
                0x00009f62       0x46 ./ra/fsp/src/r_ioport/r_ioport.o
                0x00009f62                R_IOPORT_PinCfg
 .text.R_IOPORT_PinRead
                0x00009fa8       0x28 ./ra/fsp/src/r_ioport/r_ioport.o
                0x00009fa8                R_IOPORT_PinRead
 .text.R_IOPORT_PortRead
                0x00009fd0       0x3a ./ra/fsp/src/r_ioport/r_ioport.o
                0x00009fd0                R_IOPORT_PortRead
 .text.R_IOPORT_PortWrite
                0x0000a00a       0x62 ./ra/fsp/src/r_ioport/r_ioport.o
                0x0000a00a                R_IOPORT_PortWrite
 .text.R_IOPORT_PinWrite
                0x0000a06c       0x6e ./ra/fsp/src/r_ioport/r_ioport.o
                0x0000a06c                R_IOPORT_PinWrite
 .text.R_IOPORT_PortDirectionSet
                0x0000a0da       0x72 ./ra/fsp/src/r_ioport/r_ioport.o
                0x0000a0da                R_IOPORT_PortDirectionSet
 .text.R_IOPORT_PortEventInputRead
                0x0000a14c       0x3e ./ra/fsp/src/r_ioport/r_ioport.o
                0x0000a14c                R_IOPORT_PortEventInputRead
 .text.R_IOPORT_PinEventInputRead
                0x0000a18a       0x62 ./ra/fsp/src/r_ioport/r_ioport.o
                0x0000a18a                R_IOPORT_PinEventInputRead
 .text.R_IOPORT_PortEventOutputWrite
                0x0000a1ec       0x62 ./ra/fsp/src/r_ioport/r_ioport.o
                0x0000a1ec                R_IOPORT_PortEventOutputWrite
 .text.R_IOPORT_PinEventOutputWrite
                0x0000a24e       0x5e ./ra/fsp/src/r_ioport/r_ioport.o
                0x0000a24e                R_IOPORT_PinEventOutputWrite
 .text.R_IOPORT_EthernetModeCfg
                0x0000a2ac       0x28 ./ra/fsp/src/r_ioport/r_ioport.o
                0x0000a2ac                R_IOPORT_EthernetModeCfg
 .text.r_ioport_pins_config
                0x0000a2d4       0x56 ./ra/fsp/src/r_ioport/r_ioport.o
 .text.r_ioport_hw_pin_event_output_data_write
                0x0000a32a       0x88 ./ra/fsp/src/r_ioport/r_ioport.o
 *fill*         0x0000a3b2        0x2 ff
 .text.r_ioport_pfs_write
                0x0000a3b4       0x78 ./ra/fsp/src/r_ioport/r_ioport.o
 .text.bsp_vbatt_init
                0x0000a42c       0xd8 ./ra/fsp/src/r_ioport/r_ioport.o
 .text.R_FSP_CurrentIrqGet
                0x0000a504       0x2c ./ra/fsp/src/r_icu/r_icu.o
 .text.R_FSP_IsrContextSet
                0x0000a530       0x28 ./ra/fsp/src/r_icu/r_icu.o
 .text.R_BSP_IrqStatusClear
                0x0000a558       0x30 ./ra/fsp/src/r_icu/r_icu.o
 .text.R_BSP_IrqClearPending
                0x0000a588       0x40 ./ra/fsp/src/r_icu/r_icu.o
 .text.R_BSP_IrqCfg
                0x0000a5c8       0x3c ./ra/fsp/src/r_icu/r_icu.o
 .text.R_BSP_IrqEnableNoClear
                0x0000a604       0x38 ./ra/fsp/src/r_icu/r_icu.o
 .text.R_BSP_IrqEnable
                0x0000a63c       0x26 ./ra/fsp/src/r_icu/r_icu.o
 *fill*         0x0000a662        0x2 ff
 .text.R_BSP_IrqDisable
                0x0000a664       0x48 ./ra/fsp/src/r_icu/r_icu.o
 .text.R_FSP_IsrContextGet
                0x0000a6ac       0x24 ./ra/fsp/src/r_icu/r_icu.o
 .text.R_ICU_ExternalIrqOpen
                0x0000a6d0       0xcc ./ra/fsp/src/r_icu/r_icu.o
                0x0000a6d0                R_ICU_ExternalIrqOpen
 .text.R_ICU_ExternalIrqEnable
                0x0000a79c       0x22 ./ra/fsp/src/r_icu/r_icu.o
                0x0000a79c                R_ICU_ExternalIrqEnable
 .text.R_ICU_ExternalIrqDisable
                0x0000a7be       0x22 ./ra/fsp/src/r_icu/r_icu.o
                0x0000a7be                R_ICU_ExternalIrqDisable
 .text.R_ICU_ExternalIrqClose
                0x0000a7e0       0x40 ./ra/fsp/src/r_icu/r_icu.o
                0x0000a7e0                R_ICU_ExternalIrqClose
 .text.r_icu_isr
                0x0000a820       0x80 ./ra/fsp/src/r_icu/r_icu.o
                0x0000a820                r_icu_isr
 .text.R_FSP_SystemClockHzGet
                0x0000a8a0       0x4c ./ra/fsp/src/r_gpt/r_gpt.o
 .text.R_FSP_IsrContextSet
                0x0000a8ec       0x28 ./ra/fsp/src/r_gpt/r_gpt.o
 .text.R_BSP_IrqStatusClear
                0x0000a914       0x30 ./ra/fsp/src/r_gpt/r_gpt.o
 .text.R_BSP_IrqClearPending
                0x0000a944       0x40 ./ra/fsp/src/r_gpt/r_gpt.o
 .text.R_BSP_IrqCfg
                0x0000a984       0x3c ./ra/fsp/src/r_gpt/r_gpt.o
 .text.R_BSP_IrqEnableNoClear
                0x0000a9c0       0x38 ./ra/fsp/src/r_gpt/r_gpt.o
 .text.R_BSP_IrqEnable
                0x0000a9f8       0x26 ./ra/fsp/src/r_gpt/r_gpt.o
 *fill*         0x0000aa1e        0x2 ff
 .text.R_BSP_IrqDisable
                0x0000aa20       0x48 ./ra/fsp/src/r_gpt/r_gpt.o
 .text.R_BSP_IrqCfgEnable
                0x0000aa68       0x2e ./ra/fsp/src/r_gpt/r_gpt.o
 *fill*         0x0000aa96        0x2 ff
 .text.R_GPT_Open
                0x0000aa98       0x44 ./ra/fsp/src/r_gpt/r_gpt.o
                0x0000aa98                R_GPT_Open
 .text.R_GPT_Stop
                0x0000aadc       0x24 ./ra/fsp/src/r_gpt/r_gpt.o
                0x0000aadc                R_GPT_Stop
 .text.R_GPT_Start
                0x0000ab00       0x24 ./ra/fsp/src/r_gpt/r_gpt.o
                0x0000ab00                R_GPT_Start
 .text.R_GPT_Reset
                0x0000ab24       0x24 ./ra/fsp/src/r_gpt/r_gpt.o
                0x0000ab24                R_GPT_Reset
 .text.R_GPT_Enable
                0x0000ab48       0x90 ./ra/fsp/src/r_gpt/r_gpt.o
                0x0000ab48                R_GPT_Enable
 .text.R_GPT_Disable
                0x0000abd8       0x32 ./ra/fsp/src/r_gpt/r_gpt.o
                0x0000abd8                R_GPT_Disable
 .text.R_GPT_PeriodSet
                0x0000ac0a       0x8a ./ra/fsp/src/r_gpt/r_gpt.o
                0x0000ac0a                R_GPT_PeriodSet
 .text.R_GPT_DutyCycleSet
                0x0000ac94      0x104 ./ra/fsp/src/r_gpt/r_gpt.o
                0x0000ac94                R_GPT_DutyCycleSet
 .text.R_GPT_InfoGet
                0x0000ad98       0x3e ./ra/fsp/src/r_gpt/r_gpt.o
                0x0000ad98                R_GPT_InfoGet
 .text.R_GPT_StatusGet
                0x0000add6       0x38 ./ra/fsp/src/r_gpt/r_gpt.o
                0x0000add6                R_GPT_StatusGet
 .text.R_GPT_CallbackSet
                0x0000ae0e       0x32 ./ra/fsp/src/r_gpt/r_gpt.o
                0x0000ae0e                R_GPT_CallbackSet
 .text.R_GPT_Close
                0x0000ae40       0x76 ./ra/fsp/src/r_gpt/r_gpt.o
                0x0000ae40                R_GPT_Close
 .text.r_gpt_write_protect_enable
                0x0000aeb6       0x16 ./ra/fsp/src/r_gpt/r_gpt.o
 .text.r_gpt_write_protect_disable
                0x0000aecc       0x16 ./ra/fsp/src/r_gpt/r_gpt.o
 *fill*         0x0000aee2        0x2 ff
 .text.gpt_common_open
                0x0000aee4       0x64 ./ra/fsp/src/r_gpt/r_gpt.o
 .text.gpt_hardware_initialize
                0x0000af48      0x23c ./ra/fsp/src/r_gpt/r_gpt.o
 .text.gpt_hardware_events_disable
                0x0000b184       0x42 ./ra/fsp/src/r_gpt/r_gpt.o
 .text.r_gpt_disable_irq
                0x0000b1c6       0x30 ./ra/fsp/src/r_gpt/r_gpt.o
 .text.r_gpt_enable_irq
                0x0000b1f6       0x2c ./ra/fsp/src/r_gpt/r_gpt.o
 .text.gpt_calculate_duty_cycle
                0x0000b222       0xea ./ra/fsp/src/r_gpt/r_gpt.o
 .text.gpt_clock_frequency_get
                0x0000b30c       0x2e ./ra/fsp/src/r_gpt/r_gpt.o
 .text.gpt_gtior_calculate
                0x0000b33a       0x48 ./ra/fsp/src/r_gpt/r_gpt.o
 *fill*         0x0000b382        0x2 ff
 .text.R_BSP_FlashCacheEnable
                0x0000b384       0x40 ./ra/fsp/src/bsp/mcu/all/bsp_clocks.o
 .text.SystemCoreClockUpdate
                0x0000b3c4       0x40 ./ra/fsp/src/bsp/mcu/all/bsp_clocks.o
                0x0000b3c4                SystemCoreClockUpdate
 .text.bsp_prv_clock_set_hard_reset
                0x0000b404       0x30 ./ra/fsp/src/bsp/mcu/all/bsp_clocks.o
 .text.bsp_clock_freq_var_init
                0x0000b434       0x48 ./ra/fsp/src/bsp/mcu/all/bsp_clocks.o
 .text.bsp_clock_init
                0x0000b47c       0xa4 ./ra/fsp/src/bsp/mcu/all/bsp_clocks.o
                0x0000b47c                bsp_clock_init
 .text.bsp_init_internal
                0x0000b520       0x14 ./ra/fsp/src/bsp/mcu/all/bsp_common.o
                0x0000b520                bsp_init_internal
                0x0000b520                bsp_init
 .text.__assert_func
                0x0000b534       0x12 ./ra/fsp/src/bsp/mcu/all/bsp_common.o
                0x0000b534                __assert_func
 *fill*         0x0000b546        0x2 ff
 .text.bsp_group_irq_call
                0x0000b548       0x30 ./ra/fsp/src/bsp/mcu/all/bsp_group_irq.o
 .text.NMI_Handler
                0x0000b578       0x4c ./ra/fsp/src/bsp/mcu/all/bsp_group_irq.o
                0x0000b578                NMI_Handler
 .text.bsp_irq_cfg
                0x0000b5c4      0x104 ./ra/fsp/src/bsp/mcu/all/bsp_irq.o
                0x0000b5c4                bsp_irq_cfg
 .text.R_BSP_RegisterProtectEnable
                0x0000b6c8       0xa0 ./ra/fsp/src/bsp/mcu/all/bsp_register_protection.o
                0x0000b6c8                R_BSP_RegisterProtectEnable
 .text.R_BSP_RegisterProtectDisable
                0x0000b768       0x90 ./ra/fsp/src/bsp/mcu/all/bsp_register_protection.o
                0x0000b768                R_BSP_RegisterProtectDisable
 .text.Reset_Handler
                0x0000b7f8        0xe ./ra/fsp/src/bsp/cmsis/Device/RENESAS/Source/startup.o
                0x0000b7f8                Reset_Handler
 .text.Default_Handler
                0x0000b806       0x10 ./ra/fsp/src/bsp/cmsis/Device/RENESAS/Source/startup.o
                0x0000b806                UsageFault_Handler
                0x0000b806                SecureFault_Handler
                0x0000b806                Default_Handler
                0x0000b806                MemManage_Handler
                0x0000b806                SVC_Handler
                0x0000b806                BusFault_Handler
                0x0000b806                DebugMon_Handler
 *fill*         0x0000b816        0x2 ff
 .text.SystemInit
                0x0000b818       0xf0 ./ra/fsp/src/bsp/cmsis/Device/RENESAS/Source/system.o
                0x0000b818                SystemInit
 .text.get_bit_access
                0x0000b908       0x2a ./packages/rt_vsnprintf_full-latest/rt_vsnprintf.o
 .text.get_sign
                0x0000b932       0x32 ./packages/rt_vsnprintf_full-latest/rt_vsnprintf.o
 .text.get_exp2
                0x0000b964       0x30 ./packages/rt_vsnprintf_full-latest/rt_vsnprintf.o
 .text.out_buffer
                0x0000b994       0x2e ./packages/rt_vsnprintf_full-latest/rt_vsnprintf.o
 .text.out_discard
                0x0000b9c2       0x1c ./packages/rt_vsnprintf_full-latest/rt_vsnprintf.o
 .text.strnlen_s_
                0x0000b9de       0x3a ./packages/rt_vsnprintf_full-latest/rt_vsnprintf.o
 .text.is_digit_
                0x0000ba18       0x2e ./packages/rt_vsnprintf_full-latest/rt_vsnprintf.o
 .text.atoi_    0x0000ba46       0x48 ./packages/rt_vsnprintf_full-latest/rt_vsnprintf.o
 .text.out_rev_
                0x0000ba8e       0xa0 ./packages/rt_vsnprintf_full-latest/rt_vsnprintf.o
 .text.print_integer_finalization
                0x0000bb2e      0x1ee ./packages/rt_vsnprintf_full-latest/rt_vsnprintf.o
 .text.print_integer
                0x0000bd1c      0x114 ./packages/rt_vsnprintf_full-latest/rt_vsnprintf.o
 .text.get_components
                0x0000be30      0x220 ./packages/rt_vsnprintf_full-latest/rt_vsnprintf.o
 .text.apply_scaling
                0x0000c050       0x4a ./packages/rt_vsnprintf_full-latest/rt_vsnprintf.o
                0x0000c050                apply_scaling
 .text.unapply_scaling
                0x0000c09a       0x4a ./packages/rt_vsnprintf_full-latest/rt_vsnprintf.o
                0x0000c09a                unapply_scaling
 .text.update_normalization
                0x0000c0e4       0xcc ./packages/rt_vsnprintf_full-latest/rt_vsnprintf.o
                0x0000c0e4                update_normalization
 .text.get_normalized_components
                0x0000c1b0      0x230 ./packages/rt_vsnprintf_full-latest/rt_vsnprintf.o
 .text.print_broken_up_decimal
                0x0000c3e0      0x25c ./packages/rt_vsnprintf_full-latest/rt_vsnprintf.o
 .text.print_decimal_number
                0x0000c63c       0x68 ./packages/rt_vsnprintf_full-latest/rt_vsnprintf.o
 *fill*         0x0000c6a4        0x4 ff
 .text.print_exponential_number
                0x0000c6a8      0x678 ./packages/rt_vsnprintf_full-latest/rt_vsnprintf.o
 .text.print_floating_point
                0x0000cd20      0x1ec ./packages/rt_vsnprintf_full-latest/rt_vsnprintf.o
 .text.__vsnprintf
                0x0000cf0c      0xb34 ./packages/rt_vsnprintf_full-latest/rt_vsnprintf.o
 .text.rt_vsnprintf
                0x0000da40       0x2c ./packages/rt_vsnprintf_full-latest/rt_vsnprintf.o
                0x0000da40                rt_vsnprintf
 .text.__NVIC_SetPriority
                0x0000da6c       0x54 ./libraries/HAL_Drivers/drv_common.o
 .text.__NVIC_SystemReset
                0x0000dac0       0x2c ./libraries/HAL_Drivers/drv_common.o
 .text.SysTick_Config
                0x0000daec       0x44 ./libraries/HAL_Drivers/drv_common.o
 .text.reboot   0x0000db30       0x10 ./libraries/HAL_Drivers/drv_common.o
 .text.rt_hw_systick_init
                0x0000db40       0x2c ./libraries/HAL_Drivers/drv_common.o
                0x0000db40                rt_hw_systick_init
 .text.SysTick_Handler
                0x0000db6c       0x14 ./libraries/HAL_Drivers/drv_common.o
                0x0000db6c                SysTick_Handler
 .text.rt_hw_board_init
                0x0000db80       0x34 ./libraries/HAL_Drivers/drv_common.o
                0x0000db80                rt_hw_board_init
 .text.R_BSP_WarmStart
                0x0000dbb4       0x2c ./libraries/HAL_Drivers/drv_common.o
                0x0000dbb4                R_BSP_WarmStart
 .text.R_BSP_PinRead
                0x0000dbe0       0x38 ./libraries/HAL_Drivers/drv_gpio.o
 .text.R_BSP_PinWrite
                0x0000dc18       0x68 ./libraries/HAL_Drivers/drv_gpio.o
 .text.R_BSP_PinAccessEnable
                0x0000dc80       0x60 ./libraries/HAL_Drivers/drv_gpio.o
 .text.R_BSP_PinAccessDisable
                0x0000dce0       0x68 ./libraries/HAL_Drivers/drv_gpio.o
 .text.ra_pin_get_irqx
                0x0000dd48      0x280 ./libraries/HAL_Drivers/drv_gpio.o
 .text.ra_irq_tab_init
                0x0000dfc8       0x7c ./libraries/HAL_Drivers/drv_gpio.o
 .text.ra_pin_map_init
                0x0000e044       0x28 ./libraries/HAL_Drivers/drv_gpio.o
 .text.ra_pin_mode
                0x0000e06c       0xdc ./libraries/HAL_Drivers/drv_gpio.o
 .text.ra_pin_write
                0x0000e148       0x3a ./libraries/HAL_Drivers/drv_gpio.o
 *fill*         0x0000e182        0x2 ff
 .text.ra_pin_read
                0x0000e184       0x48 ./libraries/HAL_Drivers/drv_gpio.o
 .text.ra_pin_irq_enable
                0x0000e1cc      0x104 ./libraries/HAL_Drivers/drv_gpio.o
 .text.ra_pin_attach_irq
                0x0000e2d0      0x12c ./libraries/HAL_Drivers/drv_gpio.o
 .text.ra_pin_dettach_irq
                0x0000e3fc       0xb4 ./libraries/HAL_Drivers/drv_gpio.o
 .text.ra_pin_get
                0x0000e4b0       0xce ./libraries/HAL_Drivers/drv_gpio.o
 *fill*         0x0000e57e        0x2 ff
 .text.rt_hw_pin_init
                0x0000e580       0x24 ./libraries/HAL_Drivers/drv_gpio.o
                0x0000e580                rt_hw_pin_init
 .text.irq0_callback
                0x0000e5a4       0x34 ./libraries/HAL_Drivers/drv_gpio.o
                0x0000e5a4                irq0_callback
 .text.R_FSP_SystemClockHzGet
                0x0000e5d8       0x4c ./libraries/HAL_Drivers/drv_pwm.o
 .text._convert_counts_ns
                0x0000e624       0x68 ./libraries/HAL_Drivers/drv_pwm.o
 *fill*         0x0000e68c        0x4 ff
 .text._convert_ns_counts
                0x0000e690       0x68 ./libraries/HAL_Drivers/drv_pwm.o
 .text.drv_pwm_enable
                0x0000e6f8       0x46 ./libraries/HAL_Drivers/drv_pwm.o
 .text.drv_pwm_get
                0x0000e73e       0x70 ./libraries/HAL_Drivers/drv_pwm.o
 .text.drv_pwm_set
                0x0000e7ae       0xb4 ./libraries/HAL_Drivers/drv_pwm.o
 *fill*         0x0000e862        0x2 ff
 .text.drv_pwm_control
                0x0000e864       0x84 ./libraries/HAL_Drivers/drv_pwm.o
 .text.rt_hw_pwm_init
                0x0000e8e8       0xa4 ./libraries/HAL_Drivers/drv_pwm.o
                0x0000e8e8                rt_hw_pwm_init
 .text.ra_uart_get_config
                0x0000e98c       0x7c ./libraries/HAL_Drivers/drv_usart_v2.o
 .text.ra_uart_configure
                0x0000ea08       0x7c ./libraries/HAL_Drivers/drv_usart_v2.o
 .text.ra_uart_control
                0x0000ea84       0x1a ./libraries/HAL_Drivers/drv_usart_v2.o
 *fill*         0x0000ea9e        0x2 ff
 .text.ra_uart_putc
                0x0000eaa0       0x68 ./libraries/HAL_Drivers/drv_usart_v2.o
 .text.ra_uart_getc
                0x0000eb08       0x16 ./libraries/HAL_Drivers/drv_usart_v2.o
 *fill*         0x0000eb1e        0x2 ff
 .text.user_uart0_callback
                0x0000eb20       0x74 ./libraries/HAL_Drivers/drv_usart_v2.o
                0x0000eb20                user_uart0_callback
 .text.user_uart7_callback
                0x0000eb94       0x78 ./libraries/HAL_Drivers/drv_usart_v2.o
                0x0000eb94                user_uart7_callback
 .text.rt_hw_usart_init
                0x0000ec0c       0xb8 ./libraries/HAL_Drivers/drv_usart_v2.o
                0x0000ec0c                rt_hw_usart_init
 .text.atof     0x0000ecc4        0x8 g:/rt-threadstudio/repo/extract/toolchain_support_packages/arm/gnu_tools_for_arm_embedded_processors/10.2.1/bin/../lib/gcc/arm-none-eabi/10.2.1/../../../../arm-none-eabi/lib/thumb/v8-m.main+fp/hard\libc.a(lib_a-atof.o)
                0x0000ecc4                atof
 .text.atoi     0x0000eccc        0x8 g:/rt-threadstudio/repo/extract/toolchain_support_packages/arm/gnu_tools_for_arm_embedded_processors/10.2.1/bin/../lib/gcc/arm-none-eabi/10.2.1/../../../../arm-none-eabi/lib/thumb/v8-m.main+fp/hard\libc.a(lib_a-atoi.o)
                0x0000eccc                atoi
 .text.memcmp   0x0000ecd4       0x60 g:/rt-threadstudio/repo/extract/toolchain_support_packages/arm/gnu_tools_for_arm_embedded_processors/10.2.1/bin/../lib/gcc/arm-none-eabi/10.2.1/../../../../arm-none-eabi/lib/thumb/v8-m.main+fp/hard\libc.a(lib_a-memcmp.o)
                0x0000ecd4                memcmp
 .text          0x0000ed34       0xec g:/rt-threadstudio/repo/extract/toolchain_support_packages/arm/gnu_tools_for_arm_embedded_processors/10.2.1/bin/../lib/gcc/arm-none-eabi/10.2.1/../../../../arm-none-eabi/lib/thumb/v8-m.main+fp/hard\libc.a(lib_a-memcpy.o)
                0x0000ed34                memcpy
 .text.memset   0x0000ee20       0xa4 g:/rt-threadstudio/repo/extract/toolchain_support_packages/arm/gnu_tools_for_arm_embedded_processors/10.2.1/bin/../lib/gcc/arm-none-eabi/10.2.1/../../../../arm-none-eabi/lib/thumb/v8-m.main+fp/hard\libc.a(lib_a-memset.o)
                0x0000ee20                memset
 .text          0x0000eec4      0x1bc g:/rt-threadstudio/repo/extract/toolchain_support_packages/arm/gnu_tools_for_arm_embedded_processors/10.2.1/bin/../lib/gcc/arm-none-eabi/10.2.1/../../../../arm-none-eabi/lib/thumb/v8-m.main+fp/hard\libc.a(lib_a-strcmp.o)
                0x0000eec4                strcmp
 .text.strlen   0x0000f080       0x5c g:/rt-threadstudio/repo/extract/toolchain_support_packages/arm/gnu_tools_for_arm_embedded_processors/10.2.1/bin/../lib/gcc/arm-none-eabi/10.2.1/../../../../arm-none-eabi/lib/thumb/v8-m.main+fp/hard\libc.a(lib_a-strlen-stub.o)
                0x0000f080                strlen
 .text.strncmp  0x0000f0dc       0x78 g:/rt-threadstudio/repo/extract/toolchain_support_packages/arm/gnu_tools_for_arm_embedded_processors/10.2.1/bin/../lib/gcc/arm-none-eabi/10.2.1/../../../../arm-none-eabi/lib/thumb/v8-m.main+fp/hard\libc.a(lib_a-strncmp.o)
                0x0000f0dc                strncmp
 .text.strncpy  0x0000f154       0x64 g:/rt-threadstudio/repo/extract/toolchain_support_packages/arm/gnu_tools_for_arm_embedded_processors/10.2.1/bin/../lib/gcc/arm-none-eabi/10.2.1/../../../../arm-none-eabi/lib/thumb/v8-m.main+fp/hard\libc.a(lib_a-strncpy.o)
                0x0000f154                strncpy
 .text._strtod_l
                0x0000f1b8      0xf30 g:/rt-threadstudio/repo/extract/toolchain_support_packages/arm/gnu_tools_for_arm_embedded_processors/10.2.1/bin/../lib/gcc/arm-none-eabi/10.2.1/../../../../arm-none-eabi/lib/thumb/v8-m.main+fp/hard\libc.a(lib_a-strtod.o)
                0x0000f1b8                _strtod_l
 .text.strtod   0x000100e8       0x1c g:/rt-threadstudio/repo/extract/toolchain_support_packages/arm/gnu_tools_for_arm_embedded_processors/10.2.1/bin/../lib/gcc/arm-none-eabi/10.2.1/../../../../arm-none-eabi/lib/thumb/v8-m.main+fp/hard\libc.a(lib_a-strtod.o)
                0x000100e8                strtod
 .text._strtol_l.part.0
                0x00010104      0x104 g:/rt-threadstudio/repo/extract/toolchain_support_packages/arm/gnu_tools_for_arm_embedded_processors/10.2.1/bin/../lib/gcc/arm-none-eabi/10.2.1/../../../../arm-none-eabi/lib/thumb/v8-m.main+fp/hard\libc.a(lib_a-strtol.o)
 .text.strtol   0x00010208       0x2c g:/rt-threadstudio/repo/extract/toolchain_support_packages/arm/gnu_tools_for_arm_embedded_processors/10.2.1/bin/../lib/gcc/arm-none-eabi/10.2.1/../../../../arm-none-eabi/lib/thumb/v8-m.main+fp/hard\libc.a(lib_a-strtol.o)
                0x00010208                strtol
 .text.startup.register_fini
                0x00010234       0x14 g:/rt-threadstudio/repo/extract/toolchain_support_packages/arm/gnu_tools_for_arm_embedded_processors/10.2.1/bin/../lib/gcc/arm-none-eabi/10.2.1/../../../../arm-none-eabi/lib/thumb/v8-m.main+fp/hard\libc.a(lib_a-__call_atexit.o)
 .text.atexit   0x00010248        0xc g:/rt-threadstudio/repo/extract/toolchain_support_packages/arm/gnu_tools_for_arm_embedded_processors/10.2.1/bin/../lib/gcc/arm-none-eabi/10.2.1/../../../../arm-none-eabi/lib/thumb/v8-m.main+fp/hard\libc.a(lib_a-atexit.o)
                0x00010248                atexit
 .text.__libc_fini_array
                0x00010254       0x2c g:/rt-threadstudio/repo/extract/toolchain_support_packages/arm/gnu_tools_for_arm_embedded_processors/10.2.1/bin/../lib/gcc/arm-none-eabi/10.2.1/../../../../arm-none-eabi/lib/thumb/v8-m.main+fp/hard\libc.a(lib_a-fini.o)
                0x00010254                __libc_fini_array
 .text.rshift   0x00010280       0xa8 g:/rt-threadstudio/repo/extract/toolchain_support_packages/arm/gnu_tools_for_arm_embedded_processors/10.2.1/bin/../lib/gcc/arm-none-eabi/10.2.1/../../../../arm-none-eabi/lib/thumb/v8-m.main+fp/hard\libc.a(lib_a-gdtoa-gethex.o)
 .text.__gethex
                0x00010328      0x5f0 g:/rt-threadstudio/repo/extract/toolchain_support_packages/arm/gnu_tools_for_arm_embedded_processors/10.2.1/bin/../lib/gcc/arm-none-eabi/10.2.1/../../../../arm-none-eabi/lib/thumb/v8-m.main+fp/hard\libc.a(lib_a-gdtoa-gethex.o)
                0x00010328                __gethex
 .text.__match  0x00010918       0x34 g:/rt-threadstudio/repo/extract/toolchain_support_packages/arm/gnu_tools_for_arm_embedded_processors/10.2.1/bin/../lib/gcc/arm-none-eabi/10.2.1/../../../../arm-none-eabi/lib/thumb/v8-m.main+fp/hard\libc.a(lib_a-gdtoa-hexnan.o)
                0x00010918                __match
 .text.__hexnan
                0x0001094c      0x1b8 g:/rt-threadstudio/repo/extract/toolchain_support_packages/arm/gnu_tools_for_arm_embedded_processors/10.2.1/bin/../lib/gcc/arm-none-eabi/10.2.1/../../../../arm-none-eabi/lib/thumb/v8-m.main+fp/hard\libc.a(lib_a-gdtoa-hexnan.o)
                0x0001094c                __hexnan
 .text.__retarget_lock_acquire_recursive
                0x00010b04        0x4 g:/rt-threadstudio/repo/extract/toolchain_support_packages/arm/gnu_tools_for_arm_embedded_processors/10.2.1/bin/../lib/gcc/arm-none-eabi/10.2.1/../../../../arm-none-eabi/lib/thumb/v8-m.main+fp/hard\libc.a(lib_a-lock.o)
                0x00010b04                __retarget_lock_acquire_recursive
 .text.__retarget_lock_release_recursive
                0x00010b08        0x4 g:/rt-threadstudio/repo/extract/toolchain_support_packages/arm/gnu_tools_for_arm_embedded_processors/10.2.1/bin/../lib/gcc/arm-none-eabi/10.2.1/../../../../arm-none-eabi/lib/thumb/v8-m.main+fp/hard\libc.a(lib_a-lock.o)
                0x00010b08                __retarget_lock_release_recursive
 .text.__ascii_mbtowc
                0x00010b0c       0x2c g:/rt-threadstudio/repo/extract/toolchain_support_packages/arm/gnu_tools_for_arm_embedded_processors/10.2.1/bin/../lib/gcc/arm-none-eabi/10.2.1/../../../../arm-none-eabi/lib/thumb/v8-m.main+fp/hard\libc.a(lib_a-mbtowc_r.o)
                0x00010b0c                __ascii_mbtowc
 .text._Balloc  0x00010b38       0x4c g:/rt-threadstudio/repo/extract/toolchain_support_packages/arm/gnu_tools_for_arm_embedded_processors/10.2.1/bin/../lib/gcc/arm-none-eabi/10.2.1/../../../../arm-none-eabi/lib/thumb/v8-m.main+fp/hard\libc.a(lib_a-mprec.o)
                0x00010b38                _Balloc
 .text._Bfree   0x00010b84       0x14 g:/rt-threadstudio/repo/extract/toolchain_support_packages/arm/gnu_tools_for_arm_embedded_processors/10.2.1/bin/../lib/gcc/arm-none-eabi/10.2.1/../../../../arm-none-eabi/lib/thumb/v8-m.main+fp/hard\libc.a(lib_a-mprec.o)
                0x00010b84                _Bfree
 .text.__multadd
                0x00010b98       0xa8 g:/rt-threadstudio/repo/extract/toolchain_support_packages/arm/gnu_tools_for_arm_embedded_processors/10.2.1/bin/../lib/gcc/arm-none-eabi/10.2.1/../../../../arm-none-eabi/lib/thumb/v8-m.main+fp/hard\libc.a(lib_a-mprec.o)
                0x00010b98                __multadd
 .text.__s2b    0x00010c40       0xb0 g:/rt-threadstudio/repo/extract/toolchain_support_packages/arm/gnu_tools_for_arm_embedded_processors/10.2.1/bin/../lib/gcc/arm-none-eabi/10.2.1/../../../../arm-none-eabi/lib/thumb/v8-m.main+fp/hard\libc.a(lib_a-mprec.o)
                0x00010c40                __s2b
 .text.__hi0bits
                0x00010cf0       0x44 g:/rt-threadstudio/repo/extract/toolchain_support_packages/arm/gnu_tools_for_arm_embedded_processors/10.2.1/bin/../lib/gcc/arm-none-eabi/10.2.1/../../../../arm-none-eabi/lib/thumb/v8-m.main+fp/hard\libc.a(lib_a-mprec.o)
                0x00010cf0                __hi0bits
 .text.__lo0bits
                0x00010d34       0x60 g:/rt-threadstudio/repo/extract/toolchain_support_packages/arm/gnu_tools_for_arm_embedded_processors/10.2.1/bin/../lib/gcc/arm-none-eabi/10.2.1/../../../../arm-none-eabi/lib/thumb/v8-m.main+fp/hard\libc.a(lib_a-mprec.o)
                0x00010d34                __lo0bits
 .text.__i2b    0x00010d94       0x5c g:/rt-threadstudio/repo/extract/toolchain_support_packages/arm/gnu_tools_for_arm_embedded_processors/10.2.1/bin/../lib/gcc/arm-none-eabi/10.2.1/../../../../arm-none-eabi/lib/thumb/v8-m.main+fp/hard\libc.a(lib_a-mprec.o)
                0x00010d94                __i2b
 .text.__multiply
                0x00010df0      0x15c g:/rt-threadstudio/repo/extract/toolchain_support_packages/arm/gnu_tools_for_arm_embedded_processors/10.2.1/bin/../lib/gcc/arm-none-eabi/10.2.1/../../../../arm-none-eabi/lib/thumb/v8-m.main+fp/hard\libc.a(lib_a-mprec.o)
                0x00010df0                __multiply
 .text.__pow5mult
                0x00010f4c       0xc0 g:/rt-threadstudio/repo/extract/toolchain_support_packages/arm/gnu_tools_for_arm_embedded_processors/10.2.1/bin/../lib/gcc/arm-none-eabi/10.2.1/../../../../arm-none-eabi/lib/thumb/v8-m.main+fp/hard\libc.a(lib_a-mprec.o)
                0x00010f4c                __pow5mult
 .text.__lshift
                0x0001100c       0xe8 g:/rt-threadstudio/repo/extract/toolchain_support_packages/arm/gnu_tools_for_arm_embedded_processors/10.2.1/bin/../lib/gcc/arm-none-eabi/10.2.1/../../../../arm-none-eabi/lib/thumb/v8-m.main+fp/hard\libc.a(lib_a-mprec.o)
                0x0001100c                __lshift
 .text.__mcmp   0x000110f4       0x44 g:/rt-threadstudio/repo/extract/toolchain_support_packages/arm/gnu_tools_for_arm_embedded_processors/10.2.1/bin/../lib/gcc/arm-none-eabi/10.2.1/../../../../arm-none-eabi/lib/thumb/v8-m.main+fp/hard\libc.a(lib_a-mprec.o)
                0x000110f4                __mcmp
 .text.__mdiff  0x00011138      0x148 g:/rt-threadstudio/repo/extract/toolchain_support_packages/arm/gnu_tools_for_arm_embedded_processors/10.2.1/bin/../lib/gcc/arm-none-eabi/10.2.1/../../../../arm-none-eabi/lib/thumb/v8-m.main+fp/hard\libc.a(lib_a-mprec.o)
                0x00011138                __mdiff
 .text.__ulp    0x00011280       0x64 g:/rt-threadstudio/repo/extract/toolchain_support_packages/arm/gnu_tools_for_arm_embedded_processors/10.2.1/bin/../lib/gcc/arm-none-eabi/10.2.1/../../../../arm-none-eabi/lib/thumb/v8-m.main+fp/hard\libc.a(lib_a-mprec.o)
                0x00011280                __ulp
 .text.__b2d    0x000112e4       0xc4 g:/rt-threadstudio/repo/extract/toolchain_support_packages/arm/gnu_tools_for_arm_embedded_processors/10.2.1/bin/../lib/gcc/arm-none-eabi/10.2.1/../../../../arm-none-eabi/lib/thumb/v8-m.main+fp/hard\libc.a(lib_a-mprec.o)
                0x000112e4                __b2d
 .text.__d2b    0x000113a8       0xd0 g:/rt-threadstudio/repo/extract/toolchain_support_packages/arm/gnu_tools_for_arm_embedded_processors/10.2.1/bin/../lib/gcc/arm-none-eabi/10.2.1/../../../../arm-none-eabi/lib/thumb/v8-m.main+fp/hard\libc.a(lib_a-mprec.o)
                0x000113a8                __d2b
 .text.__ratio  0x00011478       0x5c g:/rt-threadstudio/repo/extract/toolchain_support_packages/arm/gnu_tools_for_arm_embedded_processors/10.2.1/bin/../lib/gcc/arm-none-eabi/10.2.1/../../../../arm-none-eabi/lib/thumb/v8-m.main+fp/hard\libc.a(lib_a-mprec.o)
                0x00011478                __ratio
 .text.__copybits
                0x000114d4       0x5c g:/rt-threadstudio/repo/extract/toolchain_support_packages/arm/gnu_tools_for_arm_embedded_processors/10.2.1/bin/../lib/gcc/arm-none-eabi/10.2.1/../../../../arm-none-eabi/lib/thumb/v8-m.main+fp/hard\libc.a(lib_a-mprec.o)
                0x000114d4                __copybits
 .text.__any_on
                0x00011530       0x64 g:/rt-threadstudio/repo/extract/toolchain_support_packages/arm/gnu_tools_for_arm_embedded_processors/10.2.1/bin/../lib/gcc/arm-none-eabi/10.2.1/../../../../arm-none-eabi/lib/thumb/v8-m.main+fp/hard\libc.a(lib_a-mprec.o)
                0x00011530                __any_on
 *fill*         0x00011594        0x4 ff
 .text.nan      0x00011598       0x10 g:/rt-threadstudio/repo/extract/toolchain_support_packages/arm/gnu_tools_for_arm_embedded_processors/10.2.1/bin/../lib/gcc/arm-none-eabi/10.2.1/../../../../arm-none-eabi/lib/thumb/v8-m.main+fp/hard\libc.a(lib_a-s_nan.o)
                0x00011598                nan
 .text.__ascii_wctomb
                0x000115a8       0x1c g:/rt-threadstudio/repo/extract/toolchain_support_packages/arm/gnu_tools_for_arm_embedded_processors/10.2.1/bin/../lib/gcc/arm-none-eabi/10.2.1/../../../../arm-none-eabi/lib/thumb/v8-m.main+fp/hard\libc.a(lib_a-wctomb_r.o)
                0x000115a8                __ascii_wctomb
 .text.__register_exitproc
                0x000115c4       0x90 g:/rt-threadstudio/repo/extract/toolchain_support_packages/arm/gnu_tools_for_arm_embedded_processors/10.2.1/bin/../lib/gcc/arm-none-eabi/10.2.1/../../../../arm-none-eabi/lib/thumb/v8-m.main+fp/hard\libc.a(lib_a-__atexit.o)
                0x000115c4                __register_exitproc
 .text          0x00011654      0x378 g:/rt-threadstudio/repo/extract/toolchain_support_packages/arm/gnu_tools_for_arm_embedded_processors/10.2.1/bin/../lib/gcc/arm-none-eabi/10.2.1/thumb/v8-m.main+fp/hard\libgcc.a(_arm_addsubdf3.o)
                0x00011654                __aeabi_drsub
                0x0001165c                __aeabi_dsub
                0x0001165c                __subdf3
                0x00011660                __aeabi_dadd
                0x00011660                __adddf3
                0x000118d8                __floatunsidf
                0x000118d8                __aeabi_ui2d
                0x000118f8                __floatsidf
                0x000118f8                __aeabi_i2d
                0x0001191c                __aeabi_f2d
                0x0001191c                __extendsfdf2
                0x00011960                __floatundidf
                0x00011960                __aeabi_ul2d
                0x00011970                __floatdidf
                0x00011970                __aeabi_l2d
 .text          0x000119cc      0x424 g:/rt-threadstudio/repo/extract/toolchain_support_packages/arm/gnu_tools_for_arm_embedded_processors/10.2.1/bin/../lib/gcc/arm-none-eabi/10.2.1/thumb/v8-m.main+fp/hard\libgcc.a(_arm_muldivdf3.o)
                0x000119cc                __aeabi_dmul
                0x000119cc                __muldf3
                0x00011c20                __divdf3
                0x00011c20                __aeabi_ddiv
 .text          0x00011df0      0x110 g:/rt-threadstudio/repo/extract/toolchain_support_packages/arm/gnu_tools_for_arm_embedded_processors/10.2.1/bin/../lib/gcc/arm-none-eabi/10.2.1/thumb/v8-m.main+fp/hard\libgcc.a(_arm_cmpdf2.o)
                0x00011df0                __gtdf2
                0x00011df0                __gedf2
                0x00011df8                __ltdf2
                0x00011df8                __ledf2
                0x00011e00                __nedf2
                0x00011e00                __eqdf2
                0x00011e00                __cmpdf2
                0x00011e7c                __aeabi_cdrcmple
                0x00011e8c                __aeabi_cdcmpeq
                0x00011e8c                __aeabi_cdcmple
                0x00011e9c                __aeabi_dcmpeq
                0x00011eb0                __aeabi_dcmplt
                0x00011ec4                __aeabi_dcmple
                0x00011ed8                __aeabi_dcmpge
                0x00011eec                __aeabi_dcmpgt
 .text          0x00011f00       0x50 g:/rt-threadstudio/repo/extract/toolchain_support_packages/arm/gnu_tools_for_arm_embedded_processors/10.2.1/bin/../lib/gcc/arm-none-eabi/10.2.1/thumb/v8-m.main+fp/hard\libgcc.a(_arm_fixdfsi.o)
                0x00011f00                __aeabi_d2iz
                0x00011f00                __fixdfsi
 .text          0x00011f50       0x40 g:/rt-threadstudio/repo/extract/toolchain_support_packages/arm/gnu_tools_for_arm_embedded_processors/10.2.1/bin/../lib/gcc/arm-none-eabi/10.2.1/thumb/v8-m.main+fp/hard\libgcc.a(_arm_fixunsdfsi.o)
                0x00011f50                __aeabi_d2uiz
                0x00011f50                __fixunsdfsi
 .text          0x00011f90       0xa0 g:/rt-threadstudio/repo/extract/toolchain_support_packages/arm/gnu_tools_for_arm_embedded_processors/10.2.1/bin/../lib/gcc/arm-none-eabi/10.2.1/thumb/v8-m.main+fp/hard\libgcc.a(_arm_truncdfsf2.o)
                0x00011f90                __truncdfsf2
                0x00011f90                __aeabi_d2f
 .text          0x00012030       0xa0 g:/rt-threadstudio/repo/extract/toolchain_support_packages/arm/gnu_tools_for_arm_embedded_processors/10.2.1/bin/../lib/gcc/arm-none-eabi/10.2.1/thumb/v8-m.main+fp/hard\libgcc.a(_aeabi_ldivmod.o)
                0x00012030                __aeabi_ldivmod
 .text          0x000120d0       0x30 g:/rt-threadstudio/repo/extract/toolchain_support_packages/arm/gnu_tools_for_arm_embedded_processors/10.2.1/bin/../lib/gcc/arm-none-eabi/10.2.1/thumb/v8-m.main+fp/hard\libgcc.a(_aeabi_uldivmod.o)
                0x000120d0                __aeabi_uldivmod
 .text          0x00012100       0x30 g:/rt-threadstudio/repo/extract/toolchain_support_packages/arm/gnu_tools_for_arm_embedded_processors/10.2.1/bin/../lib/gcc/arm-none-eabi/10.2.1/thumb/v8-m.main+fp/hard\libgcc.a(_fixdfdi.o)
                0x00012100                __fixdfdi
                0x00012100                __aeabi_d2lz
 .text          0x00012130       0x3c g:/rt-threadstudio/repo/extract/toolchain_support_packages/arm/gnu_tools_for_arm_embedded_processors/10.2.1/bin/../lib/gcc/arm-none-eabi/10.2.1/thumb/v8-m.main+fp/hard\libgcc.a(_fixunsdfdi.o)
                0x00012130                __fixunsdfdi
                0x00012130                __aeabi_d2ulz
 .text          0x0001216c      0x2ec g:/rt-threadstudio/repo/extract/toolchain_support_packages/arm/gnu_tools_for_arm_embedded_processors/10.2.1/bin/../lib/gcc/arm-none-eabi/10.2.1/thumb/v8-m.main+fp/hard\libgcc.a(_udivmoddi4.o)
                0x0001216c                __udivmoddi4
 .text          0x00012458        0x4 g:/rt-threadstudio/repo/extract/toolchain_support_packages/arm/gnu_tools_for_arm_embedded_processors/10.2.1/bin/../lib/gcc/arm-none-eabi/10.2.1/thumb/v8-m.main+fp/hard\libgcc.a(_dvmd_tls.o)
                0x00012458                __aeabi_idiv0
                0x00012458                __aeabi_ldiv0
 *(.version)
 .version       0x0001245c       0x50 ./ra/fsp/src/bsp/mcu/all/bsp_common.o
 *(.init)
 .init          0x000124ac        0x4 g:/rt-threadstudio/repo/extract/toolchain_support_packages/arm/gnu_tools_for_arm_embedded_processors/10.2.1/bin/../lib/gcc/arm-none-eabi/10.2.1/thumb/v8-m.main+fp/hard/crti.o
                0x000124ac                _init
 .init          0x000124b0        0x8 g:/rt-threadstudio/repo/extract/toolchain_support_packages/arm/gnu_tools_for_arm_embedded_processors/10.2.1/bin/../lib/gcc/arm-none-eabi/10.2.1/thumb/v8-m.main+fp/hard/crtn.o
 *(.fini)
 .fini          0x000124b8        0x4 g:/rt-threadstudio/repo/extract/toolchain_support_packages/arm/gnu_tools_for_arm_embedded_processors/10.2.1/bin/../lib/gcc/arm-none-eabi/10.2.1/thumb/v8-m.main+fp/hard/crti.o
                0x000124b8                _fini
 .fini          0x000124bc        0x8 g:/rt-threadstudio/repo/extract/toolchain_support_packages/arm/gnu_tools_for_arm_embedded_processors/10.2.1/bin/../lib/gcc/arm-none-eabi/10.2.1/thumb/v8-m.main+fp/hard/crtn.o
                0x000124c4                . = ALIGN (0x4)
                0x000124c4                __fsymtab_start = .
 *(FSymTab)
 FSymTab        0x000124c4       0x3c ./src/controller.o
                0x000124c4                __fsym_car_start
                0x000124d0                __fsym_car_stop
                0x000124dc                __fsym_car_right
                0x000124e8                __fsym_car_left
                0x000124f4                __fsym_car_turn
 FSymTab        0x00012500        0xc ./src/hal_entry.o
                0x00012500                __fsym_icu_sample
 FSymTab        0x0001250c        0xc ./src/my_pwm.o
                0x0001250c                __fsym_my_pwm_ex_set_pulse
 FSymTab        0x00012518        0xc ./src/pid.o
                0x00012518                __fsym_pid_set
 FSymTab        0x00012524       0x78 ./rt-thread/components/finsh/cmd.o
                0x00012524                __fsym_clear
                0x00012530                __fsym_version
                0x0001253c                __fsym_list_thread
                0x00012548                __fsym_list_sem
                0x00012554                __fsym_list_event
                0x00012560                __fsym_list_mutex
                0x0001256c                __fsym_list_mailbox
                0x00012578                __fsym_list_msgqueue
                0x00012584                __fsym_list_timer
                0x00012590                __fsym_list_device
 FSymTab        0x0001259c       0x24 ./rt-thread/components/finsh/msh.o
                0x0001259c                __fsym_help
                0x000125a8                __fsym_ps
                0x000125b4                __fsym_free
 FSymTab        0x000125c0       0x30 ./rt-thread/components/drivers/misc/rt_drv_pwm.o
                0x000125c0                __fsym_pwm_enable
                0x000125cc                __fsym_pwm_disable
                0x000125d8                __fsym_pwm_set
                0x000125e4                __fsym_pwm_get
 FSymTab        0x000125f0        0xc ./libraries/HAL_Drivers/drv_common.o
                0x000125f0                __fsym_reboot
                0x000125fc                __fsymtab_end = .
                0x000125fc                . = ALIGN (0x4)
                0x000125fc                __vsymtab_start = .
 *(VSymTab)
                0x000125fc                __vsymtab_end = .
                0x000125fc                . = ALIGN (0x4)
                0x000125fc                __rt_init_start = .
 *(SORT_BY_NAME(.rti_fn*))
 .rti_fn.0      0x000125fc        0x4 ./rt-thread/src/components.o
                0x000125fc                __rt_init_rti_start
 .rti_fn.0.end  0x00012600        0x4 ./rt-thread/src/components.o
                0x00012600                __rt_init_rti_board_start
 .rti_fn.1      0x00012604        0x4 ./rt-thread/components/utilities/ulog/ulog.o
                0x00012604                __rt_init_ulog_init
 .rti_fn.1      0x00012608        0x4 ./libraries/HAL_Drivers/drv_pwm.o
                0x00012608                __rt_init_rt_hw_pwm_init
 .rti_fn.1.end  0x0001260c        0x4 ./rt-thread/src/components.o
                0x0001260c                __rt_init_rti_board_end
 .rti_fn.2      0x00012610        0x4 ./rt-thread/components/utilities/ulog/backend/console_be.o
                0x00012610                __rt_init_ulog_console_backend_init
 .rti_fn.6      0x00012614        0x4 ./rt-thread/components/finsh/shell.o
                0x00012614                __rt_init_finsh_system_init
 .rti_fn.6.end  0x00012618        0x4 ./rt-thread/src/components.o
                0x00012618                __rt_init_rti_end
                0x0001261c                __rt_init_end = .
                0x0001261c                . = ALIGN (0x4)
 *(FalPartTable)
 *crtbegin.o(.ctors)
 *crtbegin?.o(.ctors)
 *(EXCLUDE_FILE(*crtend.o *crtend?.o) .ctors)
 *(SORT_BY_NAME(.ctors.*))
 *(.ctors)
 *crtbegin.o(.dtors)
 *crtbegin?.o(.dtors)
 *(EXCLUDE_FILE(*crtend.o *crtend?.o) .dtors)
 *(SORT_BY_NAME(.dtors.*))
 *(.dtors)
 *(.rodata*)
 .rodata        0x0001261c       0x1d ./src/controller.o
 *fill*         0x00012639        0x3 ff
 .rodata.name   0x0001263c       0x8a ./src/controller.o
                0x0001263c                __fsym_car_start_name
                0x00012648                __fsym_car_start_desc
                0x00012658                __fsym_car_stop_name
                0x00012664                __fsym_car_stop_desc