Archive member included to satisfy reference by file (symbol)

g:/rt-threadstudio/repo/extract/toolchain_support_packages/arm/gnu_tools_for_arm_embedded_processors/10.2.1/bin/../lib/gcc/arm-none-eabi/10.2.1/../../../../arm-none-eabi/lib/thumb/v8-m.main+fp/hard\libc.a(lib_a-atof.o)
                              ./src/pid.o (atof)
g:/rt-threadstudio/repo/extract/toolchain_support_packages/arm/gnu_tools_for_arm_embedded_processors/10.2.1/bin/../lib/gcc/arm-none-eabi/10.2.1/../../../../arm-none-eabi/lib/thumb/v8-m.main+fp/hard\libc.a(lib_a-atoi.o)
                              ./src/controller.o (atoi)
g:/rt-threadstudio/repo/extract/toolchain_support_packages/arm/gnu_tools_for_arm_embedded_processors/10.2.1/bin/../lib/gcc/arm-none-eabi/10.2.1/../../../../arm-none-eabi/lib/thumb/v8-m.main+fp/hard\libc.a(lib_a-exit.o)
                              g:/rt-threadstudio/repo/extract/toolchain_support_packages/arm/gnu_tools_for_arm_embedded_processors/10.2.1/bin/../lib/gcc/arm-none-eabi/10.2.1/../../../../arm-none-eabi/lib/thumb/v8-m.main+fp/hard/crt0.o (exit)
g:/rt-threadstudio/repo/extract/toolchain_support_packages/arm/gnu_tools_for_arm_embedded_processors/10.2.1/bin/../lib/gcc/arm-none-eabi/10.2.1/../../../../arm-none-eabi/lib/thumb/v8-m.main+fp/hard\libc.a(lib_a-impure.o)
                              g:/rt-threadstudio/repo/extract/toolchain_support_packages/arm/gnu_tools_for_arm_embedded_processors/10.2.1/bin/../lib/gcc/arm-none-eabi/10.2.1/../../../../arm-none-eabi/lib/thumb/v8-m.main+fp/hard\libc.a(lib_a-exit.o) (_global_impure_ptr)
g:/rt-threadstudio/repo/extract/toolchain_support_packages/arm/gnu_tools_for_arm_embedded_processors/10.2.1/bin/../lib/gcc/arm-none-eabi/10.2.1/../../../../arm-none-eabi/lib/thumb/v8-m.main+fp/hard\libc.a(lib_a-memcmp.o)
                              ./rt-thread/components/finsh/shell.o (memcmp)
g:/rt-threadstudio/repo/extract/toolchain_support_packages/arm/gnu_tools_for_arm_embedded_processors/10.2.1/bin/../lib/gcc/arm-none-eabi/10.2.1/../../../../arm-none-eabi/lib/thumb/v8-m.main+fp/hard\libc.a(lib_a-memcpy.o)
                              ./ra/fsp/src/r_sci_uart/r_sci_uart.o (memcpy)
g:/rt-threadstudio/repo/extract/toolchain_support_packages/arm/gnu_tools_for_arm_embedded_processors/10.2.1/bin/../lib/gcc/arm-none-eabi/10.2.1/../../../../arm-none-eabi/lib/thumb/v8-m.main+fp/hard\libc.a(lib_a-memset.o)
                              g:/rt-threadstudio/repo/extract/toolchain_support_packages/arm/gnu_tools_for_arm_embedded_processors/10.2.1/bin/../lib/gcc/arm-none-eabi/10.2.1/../../../../arm-none-eabi/lib/thumb/v8-m.main+fp/hard/crt0.o (memset)
g:/rt-threadstudio/repo/extract/toolchain_support_packages/arm/gnu_tools_for_arm_embedded_processors/10.2.1/bin/../lib/gcc/arm-none-eabi/10.2.1/../../../../arm-none-eabi/lib/thumb/v8-m.main+fp/hard\libc.a(lib_a-strcmp.o)
                              ./src/my_pwm.o (strcmp)
g:/rt-threadstudio/repo/extract/toolchain_support_packages/arm/gnu_tools_for_arm_embedded_processors/10.2.1/bin/../lib/gcc/arm-none-eabi/10.2.1/../../../../arm-none-eabi/lib/thumb/v8-m.main+fp/hard\libc.a(lib_a-strcpy.o)
                              ./rt-thread/components/finsh/shell.o (strcpy)
g:/rt-threadstudio/repo/extract/toolchain_support_packages/arm/gnu_tools_for_arm_embedded_processors/10.2.1/bin/../lib/gcc/arm-none-eabi/10.2.1/../../../../arm-none-eabi/lib/thumb/v8-m.main+fp/hard\libc.a(lib_a-strlen-stub.o)
                              ./rt-thread/components/finsh/msh.o (strlen)
g:/rt-threadstudio/repo/extract/toolchain_support_packages/arm/gnu_tools_for_arm_embedded_processors/10.2.1/bin/../lib/gcc/arm-none-eabi/10.2.1/../../../../arm-none-eabi/lib/thumb/v8-m.main+fp/hard\libc.a(lib_a-strncmp.o)
                              ./rt-thread/components/finsh/msh.o (strncmp)
g:/rt-threadstudio/repo/extract/toolchain_support_packages/arm/gnu_tools_for_arm_embedded_processors/10.2.1/bin/../lib/gcc/arm-none-eabi/10.2.1/../../../../arm-none-eabi/lib/thumb/v8-m.main+fp/hard\libc.a(lib_a-strncpy.o)
                              ./rt-thread/components/finsh/shell.o (strncpy)
g:/rt-threadstudio/repo/extract/toolchain_support_packages/arm/gnu_tools_for_arm_embedded_processors/10.2.1/bin/../lib/gcc/arm-none-eabi/10.2.1/../../../../arm-none-eabi/lib/thumb/v8-m.main+fp/hard\libc.a(lib_a-strtod.o)
                              g:/rt-threadstudio/repo/extract/toolchain_support_packages/arm/gnu_tools_for_arm_embedded_processors/10.2.1/bin/../lib/gcc/arm-none-eabi/10.2.1/../../../../arm-none-eabi/lib/thumb/v8-m.main+fp/hard\libc.a(lib_a-atof.o) (strtod)
g:/rt-threadstudio/repo/extract/toolchain_support_packages/arm/gnu_tools_for_arm_embedded_processors/10.2.1/bin/../lib/gcc/arm-none-eabi/10.2.1/../../../../arm-none-eabi/lib/thumb/v8-m.main+fp/hard\libc.a(lib_a-strtol.o)
[...]
Memory Configuration

Name             Origin             Length             Attributes
FLASH            0x00000000         0x00100000         xr
RAM              0x20000000         0x00040000         xrw
DATA_FLASH       0x08000000         0x00002000         xr
QSPI_FLASH       0x60000000         0x04000000         xr
OSPI_DEVICE_0    0x68000000         0x08000000         xr
OSPI_DEVICE_1    0x70000000         0x10000000         xr
OSPI_DEVICE_0_RAM 0x68000000         0x08000000         xrw
OSPI_DEVICE_1_RAM 0x70000000         0x10000000         xrw
SDRAM            0x90000000         0x00000000         xrw
OPTION_SETTING   0x0100a100         0x00000100         r
OPTION_SETTING_S 0x0100a200         0x00000100         r
ID_CODE          0x00000000         0x00000000         xr
*default*        0x00000000         0xffffffff

Linker script and memory map

LOAD g:/rt-threadstudio/repo/extract/toolchain_support_packages/arm/gnu_tools_for_arm_embedded_processors/10.2.1/bin/../lib/gcc/arm-none-eabi/10.2.1/thumb/v8-m.main+fp/hard/crti.o
LOAD g:/rt-threadstudio/repo/extract/toolchain_support_packages/arm/gnu_tools_for_arm_embedded_processors/10.2.1/bin/../lib/gcc/arm-none-eabi/10.2.1/thumb/v8-m.main+fp/hard/crtbegin.o
LOAD g:/rt-threadstudio/repo/extract/toolchain_support_packages/arm/gnu_tools_for_arm_embedded_processors/10.2.1/bin/../lib/gcc/arm-none-eabi/10.2.1/../../../../arm-none-eabi/lib/thumb/v8-m.main+fp/hard/crt0.o
LOAD ./src/controller.o
LOAD ./src/hal_entry.o
LOAD ./src/my_pwm.o
LOAD ./src/pid.o
LOAD ./src/uart0_t.o
LOAD ./rt-thread/src/clock.o
LOAD ./rt-thread/src/components.o
LOAD ./rt-thread/src/device.o
LOAD ./rt-thread/src/idle.o
LOAD ./rt-thread/src/ipc.o
LOAD ./rt-thread/src/irq.o
LOAD ./rt-thread/src/kservice.o
LOAD ./rt-thread/src/mem.o
LOAD ./rt-thread/src/object.o
LOAD ./rt-thread/src/scheduler.o
LOAD ./rt-thread/src/thread.o
LOAD ./rt-thread/src/timer.o
LOAD ./rt-thread/libcpu/arm/cortex-m4/context_gcc.o
LOAD ./rt-thread/libcpu/arm/cortex-m4/cpuport.o
LOAD ./rt-thread/libcpu/arm/common/backtrace.o
LOAD ./rt-thread/libcpu/arm/common/div0.o
LOAD ./rt-thread/libcpu/arm/common/showmem.o
LOAD ./rt-thread/components/utilities/ulog/backend/console_be.o
LOAD ./rt-thread/components/utilities/ulog/ulog.o
LOAD ./rt-thread/components/libc/compilers/newlib/syscalls.o
LOAD ./rt-thread/components/libc/compilers/common/stdlib.o
LOAD ./rt-thread/components/libc/compilers/common/time.o
LOAD ./rt-thread/components/finsh/cmd.o
LOAD ./rt-thread/components/finsh/msh.o
LOAD ./rt-thread/components/finsh/shell.o
LOAD ./rt-thread/components/drivers/serial/serial_v2.o
LOAD ./rt-thread/components/drivers/misc/pin.o
LOAD ./rt-thread/components/drivers/misc/rt_drv_pwm.o
LOAD ./rt-thread/components/drivers/ipc/completion.o
LOAD ./rt-thread/components/drivers/ipc/dataqueue.o
LOAD ./rt-thread/components/drivers/ipc/pipe.o
LOAD ./rt-thread/components/drivers/ipc/ringblk_buf.o
LOAD ./rt-thread/components/drivers/ipc/ringbuffer.o
LOAD ./rt-thread/components/drivers/ipc/waitqueue.o
LOAD ./rt-thread/components/drivers/ipc/workqueue.o
LOAD ./ra_gen/common_data.o
LOAD ./ra_gen/hal_data.o
LOAD ./ra_gen/main.o
LOAD ./ra_gen/pin_data.o
LOAD ./ra_gen/vector_data.o
LOAD ./ra/fsp/src/r_sci_uart/r_sci_uart.o
LOAD ./ra/fsp/src/r_ioport/r_ioport.o
LOAD ./ra/fsp/src/r_icu/r_icu.o
LOAD ./ra/fsp/src/r_gpt/r_gpt.o
LOAD ./ra/fsp/src/bsp/mcu/all/bsp_clocks.o
LOAD ./ra/fsp/src/bsp/mcu/all/bsp_common.o
LOAD ./ra/fsp/src/bsp/mcu/all/bsp_delay.o
LOAD ./ra/fsp/src/bsp/mcu/all/bsp_group_irq.o
LOAD ./ra/fsp/src/bsp/mcu/all/bsp_guard.o
LOAD ./ra/fsp/src/bsp/mcu/all/bsp_io.o
LOAD ./ra/fsp/src/bsp/mcu/all/bsp_irq.o
LOAD ./ra/fsp/src/bsp/mcu/all/bsp_register_protection.o
LOAD ./ra/fsp/src/bsp/mcu/all/bsp_rom_registers.o
LOAD ./ra/fsp/src/bsp/mcu/all/bsp_sbrk.o
LOAD ./ra/fsp/src/bsp/mcu/all/bsp_security.o
LOAD ./ra/fsp/src/bsp/cmsis/Device/RENESAS/Source/startup.o
LOAD ./ra/fsp/src/bsp/cmsis/Device/RENESAS/Source/system.o
LOAD ./packages/rt_vsnprintf_full-latest/rt_vsnprintf.o
LOAD ./libraries/HAL_Drivers/drv_common.o
LOAD ./libraries/HAL_Drivers/drv_gpio.o
LOAD ./libraries/HAL_Drivers/drv_pwm.o
LOAD ./libraries/HAL_Drivers/drv_usart_v2.o
LOAD ./board/ports/drv_rw007.o
LOAD g:/rt-threadstudio/repo/extract/toolchain_support_packages/arm/gnu_tools_for_arm_embedded_processors/10.2.1/bin/../lib/gcc/arm-none-eabi/10.2.1/../../../../arm-none-eabi/lib/thumb/v8-m.main+fp/hard\libm.a
LOAD g:/rt-threadstudio/repo/extract/toolchain_support_packages/arm/gnu_tools_for_arm_embedded_processors/10.2.1/bin/../lib/gcc/arm-none-eabi/10.2.1/../../../../arm-none-eabi/lib/thumb/v8-m.main+fp/hard\libc.a
START GROUP
LOAD g:/rt-threadstudio/repo/extract/toolchain_support_packages/arm/gnu_tools_for_arm_embedded_processors/10.2.1/bin/../lib/gcc/arm-none-eabi/10.2.1/thumb/v8-m.main+fp/hard\libgcc.a
LOAD g:/rt-threadstudio/repo/extract/toolchain_support_packages/arm/gnu_tools_for_arm_embedded_processors/10.2.1/bin/../lib/gcc/arm-none-eabi/10.2.1/../../../../arm-none-eabi/lib/thumb/v8-m.main+fp/hard\libc.a
END GROUP
LOAD g:/rt-threadstudio/repo/extract/toolchain_support_packages/arm/gnu_tools_for_arm_embedded_processors/10.2.1/bin/../lib/gcc/arm-none-eabi/10.2.1/thumb/v8-m.main+fp/hard/crtend.o
LOAD g:/rt-threadstudio/repo/extract/toolchain_support_packages/arm/gnu_tools_for_arm_embedded_processors/10.2.1/bin/../lib/gcc/arm-none-eabi/10.2.1/thumb/v8-m.main+fp/hard/crtn.o
                0x20000000                RAM_START = 0x20000000
                0x00040000                RAM_LENGTH = 0x40000
                0x00000000                FLASH_START = 0x0
                0x00100000                FLASH_LENGTH = 0x100000
                0x08000000                DATA_FLASH_START = 0x8000000
                0x00002000                DATA_FLASH_LENGTH = 0x2000
                0x0100a100                OPTION_SETTING_START = 0x100a100
                0x00000100                OPTION_SETTING_LENGTH = 0x100
                0x0100a200                OPTION_SETTING_S_START = 0x100a200
                0x00000100                OPTION_SETTING_S_LENGTH = 0x100
                0x00000000                ID_CODE_START = 0x0
                0x00000000                ID_CODE_LENGTH = 0x0
                0x90000000                SDRAM_START = 0x90000000
                0x00000000                SDRAM_LENGTH = 0x0
                0x60000000                QSPI_FLASH_START = 0x60000000
                0x04000000                QSPI_FLASH_LENGTH = 0x4000000
                0x68000000                OSPI_DEVICE_0_START = 0x68000000
                0x08000000                OSPI_DEVICE_0_LENGTH = 0x8000000
                0x70000000                OSPI_DEVICE_1_START = 0x70000000
                0x10000000                OSPI_DEVICE_1_LENGTH = 0x10000000
                0x04000000                QSPI_FLASH_PRV_LENGTH = DEFINED (QSPI_FLASH_SIZE)?ABSOLUTE (QSPI_FLASH_SIZE):ABSOLUTE (QSPI_FLASH_LENGTH)
                0x08000000                OSPI_DEVICE_0_PRV_LENGTH = DEFINED (OSPI_DEVICE_0_SIZE)?ABSOLUTE (OSPI_DEVICE_0_SIZE):ABSOLUTE (OSPI_DEVICE_0_LENGTH)
                0x10000000                OSPI_DEVICE_1_PRV_LENGTH = DEFINED (OSPI_DEVICE_1_SIZE)?ABSOLUTE (OSPI_DEVICE_1_SIZE):ABSOLUTE (OSPI_DEVICE_1_LENGTH)
                0x00000000                __RESERVE_NS_RAM = ((! (DEFINED (PROJECT_NONSECURE)) && DEFINED (RAM_NS_BUFFER_LENGTH)) && (OPTION_SETTING_S_LENGTH != 0x0))
                0x00000000                RAM_NS_BUFFER_BLOCK_LENGTH = DEFINED (RAM_NS_BUFFER_LENGTH)?ALIGN (RAM_NS_BUFFER_LENGTH, 0x2000):0x0
                0x00000000                RAM_NS_BUFFER_LENGTH = DEFINED (RAM_NS_BUFFER_LENGTH)?RAM_NS_BUFFER_LENGTH:0x0
                0x20040000                RAM_NS_BUFFER_START = ((RAM_START + RAM_LENGTH) - RAM_NS_BUFFER_LENGTH)
                0x20040000                RAM_NS_BUFFER_BLOCK_START = ((RAM_START + RAM_LENGTH) - RAM_NS_BUFFER_BLOCK_LENGTH)
                0x0100a180                OPTION_SETTING_START_NS = 0x100a180
                0x00000001                __bl_FSP_BOOTABLE_IMAGE = 0x1
                0x00000001                __bln_FSP_BOOTABLE_IMAGE = 0x1
                0x00000001                PROJECT_SECURE_OR_FLAT = ((! (DEFINED (PROJECT_NONSECURE)) && OPTION_SETTING_LENGTH) && ! (DEFINED (FSP_BOOTABLE_IMAGE)))
                0x00000000                USE_OPTION_SETTING_NS = (DEFINED (PROJECT_NONSECURE) && ! (DEFINED (FSP_BOOTABLE_IMAGE)))
                0x00000000                __bl_FLASH_IMAGE_START = ! (DEFINED (FLASH_BOOTLOADER_LENGTH))?0x0:(FLASH_APPLICATION_IMAGE_NUMBER == 0x1)?(FLASH_BOOTLOADER_LENGTH + FLASH_BOOTLOADER_HEADER_LENGTH):(((FLASH_BOOTLOADER_LENGTH + FLASH_BOOTLOADER_SCRATCH_LENGTH) + FLASH_APPLICATION_S_LENGTH) + FLASH_BOOTLOADER_HEADER_LENGTH)
                0x00000000                __bl_FLASH_IMAGE_LENGTH = ! (DEFINED (FLASH_BOOTLOADER_LENGTH))?0x0:(FLASH_APPLICATION_S_LENGTH - FLASH_BOOTLOADER_HEADER_LENGTH)
                0x00000000                __bl_FLASH_IMAGE_END = (__bl_FLASH_IMAGE_START + __bl_FLASH_IMAGE_LENGTH)
                0x00000000                __bl_FLASH_NS_START = ! (DEFINED (FLASH_BOOTLOADER_LENGTH))?0x0:(FLASH_APPLICATION_NS_LENGTH == 0x0)?__bl_FLASH_IMAGE_END:((__bl_FLASH_IMAGE_START - FLASH_BOOTLOADER_HEADER_LENGTH) + FLASH_APPLICATION_S_LENGTH)
                0x00000000                __bl_FLASH_NSC_START = ! (DEFINED (FLASH_BOOTLOADER_LENGTH))?0x0:(FLASH_APPLICATION_NS_LENGTH == 0x0)?__bl_FLASH_IMAGE_END:(__bl_FLASH_NS_START - FLASH_APPLICATION_NSC_LENGTH)
                0x00000000                __bl_RAM_NS_START = ! (DEFINED (FLASH_BOOTLOADER_LENGTH))?0x0:(FLASH_APPLICATION_NS_LENGTH == 0x0)?(RAM_START + RAM_LENGTH):((RAM_START + RAM_LENGTH) - RAM_APPLICATION_NS_LENGTH)
                0x00000000                __bl_RAM_NSC_START = ! (DEFINED (FLASH_BOOTLOADER_LENGTH))?0x0:(FLASH_APPLICATION_NS_LENGTH == 0x0)?(RAM_START + RAM_LENGTH):(__bl_RAM_NS_START - RAM_APPLICATION_NSC_LENGTH)
                0x00000000                __bl_FLASH_NS_IMAGE_START = ! (DEFINED (FLASH_BOOTLOADER_LENGTH))?0x0:(FLASH_APPLICATION_NS_LENGTH == 0x0)?__bl_FLASH_IMAGE_END:(__bl_FLASH_NS_START + FLASH_BOOTLOADER_HEADER_LENGTH_2)
                0x00000000                __bln_FLASH_IMAGE_START = __bl_FLASH_NS_IMAGE_START
                0x00000000                __bln_FLASH_IMAGE_LENGTH = ! (DEFINED (FLASH_BOOTLOADER_LENGTH))?0x0:(FLASH_APPLICATION_NS_LENGTH == 0x0)?__bl_FLASH_IMAGE_END:(FLASH_APPLICATION_NS_LENGTH - FLASH_BOOTLOADER_HEADER_LENGTH_2)
                0x00000000                FLASH_ORIGIN = DEFINED (FLASH_IMAGE_START)?FLASH_IMAGE_START:FLASH_START
                0x00100000                LIMITED_FLASH_LENGTH = DEFINED (FLASH_IMAGE_LENGTH)?FLASH_IMAGE_LENGTH:DEFINED (FLASH_BOOTLOADER_LENGTH)?FLASH_BOOTLOADER_LENGTH:FLASH_LENGTH
START GROUP
LOAD g:/rt-threadstudio/repo/extract/toolchain_support_packages/arm/gnu_tools_for_arm_embedded_processors/10.2.1/bin/../lib/gcc/arm-none-eabi/10.2.1/thumb/v8-m.main+fp/hard\libgcc.a
LOAD g:/rt-threadstudio/repo/extract/toolchain_support_packages/arm/gnu_tools_for_arm_embedded_processors/10.2.1/bin/../lib/gcc/arm-none-eabi/10.2.1/../../../../arm-none-eabi/lib/thumb/v8-m.main+fp/hard\libc.a
LOAD g:/rt-threadstudio/repo/extract/toolchain_support_packages/arm/gnu_tools_for_arm_embedded_processors/10.2.1/bin/../lib/gcc/arm-none-eabi/10.2.1/../../../../arm-none-eabi/lib/thumb/v8-m.main+fp/hard\libm.a
LOAD g:/rt-threadstudio/repo/extract/toolchain_support_packages/arm/gnu_tools_for_arm_embedded_processors/10.2.1/bin/../lib/gcc/arm-none-eabi/10.2.1/../../../../arm-none-eabi/lib/thumb/v8-m.main+fp/hard\libnosys.a
END GROUP

.text           0x00000000    0x15e18
                0x00000000                __tz_FLASH_S = ABSOLUTE (FLASH_START)
                0x00000000                __ROM_Start = .
 *(.fixed_vectors*)
 .fixed_vectors
                0x00000000       0x40 ./ra/fsp/src/bsp/cmsis/Device/RENESAS/Source/startup.o
                0x00000000                __Vectors
 *(.application_vectors*)
 .application_vectors
                0x00000040      0x180 ./ra_gen/vector_data.o
                0x00000040                g_vector_table
                0x000001c0                __Vectors_End = .
                0x000001c0                . = (OPTION_SETTING_LENGTH > 0x0)?.:(__ROM_Start + 0x400)
 *(.rom_registers*)
                0x000001c0                . = (OPTION_SETTING_LENGTH > 0x0)?.:(__ROM_Start + 0x500)
                0x00000200                . = ALIGN (0x80)
 *fill*         0x000001c0       0x40 ff
 *(.mcuboot_sce9_key*)
 *(.text*)
 .text          0x00000200       0x40 g:/rt-threadstudio/repo/extract/toolchain_support_packages/arm/gnu_tools_for_arm_embedded_processors/10.2.1/bin/../lib/gcc/arm-none-eabi/10.2.1/thumb/v8-m.main+fp/hard/crtbegin.o
 .text.car_init
                0x00000240       0xe0 ./src/controller.o
                0x00000240                car_init
 .text.car_start
                0x00000320       0x70 ./src/controller.o
                0x00000320                car_start
 .text.car_stop
                0x00000390       0x40 ./src/controller.o
                0x00000390                car_stop
 .text.car_left
                0x000003d0       0xd0 ./src/controller.o
                0x000003d0                car_left
 .text.car_right
                0x000004a0       0xbc ./src/controller.o
                0x000004a0                car_right
 .text.car_turn
                0x0000055c      0x15c ./src/controller.o
                0x0000055c                car_turn
 .text.hal_entry
                0x000006b8       0x20 ./src/hal_entry.o
                0x000006b8                hal_entry
 .text.irq_callback_test
                0x000006d8       0xfc ./src/hal_entry.o
                0x000006d8                irq_callback_test
 .text.icu_sample
                0x000007d4       0x5c ./src/hal_entry.o
                0x000007d4                icu_sample
 .text.my_pwm_init
                0x00000830       0xa8 ./src/my_pwm.o
                0x00000830                my_pwm_init
 .text.my_pwm_ex_set_pulse
                0x000008d8      0x114 ./src/my_pwm.o
                0x000008d8                my_pwm_ex_set_pulse
 .text.my_pwm_set_pulse
                0x000009ec       0x44 ./src/my_pwm.o
                0x000009ec                my_pwm_set_pulse
 .text.pid_thread_entry
                0x00000a30       0x44 ./src/pid.o
                0x00000a30                pid_thread_entry
 .text.pid_init
                0x00000a74       0x5c ./src/pid.o
                0x00000a74                pid_init
 .text.pwm_limit
                0x00000ad0       0x64 ./src/pid.o
                0x00000ad0                pwm_limit
 .text.pwm_abs  0x00000b34       0xdc ./src/pid.o
                0x00000b34                pwm_abs
 .text.pid_compute
                0x00000c10      0x16c ./src/pid.o
                0x00000c10                pid_compute
 .text.pid_set  0x00000d7c       0xd0 ./src/pid.o
                0x00000d7c                pid_set
 .text.uart0_cbk
                0x00000e4c       0x38 ./src/uart0_t.o
                0x00000e4c                uart0_cbk
 .text.uart0_read_thread_entry
                0x00000e84      0x158 ./src/uart0_t.o
                0x00000e84                uart0_read_thread_entry
 .text.uart0_init
                0x00000fdc       0xcc ./src/uart0_t.o
                0x00000fdc                uart0_init
 .text.rt_tick_get
                0x000010a8       0x18 ./rt-thread/src/clock.o
                0x000010a8                rt_tick_get
 .text.rt_tick_increase
                0x000010c0       0x7c ./rt-thread/src/clock.o
                0x000010c0                rt_tick_increase
 .text.rt_tick_from_millisecond
                0x0000113c       0x78 ./rt-thread/src/clock.o
                0x0000113c                rt_tick_from_millisecond
 .text.rti_start
                0x000011b4       0x10 ./rt-thread/src/components.o
 .text.rti_board_start
                0x000011c4       0x10 ./rt-thread/src/components.o
 .text.rti_board_end
                0x000011d4       0x10 ./rt-thread/src/components.o
 .text.rti_end  0x000011e4       0x10 ./rt-thread/src/components.o
 .text.rt_components_board_init
                0x000011f4       0x34 ./rt-thread/src/components.o
                0x000011f4                rt_components_board_init
 .text.rt_components_init
                0x00001228       0x34 ./rt-thread/src/components.o
                0x00001228                rt_components_init
 .text.entry    0x0000125c        0xe ./rt-thread/src/components.o
                0x0000125c                entry
 .text.main_thread_entry
                0x0000126a       0x18 ./rt-thread/src/components.o
                0x0000126a                main_thread_entry
 *fill*         0x00001282        0x2 ff
 .text.rt_application_init
                0x00001284       0x4c ./rt-thread/src/components.o
                0x00001284                rt_application_init
 .text.rtthread_startup
                0x000012d0       0x2e ./rt-thread/src/components.o
                0x000012d0                rtthread_startup
 .text.rt_device_register
                0x000012fe       0x54 ./rt-thread/src/device.o
                0x000012fe                rt_device_register
 .text.rt_device_find
                0x00001352       0x1a ./rt-thread/src/device.o
                0x00001352                rt_device_find
 .text.rt_device_open
                0x0000136c      0x108 ./rt-thread/src/device.o
                0x0000136c                rt_device_open
 .text.rt_device_close
                0x00001474       0x9c ./rt-thread/src/device.o
                0x00001474                rt_device_close
 .text.rt_device_read
                0x00001510       0x88 ./rt-thread/src/device.o
                0x00001510                rt_device_read
 .text.rt_device_write
                0x00001598       0x88 ./rt-thread/src/device.o
                0x00001598                rt_device_write
 .text.rt_device_control
                0x00001620       0x68 ./rt-thread/src/device.o
                0x00001620                rt_device_control
 .text.rt_device_set_rx_indicate
                0x00001688       0x54 ./rt-thread/src/device.o
                0x00001688                rt_device_set_rx_indicate
 .text.rt_list_insert_after
                0x000016dc       0x32 ./rt-thread/src/idle.o
 .text.rt_list_remove
                0x0000170e       0x36 ./rt-thread/src/idle.o
 .text.rt_thread_defunct_enqueue
                0x00001744       0x20 ./rt-thread/src/idle.o
                0x00001744                rt_thread_defunct_enqueue
 .text.rt_thread_defunct_dequeue
                0x00001764       0x44 ./rt-thread/src/idle.o
                0x00001764                rt_thread_defunct_dequeue
 .text.rt_defunct_execute
                0x000017a8       0x54 ./rt-thread/src/idle.o
 .text.rt_thread_idle_entry
                0x000017fc       0x38 ./rt-thread/src/idle.o
 .text.rt_thread_idle_init
                0x00001834       0x78 ./rt-thread/src/idle.o
                0x00001834                rt_thread_idle_init
 .text.rt_list_init
                0x000018ac       0x22 ./rt-thread/src/ipc.o
 .text.rt_list_insert_before
                0x000018ce       0x32 ./rt-thread/src/ipc.o
 .text.rt_list_isempty
                0x00001900       0x24 ./rt-thread/src/ipc.o
 .text._ipc_object_init
                0x00001924       0x1c ./rt-thread/src/ipc.o
 .text._ipc_list_suspend
                0x00001940       0xa4 ./rt-thread/src/ipc.o
 .text._ipc_list_resume
                0x000019e4       0x20 ./rt-thread/src/ipc.o
 .text.rt_sem_init
                0x00001a04       0x88 ./rt-thread/src/ipc.o
                0x00001a04                rt_sem_init
 .text.rt_sem_create
                0x00001a8c       0xac ./rt-thread/src/ipc.o
                0x00001a8c                rt_sem_create
 .text.rt_sem_take
                0x00001b38      0x190 ./rt-thread/src/ipc.o
                0x00001b38                rt_sem_take
 .text.rt_sem_release
                0x00001cc8       0xbc ./rt-thread/src/ipc.o
                0x00001cc8                rt_sem_release
 .text.rt_mutex_init
                0x00001d84       0x64 ./rt-thread/src/ipc.o
                0x00001d84                rt_mutex_init
 .text.rt_mutex_create
                0x00001de8       0x88 ./rt-thread/src/ipc.o
                0x00001de8                rt_mutex_create
 .text.rt_mutex_take
                0x00001e70      0x21c ./rt-thread/src/ipc.o
                0x00001e70                rt_mutex_take
 .text.rt_mutex_release
                0x0000208c      0x1bc ./rt-thread/src/ipc.o
                0x0000208c                rt_mutex_release
 .text.rt_interrupt_enter
                0x00002248       0x40 ./rt-thread/src/irq.o
                0x00002248                rt_interrupt_enter
 .text.rt_interrupt_leave
                0x00002288       0x40 ./rt-thread/src/irq.o
                0x00002288                rt_interrupt_leave
 .text.rt_interrupt_get_nest
                0x000022c8       0x28 ./rt-thread/src/irq.o
                0x000022c8                rt_interrupt_get_nest
 .text.rt_set_errno
                0x000022f0       0x40 ./rt-thread/src/kservice.o
                0x000022f0                rt_set_errno
 .text._rt_errno
                0x00002330       0x34 ./rt-thread/src/kservice.o
                0x00002330                _rt_errno
 .text.rt_memset
                0x00002364       0xb6 ./rt-thread/src/kservice.o
                0x00002364                rt_memset
 .text.rt_memcpy
                0x0000241a       0xd2 ./rt-thread/src/kservice.o
                0x0000241a                rt_memcpy
 .text.rt_memmove
                0x000024ec       0x82 ./rt-thread/src/kservice.o
                0x000024ec                rt_memmove
 .text.rt_strncpy
                0x0000256e       0x64 ./rt-thread/src/kservice.o
                0x0000256e                rt_strncpy
 .text.rt_strncmp
                0x000025d2       0x4a ./rt-thread/src/kservice.o
                0x000025d2                rt_strncmp
 .text.rt_strlen
                0x0000261c       0x2e ./rt-thread/src/kservice.o
                0x0000261c                rt_strlen
 *fill*         0x0000264a        0x2 ff
 .text.rt_show_version
                0x0000264c       0x4c ./rt-thread/src/kservice.o
                0x0000264c                rt_show_version
 .text.rt_vsprintf
                0x00002698       0x24 ./rt-thread/src/kservice.o
                0x00002698                rt_vsprintf
 .text.rt_sprintf
                0x000026bc       0x2c ./rt-thread/src/kservice.o
                0x000026bc                rt_sprintf
 .text.rt_console_get_device
                0x000026e8       0x18 ./rt-thread/src/kservice.o
                0x000026e8                rt_console_get_device
 .text.rt_console_set_device
                0x00002700       0x58 ./rt-thread/src/kservice.o
                0x00002700                rt_console_set_device
 .text.rt_hw_console_output
                0x00002758       0x14 ./rt-thread/src/kservice.o
                0x00002758                rt_hw_console_output
 .text.rt_kputs
                0x0000276c       0x44 ./rt-thread/src/kservice.o
                0x0000276c                rt_kputs
 .text.rt_kprintf
                0x000027b0       0x64 ./rt-thread/src/kservice.o
                0x000027b0                rt_kprintf
 .text._heap_lock_init
                0x00002814       0x1c ./rt-thread/src/kservice.o
 .text._heap_lock
                0x00002830       0x28 ./rt-thread/src/kservice.o
 .text._heap_unlock
                0x00002858       0x40 ./rt-thread/src/kservice.o
 .text._smem_info
                0x00002898       0x4c ./rt-thread/src/kservice.o
 .text.rt_system_heap_init
                0x000028e4       0x64 ./rt-thread/src/kservice.o
                0x000028e4                rt_system_heap_init
 .text.rt_malloc
                0x00002948       0x48 ./rt-thread/src/kservice.o
                0x00002948                rt_malloc
 .text.rt_calloc
                0x00002990       0x3c ./rt-thread/src/kservice.o
                0x00002990                rt_calloc
 .text.rt_free  0x000029cc       0x38 ./rt-thread/src/kservice.o
                0x000029cc                rt_free
 .text.rt_memory_info
                0x00002a04       0x2a ./rt-thread/src/kservice.o
                0x00002a04                rt_memory_info
 *fill*         0x00002a2e        0x2 ff
 .text.rt_assert_handler
                0x00002a30       0x4c ./rt-thread/src/kservice.o
                0x00002a30                rt_assert_handler
 .text.plug_holes
                0x00002a7c       0xf8 ./rt-thread/src/mem.o
 .text.rt_smem_init
                0x00002b74      0x104 ./rt-thread/src/mem.o
                0x00002b74                rt_smem_init
 .text.rt_smem_alloc
                0x00002c78      0x268 ./rt-thread/src/mem.o
                0x00002c78                rt_smem_alloc
 .text.rt_smem_free
                0x00002ee0      0x140 ./rt-thread/src/mem.o
                0x00002ee0                rt_smem_free
 .text.rt_list_insert_after
                0x00003020       0x32 ./rt-thread/src/object.o
 .text.rt_list_remove
                0x00003052       0x36 ./rt-thread/src/object.o
 .text.rt_object_get_information
                0x00003088       0x48 ./rt-thread/src/object.o
                0x00003088                rt_object_get_information
 .text.rt_object_init
                0x000030d0       0xcc ./rt-thread/src/object.o
                0x000030d0                rt_object_init
 .text.rt_object_detach
                0x0000319c       0x5c ./rt-thread/src/object.o
                0x0000319c                rt_object_detach
 .text.rt_object_allocate
                0x000031f8       0xd8 ./rt-thread/src/object.o
                0x000031f8                rt_object_allocate
 .text.rt_object_delete
                0x000032d0       0x7c ./rt-thread/src/object.o
                0x000032d0                rt_object_delete
 .text.rt_object_is_systemobject
                0x0000334c       0x3c ./rt-thread/src/object.o
                0x0000334c                rt_object_is_systemobject
 .text.rt_object_get_type
                0x00003388       0x34 ./rt-thread/src/object.o
                0x00003388                rt_object_get_type
 .text.rt_object_find
                0x000033bc       0xb4 ./rt-thread/src/object.o
                0x000033bc                rt_object_find
 .text.rt_list_init
                0x00003470       0x22 ./rt-thread/src/scheduler.o
 .text.rt_list_insert_before
                0x00003492       0x32 ./rt-thread/src/scheduler.o
 .text.rt_list_remove
                0x000034c4       0x36 ./rt-thread/src/scheduler.o
 .text.rt_list_isempty
                0x000034fa       0x24 ./rt-thread/src/scheduler.o
 *fill*         0x0000351e        0x2 ff
 .text._rt_scheduler_stack_check
                0x00003520       0x94 ./rt-thread/src/scheduler.o
 .text._scheduler_get_highest_priority_thread
                0x000035b4       0x38 ./rt-thread/src/scheduler.o
 .text.rt_system_scheduler_init
                0x000035ec       0x38 ./rt-thread/src/scheduler.o
                0x000035ec                rt_system_scheduler_init
 .text.rt_system_scheduler_start
                0x00003624       0x38 ./rt-thread/src/scheduler.o
                0x00003624                rt_system_scheduler_start
 .text.rt_schedule
                0x0000365c      0x19c ./rt-thread/src/scheduler.o
                0x0000365c                rt_schedule
 .text.rt_schedule_insert_thread
                0x000037f8       0xac ./rt-thread/src/scheduler.o
                0x000037f8                rt_schedule_insert_thread
 .text.rt_schedule_remove_thread
                0x000038a4       0x70 ./rt-thread/src/scheduler.o
                0x000038a4                rt_schedule_remove_thread
 .text.rt_enter_critical
                0x00003914       0x2c ./rt-thread/src/scheduler.o
                0x00003914                rt_enter_critical
 .text.rt_exit_critical
                0x00003940       0x54 ./rt-thread/src/scheduler.o
                0x00003940                rt_exit_critical
 .text.rt_critical_level
                0x00003994       0x1c ./rt-thread/src/scheduler.o
                0x00003994                rt_critical_level
 .text.rt_list_init
                0x000039b0       0x22 ./rt-thread/src/thread.o
 .text.rt_list_remove
                0x000039d2       0x36 ./rt-thread/src/thread.o
 .text._thread_exit
                0x00003a08       0x42 ./rt-thread/src/thread.o
 *fill*         0x00003a4a        0x2 ff
 .text._thread_timeout
                0x00003a4c       0x8c ./rt-thread/src/thread.o
 .text._thread_init
                0x00003ad8       0xfc ./rt-thread/src/thread.o
 .text.rt_thread_init
                0x00003bd4       0x70 ./rt-thread/src/thread.o
                0x00003bd4                rt_thread_init
 .text.rt_thread_self
                0x00003c44       0x18 ./rt-thread/src/thread.o
                0x00003c44                rt_thread_self
 .text.rt_thread_startup
                0x00003c5c       0x94 ./rt-thread/src/thread.o
                0x00003c5c                rt_thread_startup
 .text.rt_thread_detach
                0x00003cf0       0xb0 ./rt-thread/src/thread.o
                0x00003cf0                rt_thread_detach
 .text.rt_thread_create
                0x00003da0       0x62 ./rt-thread/src/thread.o
                0x00003da0                rt_thread_create
 *fill*         0x00003e02        0x2 ff
 .text.rt_thread_delete
                0x00003e04       0xb0 ./rt-thread/src/thread.o
                0x00003e04                rt_thread_delete
 .text.rt_thread_sleep
                0x00003eb4       0x94 ./rt-thread/src/thread.o
                0x00003eb4                rt_thread_sleep
 .text.rt_thread_delay
                0x00003f48       0x18 ./rt-thread/src/thread.o
                0x00003f48                rt_thread_delay
 .text.rt_thread_mdelay
                0x00003f60       0x20 ./rt-thread/src/thread.o
                0x00003f60                rt_thread_mdelay
 .text.rt_thread_control
                0x00003f80       0xfc ./rt-thread/src/thread.o
                0x00003f80                rt_thread_control
 .text.rt_thread_suspend
                0x0000407c       0xc8 ./rt-thread/src/thread.o
                0x0000407c                rt_thread_suspend
 .text.rt_thread_resume
                0x00004144       0x98 ./rt-thread/src/thread.o
                0x00004144                rt_thread_resume
 .text.rt_list_init
                0x000041dc       0x22 ./rt-thread/src/timer.o
 .text.rt_list_insert_after
                0x000041fe       0x32 ./rt-thread/src/timer.o
 .text.rt_list_remove
                0x00004230       0x36 ./rt-thread/src/timer.o
 .text.rt_list_isempty
                0x00004266       0x24 ./rt-thread/src/timer.o
 .text._timer_init
                0x0000428a       0x6a ./rt-thread/src/timer.o
 .text._timer_list_next_timeout
                0x000042f4       0x48 ./rt-thread/src/timer.o
 .text._timer_remove
                0x0000433c       0x36 ./rt-thread/src/timer.o
 *fill*         0x00004372        0x2 ff
 .text.rt_timer_init
                0x00004374       0x7c ./rt-thread/src/timer.o
                0x00004374                rt_timer_init
 .text.rt_timer_detach
                0x000043f0       0x90 ./rt-thread/src/timer.o
                0x000043f0                rt_timer_detach
 .text.rt_timer_start
                0x00004480      0x224 ./rt-thread/src/timer.o
                0x00004480                rt_timer_start
 .text.rt_timer_stop
                0x000046a4       0x94 ./rt-thread/src/timer.o
                0x000046a4                rt_timer_stop
 .text.rt_timer_control
                0x00004738       0xf8 ./rt-thread/src/timer.o
                0x00004738                rt_timer_control
 .text.rt_timer_check
                0x00004830      0x108 ./rt-thread/src/timer.o
                0x00004830                rt_timer_check
 .text.rt_soft_timer_check
                0x00004938      0x11c ./rt-thread/src/timer.o
                0x00004938                rt_soft_timer_check
 .text._timer_thread_entry
                0x00004a54       0x5c ./rt-thread/src/timer.o
 .text.rt_system_timer_init
                0x00004ab0       0x34 ./rt-thread/src/timer.o
                0x00004ab0                rt_system_timer_init
 .text.rt_system_timer_thread_init
                0x00004ae4       0x68 ./rt-thread/src/timer.o
                0x00004ae4                rt_system_timer_thread_init
 .text          0x00004b4c      0x13c ./rt-thread/libcpu/arm/cortex-m4/context_gcc.o
                0x00004b4c                rt_hw_interrupt_disable
                0x00004b54                rt_hw_interrupt_enable
                0x00004b5a                rt_hw_context_switch_interrupt
                0x00004b5a                rt_hw_context_switch
                0x00004b7a                PendSV_Handler
                0x00004be6                rt_hw_context_switch_to
                0x00004c2c                rt_hw_interrupt_thread_switch
                0x00004c30                HardFault_Handler
 .text.rt_hw_stack_init
                0x00004c88       0x90 ./rt-thread/libcpu/arm/cortex-m4/cpuport.o
                0x00004c88                rt_hw_stack_init
 .text.usage_fault_track
                0x00004d18       0xc4 ./rt-thread/libcpu/arm/cortex-m4/cpuport.o
 .text.bus_fault_track
                0x00004ddc       0xcc ./rt-thread/libcpu/arm/cortex-m4/cpuport.o
 .text.mem_manage_fault_track
                0x00004ea8       0xb4 ./rt-thread/libcpu/arm/cortex-m4/cpuport.o
 .text.hard_fault_track
                0x00004f5c       0x78 ./rt-thread/libcpu/arm/cortex-m4/cpuport.o
 .text.rt_hw_hard_fault_exception
                0x00004fd4      0x184 ./rt-thread/libcpu/arm/cortex-m4/cpuport.o
                0x00004fd4                rt_hw_hard_fault_exception
 .text.__rt_ffs
                0x00005158       0x2a ./rt-thread/libcpu/arm/cortex-m4/cpuport.o
                0x00005158                __rt_ffs
 .text.ulog_console_backend_output
                0x00005182       0x50 ./rt-thread/components/utilities/ulog/backend/console_be.o
                0x00005182                ulog_console_backend_output
 *fill*         0x000051d2        0x2 ff
 .text.ulog_console_backend_init
                0x000051d4       0x2c ./rt-thread/components/utilities/ulog/backend/console_be.o
                0x000051d4                ulog_console_backend_init
 .text.rt_slist_init
                0x00005200       0x1a ./rt-thread/components/utilities/ulog/ulog.o
 .text.rt_slist_append
                0x0000521a       0x36 ./rt-thread/components/utilities/ulog/ulog.o
 .text.rt_slist_first
                0x00005250       0x18 ./rt-thread/components/utilities/ulog/ulog.o
 .text.rt_slist_next
                0x00005268       0x18 ./rt-thread/components/utilities/ulog/ulog.o
 .text.ulog_strcpy
                0x00005280       0x74 ./rt-thread/components/utilities/ulog/ulog.o
                0x00005280                ulog_strcpy
 .text.ulog_ultoa
                0x000052f4       0xb0 ./rt-thread/components/utilities/ulog/ulog.o
                0x000052f4                ulog_ultoa
 .text.output_unlock
                0x000053a4       0x34 ./rt-thread/components/utilities/ulog/ulog.o
 .text.output_lock
                0x000053d8       0x38 ./rt-thread/components/utilities/ulog/ulog.o
 .text.get_log_buf
                0x00005410       0x28 ./rt-thread/components/utilities/ulog/ulog.o
 .text.ulog_formater
                0x00005438      0x2e8 ./rt-thread/components/utilities/ulog/ulog.o
                0x00005438                ulog_formater
 .text.ulog_output_to_all_backend
                0x00005720      0x124 ./rt-thread/components/utilities/ulog/ulog.o
                0x00005720                ulog_output_to_all_backend
 .text.do_output
                0x00005844       0x46 ./rt-thread/components/utilities/ulog/ulog.o
 *fill*         0x0000588a        0x2 ff
 .text.ulog_voutput
                0x0000588c       0xdc ./rt-thread/components/utilities/ulog/ulog.o
                0x0000588c                ulog_voutput
 .text.ulog_output
                0x00005968       0x32 ./rt-thread/components/utilities/ulog/ulog.o
                0x00005968                ulog_output
 *fill*         0x0000599a        0x2 ff
 .text.ulog_backend_register
                0x0000599c       0xc0 ./rt-thread/components/utilities/ulog/ulog.o
                0x0000599c                ulog_backend_register
 .text.ulog_init
                0x00005a5c       0x44 ./rt-thread/components/utilities/ulog/ulog.o
                0x00005a5c                ulog_init
 .text._calloc_r
                0x00005aa0       0x2c ./rt-thread/components/libc/compilers/newlib/syscalls.o
                0x00005aa0                _calloc_r
 .text.__errno  0x00005acc        0xe ./rt-thread/components/libc/compilers/newlib/syscalls.o
                0x00005acc                __errno
 .text.rt_list_isempty
                0x00005ada       0x24 ./rt-thread/components/finsh/cmd.o
 .text.rt_list_len
                0x00005afe       0x36 ./rt-thread/components/finsh/cmd.o
 .text.clear    0x00005b34       0x14 ./rt-thread/components/finsh/cmd.o
 .text.version  0x00005b48        0xe ./rt-thread/components/finsh/cmd.o
                0x00005b48                version
 *fill*         0x00005b56        0x2 ff
 .text.object_split
                0x00005b58       0x28 ./rt-thread/components/finsh/cmd.o
 .text.list_find_init
                0x00005b80       0x46 ./rt-thread/components/finsh/cmd.o
 .text.list_get_next
                0x00005bc6       0xc6 ./rt-thread/components/finsh/cmd.o
 .text.list_thread
                0x00005c8c      0x208 ./rt-thread/components/finsh/cmd.o
                0x00005c8c                list_thread
 .text.show_wait_queue
                0x00005e94       0x54 ./rt-thread/components/finsh/cmd.o
 .text.list_sem
                0x00005ee8      0x12c ./rt-thread/components/finsh/cmd.o
                0x00005ee8                list_sem
 .text.list_event
                0x00006014      0x118 ./rt-thread/components/finsh/cmd.o
                0x00006014                list_event
 .text.list_mutex
                0x0000612c       0xe8 ./rt-thread/components/finsh/cmd.o
                0x0000612c                list_mutex
 .text.list_mailbox
                0x00006214      0x13c ./rt-thread/components/finsh/cmd.o
                0x00006214                list_mailbox
 .text.list_msgqueue
                0x00006350      0x12c ./rt-thread/components/finsh/cmd.o
                0x00006350                list_msgqueue
 .text.list_timer
                0x0000647c      0x128 ./rt-thread/components/finsh/cmd.o
                0x0000647c                list_timer
 .text.list_device
                0x000065a4       0xf0 ./rt-thread/components/finsh/cmd.o
                0x000065a4                list_device
 .text.msh_help
                0x00006694       0x5c ./rt-thread/components/finsh/msh.o
                0x00006694                msh_help
 .text.cmd_ps   0x000066f0       0x18 ./rt-thread/components/finsh/msh.o
                0x000066f0                cmd_ps
 .text.cmd_free
                0x00006708       0x5c ./rt-thread/components/finsh/msh.o
                0x00006708                cmd_free
 .text.msh_split
                0x00006764      0x170 ./rt-thread/components/finsh/msh.o
 .text.msh_get_cmd
                0x000068d4       0x64 ./rt-thread/components/finsh/msh.o
 .text._msh_exec_cmd
                0x00006938       0xd4 ./rt-thread/components/finsh/msh.o
 .text.msh_exec
                0x00006a0c       0x8c ./rt-thread/components/finsh/msh.o
                0x00006a0c                msh_exec
 .text.str_common
                0x00006a98       0x4a ./rt-thread/components/finsh/msh.o
 *fill*         0x00006ae2        0x2 ff
 .text.msh_auto_complete
                0x00006ae4       0xb0 ./rt-thread/components/finsh/msh.o
                0x00006ae4                msh_auto_complete
 .text.finsh_get_prompt
                0x00006b94       0x7c ./rt-thread/components/finsh/shell.o
                0x00006b94                finsh_get_prompt
 .text.finsh_set_prompt_mode
                0x00006c10       0x48 ./rt-thread/components/finsh/shell.o
                0x00006c10                finsh_set_prompt_mode
 .text.finsh_getchar
                0x00006c58       0x90 ./rt-thread/components/finsh/shell.o
                0x00006c58                finsh_getchar
 .text.finsh_rx_ind
                0x00006ce8       0x3c ./rt-thread/components/finsh/shell.o
 .text.finsh_set_device
                0x00006d24       0xd8 ./rt-thread/components/finsh/shell.o
                0x00006d24                finsh_set_device
 .text.shell_auto_complete
                0x00006dfc       0x34 ./rt-thread/components/finsh/shell.o
 .text.shell_handle_history
                0x00006e30       0x34 ./rt-thread/components/finsh/shell.o
 .text.shell_push_history
                0x00006e64      0x15e ./rt-thread/components/finsh/shell.o
 *fill*         0x00006fc2        0x2 ff
 .text.finsh_thread_entry
                0x00006fc4      0x5cc ./rt-thread/components/finsh/shell.o
                0x00006fc4                finsh_thread_entry
 .text.finsh_system_function_init
                0x00007590       0x2c ./rt-thread/components/finsh/shell.o
                0x00007590                finsh_system_function_init
 .text.finsh_system_init
                0x000075bc       0x9c ./rt-thread/components/finsh/shell.o
                0x000075bc                finsh_system_init
 .text.rt_serial_get_linear_buffer
                0x00007658       0x8c ./rt-thread/components/drivers/serial/serial_v2.o
 .text.rt_serial_update_read_index
                0x000076e4       0xcc ./rt-thread/components/drivers/serial/serial_v2.o
 .text.rt_serial_update_write_index
                0x000077b0       0xe8 ./rt-thread/components/drivers/serial/serial_v2.o
 .text._serial_poll_rx
                0x00007898       0xa4 ./rt-thread/components/drivers/serial/serial_v2.o
                0x00007898                _serial_poll_rx
 .text._serial_poll_tx
                0x0000793c       0x9c ./rt-thread/components/drivers/serial/serial_v2.o
                0x0000793c                _serial_poll_tx
 .text._serial_fifo_rx
                0x000079d8       0xf0 ./rt-thread/components/drivers/serial/serial_v2.o
 .text._serial_fifo_tx_blocking_nbuf
                0x00007ac8       0xb0 ./rt-thread/components/drivers/serial/serial_v2.o
 .text._serial_fifo_tx_blocking_buf
                0x00007b78      0x118 ./rt-thread/components/drivers/serial/serial_v2.o
 .text._serial_fifo_tx_nonblocking
                0x00007c90       0xd4 ./rt-thread/components/drivers/serial/serial_v2.o
 .text.rt_serial_tx_enable
                0x00007d64      0x1dc ./rt-thread/components/drivers/serial/serial_v2.o
 .text.rt_serial_rx_enable
                0x00007f40      0x150 ./rt-thread/components/drivers/serial/serial_v2.o
 .text.rt_serial_rx_disable
                0x00008090       0xb4 ./rt-thread/components/drivers/serial/serial_v2.o
 .text.rt_serial_tx_disable
                0x00008144       0xc0 ./rt-thread/components/drivers/serial/serial_v2.o
 .text.rt_serial_init
                0x00008204       0x5c ./rt-thread/components/drivers/serial/serial_v2.o
 .text.rt_serial_open
                0x00008260       0xf4 ./rt-thread/components/drivers/serial/serial_v2.o
 .text.rt_serial_close
                0x00008354       0x90 ./rt-thread/components/drivers/serial/serial_v2.o
 .text.rt_serial_control
                0x000083e4       0xb8 ./rt-thread/components/drivers/serial/serial_v2.o
 .text.rt_hw_serial_register
                0x0000849c       0x94 ./rt-thread/components/drivers/serial/serial_v2.o
                0x0000849c                rt_hw_serial_register
 .text.rt_hw_serial_isr
                0x00008530      0x210 ./rt-thread/components/drivers/serial/serial_v2.o
                0x00008530                rt_hw_serial_isr
 .text._pin_read
                0x00008740       0x60 ./rt-thread/components/drivers/misc/pin.o
 .text._pin_write
                0x000087a0       0x5c ./rt-thread/components/drivers/misc/pin.o
 .text._pin_control
                0x000087fc       0x58 ./rt-thread/components/drivers/misc/pin.o
 .text.rt_device_pin_register
                0x00008854       0x74 ./rt-thread/components/drivers/misc/pin.o
                0x00008854                rt_device_pin_register
 .text.rt_pin_attach_irq
                0x000088c8       0x5c ./rt-thread/components/drivers/misc/pin.o
                0x000088c8                rt_pin_attach_irq
 .text.rt_pin_irq_enable
                0x00008924       0x50 ./rt-thread/components/drivers/misc/pin.o
                0x00008924                rt_pin_irq_enable
 .text.rt_pin_mode
                0x00008974       0x40 ./rt-thread/components/drivers/misc/pin.o
                0x00008974                rt_pin_mode
 .text.rt_pin_write
                0x000089b4       0x40 ./rt-thread/components/drivers/misc/pin.o
                0x000089b4                rt_pin_write
 .text.rt_pin_get
                0x000089f4       0x60 ./rt-thread/components/drivers/misc/pin.o
                0x000089f4                rt_pin_get
 .text._pwm_control
                0x00008a54       0x38 ./rt-thread/components/drivers/misc/rt_drv_pwm.o
 .text._pwm_read
                0x00008a8c       0x62 ./rt-thread/components/drivers/misc/rt_drv_pwm.o
 .text._pwm_write
                0x00008aee       0x7e ./rt-thread/components/drivers/misc/rt_drv_pwm.o
 .text.rt_device_pwm_register
                0x00008b6c       0x78 ./rt-thread/components/drivers/misc/rt_drv_pwm.o
                0x00008b6c                rt_device_pwm_register
 .text.rt_pwm_enable
                0x00008be4       0x5a ./rt-thread/components/drivers/misc/rt_drv_pwm.o
                0x00008be4                rt_pwm_enable
 .text.rt_pwm_disable
                0x00008c3e       0x5a ./rt-thread/components/drivers/misc/rt_drv_pwm.o
                0x00008c3e                rt_pwm_disable
 .text.rt_pwm_set
                0x00008c98       0x52 ./rt-thread/components/drivers/misc/rt_drv_pwm.o
                0x00008c98                rt_pwm_set
 .text.rt_pwm_get
                0x00008cea       0x32 ./rt-thread/components/drivers/misc/rt_drv_pwm.o
                0x00008cea                rt_pwm_get
 .text.pwm_enable
                0x00008d1c       0x74 ./rt-thread/components/drivers/misc/rt_drv_pwm.o
 .text.pwm_disable
                0x00008d90       0x74 ./rt-thread/components/drivers/misc/rt_drv_pwm.o
 .text.pwm_set  0x00008e04       0x94 ./rt-thread/components/drivers/misc/rt_drv_pwm.o
 .text.pwm_get  0x00008e98      0x120 ./rt-thread/components/drivers/misc/rt_drv_pwm.o
 .text.rt_list_init
                0x00008fb8       0x22 ./rt-thread/components/drivers/ipc/completion.o
 .text.rt_list_insert_before
                0x00008fda       0x32 ./rt-thread/components/drivers/ipc/completion.o
 .text.rt_list_isempty
                0x0000900c       0x24 ./rt-thread/components/drivers/ipc/completion.o
 .text.rt_completion_init
                0x00009030       0x44 ./rt-thread/components/drivers/ipc/completion.o
                0x00009030                rt_completion_init
 .text.rt_completion_wait
                0x00009074      0x15c ./rt-thread/components/drivers/ipc/completion.o
                0x00009074                rt_completion_wait
 .text.rt_completion_done
                0x000091d0       0x70 ./rt-thread/components/drivers/ipc/completion.o
                0x000091d0                rt_completion_done
 .text.rt_ringbuffer_status
                0x00009240       0x4e ./rt-thread/components/drivers/ipc/ringbuffer.o
 *fill*         0x0000928e        0x2 ff
 .text.rt_ringbuffer_init
                0x00009290       0xa0 ./rt-thread/components/drivers/ipc/ringbuffer.o
                0x00009290                rt_ringbuffer_init
 .text.rt_ringbuffer_put
                0x00009330      0x16c ./rt-thread/components/drivers/ipc/ringbuffer.o
                0x00009330                rt_ringbuffer_put
 .text.rt_ringbuffer_get
                0x0000949c      0x15c ./rt-thread/components/drivers/ipc/ringbuffer.o
                0x0000949c                rt_ringbuffer_get
 .text.rt_ringbuffer_putchar
                0x000095f8       0xbc ./rt-thread/components/drivers/ipc/ringbuffer.o
                0x000095f8                rt_ringbuffer_putchar
 .text.rt_ringbuffer_data_len
                0x000096b4       0x66 ./rt-thread/components/drivers/ipc/ringbuffer.o
                0x000096b4                rt_ringbuffer_data_len
 .text.main     0x0000971a        0xe ./ra_gen/main.o
                0x0000971a                main
 .text.R_FSP_CurrentIrqGet
                0x00009728       0x2c ./ra/fsp/src/r_sci_uart/r_sci_uart.o
 .text.R_FSP_IsrContextSet
                0x00009754       0x28 ./ra/fsp/src/r_sci_uart/r_sci_uart.o
 .text.R_BSP_IrqStatusClear
                0x0000977c       0x30 ./ra/fsp/src/r_sci_uart/r_sci_uart.o
 .text.R_BSP_IrqClearPending
                0x000097ac       0x40 ./ra/fsp/src/r_sci_uart/r_sci_uart.o
 .text.R_BSP_IrqCfg
                0x000097ec       0x3c ./ra/fsp/src/r_sci_uart/r_sci_uart.o
 .text.R_BSP_IrqEnableNoClear
                0x00009828       0x38 ./ra/fsp/src/r_sci_uart/r_sci_uart.o
 .text.R_BSP_IrqEnable
                0x00009860       0x26 ./ra/fsp/src/r_sci_uart/r_sci_uart.o
 *fill*         0x00009886        0x2 ff
 .text.R_BSP_IrqDisable
                0x00009888       0x48 ./ra/fsp/src/r_sci_uart/r_sci_uart.o
 .text.R_FSP_IsrContextGet
                0x000098d0       0x24 ./ra/fsp/src/r_sci_uart/r_sci_uart.o
 .text.R_SCI_UART_Open
                0x000098f4      0x1ac ./ra/fsp/src/r_sci_uart/r_sci_uart.o
                0x000098f4                R_SCI_UART_Open
 .text.r_sci_uart_config_set
                0x00009aa0      0x120 ./ra/fsp/src/r_sci_uart/r_sci_uart.o
 .text.r_sci_irq_cfg
                0x00009bc0       0x3a ./ra/fsp/src/r_sci_uart/r_sci_uart.o
 .text.r_sci_irqs_cfg
                0x00009bfa       0x5a ./ra/fsp/src/r_sci_uart/r_sci_uart.o
 .text.r_sci_uart_baud_set
                0x00009c54       0x58 ./ra/fsp/src/r_sci_uart/r_sci_uart.o
 .text.r_sci_uart_call_callback
                0x00009cac       0x76 ./ra/fsp/src/r_sci_uart/r_sci_uart.o
 .text.sci_uart_txi_isr
                0x00009d22       0xd0 ./ra/fsp/src/r_sci_uart/r_sci_uart.o
                0x00009d22                sci_uart_txi_isr
 .text.sci_uart_rxi_isr
                0x00009df2       0xbc ./ra/fsp/src/r_sci_uart/r_sci_uart.o
                0x00009df2                sci_uart_rxi_isr
 .text.sci_uart_tei_isr
                0x00009eae       0x4a ./ra/fsp/src/r_sci_uart/r_sci_uart.o
                0x00009eae                sci_uart_tei_isr
 .text.sci_uart_eri_isr
                0x00009ef8       0xa8 ./ra/fsp/src/r_sci_uart/r_sci_uart.o
                0x00009ef8                sci_uart_eri_isr
 .text.R_BSP_PinRead
                0x00009fa0       0x38 ./ra/fsp/src/r_ioport/r_ioport.o
 .text.R_BSP_PinAccessEnable
                0x00009fd8       0x60 ./ra/fsp/src/r_ioport/r_ioport.o
 .text.R_BSP_PinAccessDisable
                0x0000a038       0x68 ./ra/fsp/src/r_ioport/r_ioport.o
 .text.R_IOPORT_Open
                0x0000a0a0       0x28 ./ra/fsp/src/r_ioport/r_ioport.o
                0x0000a0a0                R_IOPORT_Open
 .text.R_IOPORT_Close
                0x0000a0c8       0x20 ./ra/fsp/src/r_ioport/r_ioport.o
                0x0000a0c8                R_IOPORT_Close
 .text.R_IOPORT_PinsCfg
                0x0000a0e8       0x1a ./ra/fsp/src/r_ioport/r_ioport.o
                0x0000a0e8                R_IOPORT_PinsCfg
 .text.R_IOPORT_PinCfg
                0x0000a102       0x46 ./ra/fsp/src/r_ioport/r_ioport.o
                0x0000a102                R_IOPORT_PinCfg
 .text.R_IOPORT_PinRead
                0x0000a148       0x28 ./ra/fsp/src/r_ioport/r_ioport.o
                0x0000a148                R_IOPORT_PinRead
 .text.R_IOPORT_PortRead
                0x0000a170       0x3a ./ra/fsp/src/r_ioport/r_ioport.o
                0x0000a170                R_IOPORT_PortRead
 .text.R_IOPORT_PortWrite
                0x0000a1aa       0x62 ./ra/fsp/src/r_ioport/r_ioport.o
                0x0000a1aa                R_IOPORT_PortWrite
 .text.R_IOPORT_PinWrite
                0x0000a20c       0x6e ./ra/fsp/src/r_ioport/r_ioport.o
                0x0000a20c                R_IOPORT_PinWrite
 .text.R_IOPORT_PortDirectionSet
                0x0000a27a       0x72 ./ra/fsp/src/r_ioport/r_ioport.o
                0x0000a27a                R_IOPORT_PortDirectionSet
 .text.R_IOPORT_PortEventInputRead
                0x0000a2ec       0x3e ./ra/fsp/src/r_ioport/r_ioport.o
                0x0000a2ec                R_IOPORT_PortEventInputRead
 .text.R_IOPORT_PinEventInputRead
                0x0000a32a       0x62 ./ra/fsp/src/r_ioport/r_ioport.o
                0x0000a32a                R_IOPORT_PinEventInputRead
 .text.R_IOPORT_PortEventOutputWrite
                0x0000a38c       0x62 ./ra/fsp/src/r_ioport/r_ioport.o
                0x0000a38c                R_IOPORT_PortEventOutputWrite
 .text.R_IOPORT_PinEventOutputWrite
                0x0000a3ee       0x5e ./ra/fsp/src/r_ioport/r_ioport.o
                0x0000a3ee                R_IOPORT_PinEventOutputWrite
 .text.R_IOPORT_EthernetModeCfg
                0x0000a44c       0x28 ./ra/fsp/src/r_ioport/r_ioport.o
                0x0000a44c                R_IOPORT_EthernetModeCfg
 .text.r_ioport_pins_config
                0x0000a474       0x56 ./ra/fsp/src/r_ioport/r_ioport.o
 .text.r_ioport_hw_pin_event_output_data_write
                0x0000a4ca       0x88 ./ra/fsp/src/r_ioport/r_ioport.o
 *fill*         0x0000a552        0x2 ff
 .text.r_ioport_pfs_write
                0x0000a554       0x78 ./ra/fsp/src/r_ioport/r_ioport.o
 .text.bsp_vbatt_init
                0x0000a5cc       0xd8 ./ra/fsp/src/r_ioport/r_ioport.o
 .text.R_FSP_CurrentIrqGet
                0x0000a6a4       0x2c ./ra/fsp/src/r_icu/r_icu.o
 .text.R_FSP_IsrContextSet
                0x0000a6d0       0x28 ./ra/fsp/src/r_icu/r_icu.o
 .text.R_BSP_IrqStatusClear
                0x0000a6f8       0x30 ./ra/fsp/src/r_icu/r_icu.o
 .text.R_BSP_IrqClearPending
                0x0000a728       0x40 ./ra/fsp/src/r_icu/r_icu.o
 .text.R_BSP_IrqCfg
                0x0000a768       0x3c ./ra/fsp/src/r_icu/r_icu.o
 .text.R_BSP_IrqEnableNoClear
                0x0000a7a4       0x38 ./ra/fsp/src/r_icu/r_icu.o
 .text.R_BSP_IrqEnable
                0x0000a7dc       0x26 ./ra/fsp/src/r_icu/r_icu.o
 *fill*         0x0000a802        0x2 ff
 .text.R_BSP_IrqDisable
                0x0000a804       0x48 ./ra/fsp/src/r_icu/r_icu.o
 .text.R_FSP_IsrContextGet
                0x0000a84c       0x24 ./ra/fsp/src/r_icu/r_icu.o
 .text.R_ICU_ExternalIrqOpen
                0x0000a870       0xcc ./ra/fsp/src/r_icu/r_icu.o
                0x0000a870                R_ICU_ExternalIrqOpen
 .text.R_ICU_ExternalIrqEnable
                0x0000a93c       0x22 ./ra/fsp/src/r_icu/r_icu.o
                0x0000a93c                R_ICU_ExternalIrqEnable
 .text.R_ICU_ExternalIrqDisable
                0x0000a95e       0x22 ./ra/fsp/src/r_icu/r_icu.o
                0x0000a95e                R_ICU_ExternalIrqDisable
 .text.R_ICU_ExternalIrqClose
                0x0000a980       0x40 ./ra/fsp/src/r_icu/r_icu.o
                0x0000a980                R_ICU_ExternalIrqClose
 .text.r_icu_isr
                0x0000a9c0       0x80 ./ra/fsp/src/r_icu/r_icu.o
                0x0000a9c0                r_icu_isr
 .text.R_FSP_SystemClockHzGet
                0x0000aa40       0x4c ./ra/fsp/src/r_gpt/r_gpt.o
 .text.R_FSP_IsrContextSet
                0x0000aa8c       0x28 ./ra/fsp/src/r_gpt/r_gpt.o
 .text.R_BSP_IrqStatusClear
                0x0000aab4       0x30 ./ra/fsp/src/r_gpt/r_gpt.o
 .text.R_BSP_IrqClearPending
                0x0000aae4       0x40 ./ra/fsp/src/r_gpt/r_gpt.o
 .text.R_BSP_IrqCfg
                0x0000ab24       0x3c ./ra/fsp/src/r_gpt/r_gpt.o
 .text.R_BSP_IrqEnableNoClear
                0x0000ab60       0x38 ./ra/fsp/src/r_gpt/r_gpt.o
 .text.R_BSP_IrqEnable
                0x0000ab98       0x26 ./ra/fsp/src/r_gpt/r_gpt.o
 *fill*         0x0000abbe        0x2 ff
 .text.R_BSP_IrqDisable
                0x0000abc0       0x48 ./ra/fsp/src/r_gpt/r_gpt.o
 .text.R_BSP_IrqCfgEnable
                0x0000ac08       0x2e ./ra/fsp/src/r_gpt/r_gpt.o
 *fill*         0x0000ac36        0x2 ff
 .text.R_GPT_Open
                0x0000ac38       0x44 ./ra/fsp/src/r_gpt/r_gpt.o
                0x0000ac38                R_GPT_Open
 .text.R_GPT_Stop
                0x0000ac7c       0x24 ./ra/fsp/src/r_gpt/r_gpt.o
                0x0000ac7c                R_GPT_Stop
 .text.R_GPT_Start
                0x0000aca0       0x24 ./ra/fsp/src/r_gpt/r_gpt.o
                0x0000aca0                R_GPT_Start
 .text.R_GPT_Reset
                0x0000acc4       0x24 ./ra/fsp/src/r_gpt/r_gpt.o
                0x0000acc4                R_GPT_Reset
 .text.R_GPT_Enable
                0x0000ace8       0x90 ./ra/fsp/src/r_gpt/r_gpt.o
                0x0000ace8                R_GPT_Enable
 .text.R_GPT_Disable
                0x0000ad78       0x32 ./ra/fsp/src/r_gpt/r_gpt.o
                0x0000ad78                R_GPT_Disable
 .text.R_GPT_PeriodSet
                0x0000adaa       0x8a ./ra/fsp/src/r_gpt/r_gpt.o
                0x0000adaa                R_GPT_PeriodSet
 .text.R_GPT_DutyCycleSet
                0x0000ae34      0x104 ./ra/fsp/src/r_gpt/r_gpt.o
                0x0000ae34                R_GPT_DutyCycleSet
 .text.R_GPT_InfoGet
                0x0000af38       0x3e ./ra/fsp/src/r_gpt/r_gpt.o
                0x0000af38                R_GPT_InfoGet
 .text.R_GPT_StatusGet
                0x0000af76       0x38 ./ra/fsp/src/r_gpt/r_gpt.o
                0x0000af76                R_GPT_StatusGet
 .text.R_GPT_CallbackSet
                0x0000afae       0x32 ./ra/fsp/src/r_gpt/r_gpt.o
                0x0000afae                R_GPT_CallbackSet
 .text.R_GPT_Close
                0x0000afe0       0x76 ./ra/fsp/src/r_gpt/r_gpt.o
                0x0000afe0                R_GPT_Close
 .text.r_gpt_write_protect_enable
                0x0000b056       0x16 ./ra/fsp/src/r_gpt/r_gpt.o
 .text.r_gpt_write_protect_disable
                0x0000b06c       0x16 ./ra/fsp/src/r_gpt/r_gpt.o
 *fill*         0x0000b082        0x2 ff
 .text.gpt_common_open
                0x0000b084       0x64 ./ra/fsp/src/r_gpt/r_gpt.o
 .text.gpt_hardware_initialize
                0x0000b0e8      0x23c ./ra/fsp/src/r_gpt/r_gpt.o
 .text.gpt_hardware_events_disable
                0x0000b324       0x42 ./ra/fsp/src/r_gpt/r_gpt.o
 .text.r_gpt_disable_irq
                0x0000b366       0x30 ./ra/fsp/src/r_gpt/r_gpt.o
 .text.r_gpt_enable_irq
                0x0000b396       0x2c ./ra/fsp/src/r_gpt/r_gpt.o
 .text.gpt_calculate_duty_cycle
                0x0000b3c2       0xea ./ra/fsp/src/r_gpt/r_gpt.o
 .text.gpt_clock_frequency_get
                0x0000b4ac       0x2e ./ra/fsp/src/r_gpt/r_gpt.o
 .text.gpt_gtior_calculate
                0x0000b4da       0x48 ./ra/fsp/src/r_gpt/r_gpt.o
 *fill*         0x0000b522        0x2 ff
 .text.R_BSP_FlashCacheEnable
                0x0000b524       0x40 ./ra/fsp/src/bsp/mcu/all/bsp_clocks.o
 .text.SystemCoreClockUpdate
                0x0000b564       0x40 ./ra/fsp/src/bsp/mcu/all/bsp_clocks.o
                0x0000b564                SystemCoreClockUpdate
 .text.bsp_prv_clock_set_hard_reset
                0x0000b5a4       0x30 ./ra/fsp/src/bsp/mcu/all/bsp_clocks.o
 .text.bsp_clock_freq_var_init
                0x0000b5d4       0x48 ./ra/fsp/src/bsp/mcu/all/bsp_clocks.o
 .text.bsp_clock_init
                0x0000b61c       0xa4 ./ra/fsp/src/bsp/mcu/all/bsp_clocks.o
                0x0000b61c                bsp_clock_init
 .text.bsp_init_internal
                0x0000b6c0       0x14 ./ra/fsp/src/bsp/mcu/all/bsp_common.o
                0x0000b6c0                bsp_init_internal
                0x0000b6c0                bsp_init
 .text.__assert_func
                0x0000b6d4       0x12 ./ra/fsp/src/bsp/mcu/all/bsp_common.o
                0x0000b6d4                __assert_func
 *fill*         0x0000b6e6        0x2 ff
 .text.bsp_group_irq_call
                0x0000b6e8       0x30 ./ra/fsp/src/bsp/mcu/all/bsp_group_irq.o
 .text.NMI_Handler
                0x0000b718       0x4c ./ra/fsp/src/bsp/mcu/all/bsp_group_irq.o
                0x0000b718                NMI_Handler
 .text.bsp_irq_cfg
                0x0000b764      0x104 ./ra/fsp/src/bsp/mcu/all/bsp_irq.o
                0x0000b764                bsp_irq_cfg
 .text.R_BSP_RegisterProtectEnable
                0x0000b868       0xa0 ./ra/fsp/src/bsp/mcu/all/bsp_register_protection.o
                0x0000b868                R_BSP_RegisterProtectEnable
 .text.R_BSP_RegisterProtectDisable
                0x0000b908       0x90 ./ra/fsp/src/bsp/mcu/all/bsp_register_protection.o
                0x0000b908                R_BSP_RegisterProtectDisable
 .text.Reset_Handler
                0x0000b998        0xe ./ra/fsp/src/bsp/cmsis/Device/RENESAS/Source/startup.o
                0x0000b998                Reset_Handler
 .text.Default_Handler
                0x0000b9a6       0x10 ./ra/fsp/src/bsp/cmsis/Device/RENESAS/Source/startup.o
                0x0000b9a6                UsageFault_Handler
                0x0000b9a6                SecureFault_Handler
                0x0000b9a6                Default_Handler
                0x0000b9a6                MemManage_Handler
                0x0000b9a6                SVC_Handler
                0x0000b9a6                BusFault_Handler
                0x0000b9a6                DebugMon_Handler
 *fill*         0x0000b9b6        0x2 ff
 .text.SystemInit
                0x0000b9b8       0xf0 ./ra/fsp/src/bsp/cmsis/Device/RENESAS/Source/system.o
                0x0000b9b8                SystemInit
 .text.get_bit_access
                0x0000baa8       0x2a ./packages/rt_vsnprintf_full-latest/rt_vsnprintf.o
 .text.get_sign
                0x0000bad2       0x32 ./packages/rt_vsnprintf_full-latest/rt_vsnprintf.o
 .text.get_exp2
                0x0000bb04       0x30 ./packages/rt_vsnprintf_full-latest/rt_vsnprintf.o
 .text.out_buffer
                0x0000bb34       0x2e ./packages/rt_vsnprintf_full-latest/rt_vsnprintf.o
 .text.out_discard
                0x0000bb62       0x1c ./packages/rt_vsnprintf_full-latest/rt_vsnprintf.o
 .text.strnlen_s_
                0x0000bb7e       0x3a ./packages/rt_vsnprintf_full-latest/rt_vsnprintf.o
 .text.is_digit_
                0x0000bbb8       0x2e ./packages/rt_vsnprintf_full-latest/rt_vsnprintf.o
 .text.atoi_    0x0000bbe6       0x48 ./packages/rt_vsnprintf_full-latest/rt_vsnprintf.o
 .text.out_rev_
                0x0000bc2e       0xa0 ./packages/rt_vsnprintf_full-latest/rt_vsnprintf.o
 .text.print_integer_finalization
                0x0000bcce      0x1ee ./packages/rt_vsnprintf_full-latest/rt_vsnprintf.o
 .text.print_integer
                0x0000bebc      0x114 ./packages/rt_vsnprintf_full-latest/rt_vsnprintf.o
 .text.get_components
                0x0000bfd0      0x220 ./packages/rt_vsnprintf_full-latest/rt_vsnprintf.o
 .text.apply_scaling
                0x0000c1f0       0x4a ./packages/rt_vsnprintf_full-latest/rt_vsnprintf.o
                0x0000c1f0                apply_scaling
 .text.unapply_scaling
                0x0000c23a       0x4a ./packages/rt_vsnprintf_full-latest/rt_vsnprintf.o
                0x0000c23a                unapply_scaling
 .text.update_normalization
                0x0000c284       0xcc ./packages/rt_vsnprintf_full-latest/rt_vsnprintf.o
                0x0000c284                update_normalization
 .text.get_normalized_components
                0x0000c350      0x230 ./packages/rt_vsnprintf_full-latest/rt_vsnprintf.o
 .text.print_broken_up_decimal
                0x0000c580      0x25c ./packages/rt_vsnprintf_full-latest/rt_vsnprintf.o
 .text.print_decimal_number
                0x0000c7dc       0x68 ./packages/rt_vsnprintf_full-latest/rt_vsnprintf.o
 *fill*         0x0000c844        0x4 ff
 .text.print_exponential_number
                0x0000c848      0x678 ./packages/rt_vsnprintf_full-latest/rt_vsnprintf.o
 .text.print_floating_point
                0x0000cec0      0x1ec ./packages/rt_vsnprintf_full-latest/rt_vsnprintf.o
 .text.__vsnprintf
                0x0000d0ac      0xb34 ./packages/rt_vsnprintf_full-latest/rt_vsnprintf.o
 .text.rt_vsnprintf
                0x0000dbe0       0x2c ./packages/rt_vsnprintf_full-latest/rt_vsnprintf.o
                0x0000dbe0                rt_vsnprintf
 .text.__NVIC_SetPriority
                0x0000dc0c       0x54 ./libraries/HAL_Drivers/drv_common.o
 .text.__NVIC_SystemReset
                0x0000dc60       0x2c ./libraries/HAL_Drivers/drv_common.o
 .text.SysTick_Config
                0x0000dc8c       0x44 ./libraries/HAL_Drivers/drv_common.o
 .text.reboot   0x0000dcd0       0x10 ./libraries/HAL_Drivers/drv_common.o
 .text.rt_hw_systick_init
                0x0000dce0       0x2c ./libraries/HAL_Drivers/drv_common.o
                0x0000dce0                rt_hw_systick_init
 .text.SysTick_Handler
                0x0000dd0c       0x14 ./libraries/HAL_Drivers/drv_common.o
                0x0000dd0c                SysTick_Handler
 .text.rt_hw_board_init
                0x0000dd20       0x34 ./libraries/HAL_Drivers/drv_common.o
                0x0000dd20                rt_hw_board_init
 .text.R_BSP_WarmStart
                0x0000dd54       0x2c ./libraries/HAL_Drivers/drv_common.o
                0x0000dd54                R_BSP_WarmStart
 .text.R_BSP_PinRead
                0x0000dd80       0x38 ./libraries/HAL_Drivers/drv_gpio.o
 .text.R_BSP_PinWrite
                0x0000ddb8       0x68 ./libraries/HAL_Drivers/drv_gpio.o
 .text.R_BSP_PinAccessEnable
                0x0000de20       0x60 ./libraries/HAL_Drivers/drv_gpio.o
 .text.R_BSP_PinAccessDisable
                0x0000de80       0x68 ./libraries/HAL_Drivers/drv_gpio.o
 .text.ra_pin_get_irqx
                0x0000dee8      0x280 ./libraries/HAL_Drivers/drv_gpio.o
 .text.ra_irq_tab_init
                0x0000e168       0x7c ./libraries/HAL_Drivers/drv_gpio.o
 .text.ra_pin_map_init
                0x0000e1e4       0x28 ./libraries/HAL_Drivers/drv_gpio.o
 .text.ra_pin_mode
                0x0000e20c       0xdc ./libraries/HAL_Drivers/drv_gpio.o
 .text.ra_pin_write
                0x0000e2e8       0x3a ./libraries/HAL_Drivers/drv_gpio.o
 *fill*         0x0000e322        0x2 ff
 .text.ra_pin_read
                0x0000e324       0x48 ./libraries/HAL_Drivers/drv_gpio.o
 .text.ra_pin_irq_enable
                0x0000e36c      0x104 ./libraries/HAL_Drivers/drv_gpio.o
 .text.ra_pin_attach_irq
                0x0000e470      0x12c ./libraries/HAL_Drivers/drv_gpio.o
 .text.ra_pin_dettach_irq
                0x0000e59c       0xb4 ./libraries/HAL_Drivers/drv_gpio.o
 .text.ra_pin_get
                0x0000e650       0xce ./libraries/HAL_Drivers/drv_gpio.o
 *fill*         0x0000e71e        0x2 ff
 .text.rt_hw_pin_init
                0x0000e720       0x24 ./libraries/HAL_Drivers/drv_gpio.o
                0x0000e720                rt_hw_pin_init
 .text.irq0_callback
                0x0000e744       0x34 ./libraries/HAL_Drivers/drv_gpio.o
                0x0000e744                irq0_callback
 .text.R_FSP_SystemClockHzGet
                0x0000e778       0x4c ./libraries/HAL_Drivers/drv_pwm.o
 .text._convert_counts_ns
                0x0000e7c4       0x68 ./libraries/HAL_Drivers/drv_pwm.o
 *fill*         0x0000e82c        0x4 ff
 .text._convert_ns_counts
                0x0000e830       0x68 ./libraries/HAL_Drivers/drv_pwm.o
 .text.drv_pwm_enable
                0x0000e898       0x46 ./libraries/HAL_Drivers/drv_pwm.o
 .text.drv_pwm_get
                0x0000e8de       0x70 ./libraries/HAL_Drivers/drv_pwm.o
 .text.drv_pwm_set
                0x0000e94e       0xb4 ./libraries/HAL_Drivers/drv_pwm.o
 *fill*         0x0000ea02        0x2 ff
 .text.drv_pwm_control
                0x0000ea04       0x84 ./libraries/HAL_Drivers/drv_pwm.o
 .text.rt_hw_pwm_init
                0x0000ea88       0xa4 ./libraries/HAL_Drivers/drv_pwm.o
                0x0000ea88                rt_hw_pwm_init
 .text.ra_uart_get_config
                0x0000eb2c       0x7c ./libraries/HAL_Drivers/drv_usart_v2.o
 .text.ra_uart_configure
                0x0000eba8       0x7c ./libraries/HAL_Drivers/drv_usart_v2.o
 .text.ra_uart_control
                0x0000ec24       0x1a ./libraries/HAL_Drivers/drv_usart_v2.o
 *fill*         0x0000ec3e        0x2 ff
 .text.ra_uart_putc
                0x0000ec40       0x68 ./libraries/HAL_Drivers/drv_usart_v2.o
 .text.ra_uart_getc
                0x0000eca8       0x16 ./libraries/HAL_Drivers/drv_usart_v2.o
 *fill*         0x0000ecbe        0x2 ff
 .text.user_uart0_callback
                0x0000ecc0       0x74 ./libraries/HAL_Drivers/drv_usart_v2.o
                0x0000ecc0                user_uart0_callback
 .text.user_uart7_callback
                0x0000ed34       0x78 ./libraries/HAL_Drivers/drv_usart_v2.o
                0x0000ed34                user_uart7_callback
 .text.rt_hw_usart_init
                0x0000edac       0xb8 ./libraries/HAL_Drivers/drv_usart_v2.o
                0x0000edac                rt_hw_usart_init
 .text.atof     0x0000ee64        0x8 g:/rt-threadstudio/repo/extract/toolchain_support_packages/arm/gnu_tools_for_arm_embedded_processors/10.2.1/bin/../lib/gcc/arm-none-eabi/10.2.1/../../../../arm-none-eabi/lib/thumb/v8-m.main+fp/hard\libc.a(lib_a-atof.o)
                0x0000ee64                atof
 .text.atoi     0x0000ee6c        0x8 g:/rt-threadstudio/repo/extract/toolchain_support_packages/arm/gnu_tools_for_arm_embedded_processors/10.2.1/bin/../lib/gcc/arm-none-eabi/10.2.1/../../../../arm-none-eabi/lib/thumb/v8-m.main+fp/hard\libc.a(lib_a-atoi.o)
                0x0000ee6c                atoi
 .text.memcmp   0x0000ee74       0x60 g:/rt-threadstudio/repo/extract/toolchain_support_packages/arm/gnu_tools_for_arm_embedded_processors/10.2.1/bin/../lib/gcc/arm-none-eabi/10.2.1/../../../../arm-none-eabi/lib/thumb/v8-m.main+fp/hard\libc.a(lib_a-memcmp.o)
                0x0000ee74                memcmp
 .text          0x0000eed4       0xec g:/rt-threadstudio/repo/extract/toolchain_support_packages/arm/gnu_tools_for_arm_embedded_processors/10.2.1/bin/../lib/gcc/arm-none-eabi/10.2.1/../../../../arm-none-eabi/lib/thumb/v8-m.main+fp/hard\libc.a(lib_a-memcpy.o)
                0x0000eed4                memcpy
 .text.memset   0x0000efc0       0xa4 g:/rt-threadstudio/repo/extract/toolchain_support_packages/arm/gnu_tools_for_arm_embedded_processors/10.2.1/bin/../lib/gcc/arm-none-eabi/10.2.1/../../../../arm-none-eabi/lib/thumb/v8-m.main+fp/hard\libc.a(lib_a-memset.o)
                0x0000efc0                memset
 .text          0x0000f064      0x1bc g:/rt-threadstudio/repo/extract/toolchain_support_packages/arm/gnu_tools_for_arm_embedded_processors/10.2.1/bin/../lib/gcc/arm-none-eabi/10.2.1/../../../../arm-none-eabi/lib/thumb/v8-m.main+fp/hard\libc.a(lib_a-strcmp.o)
                0x0000f064                strcmp
 .text.strlen   0x0000f220       0x5c g:/rt-threadstudio/repo/extract/toolchain_support_packages/arm/gnu_tools_for_arm_embedded_processors/10.2.1/bin/../lib/gcc/arm-none-eabi/10.2.1/../../../../arm-none-eabi/lib/thumb/v8-m.main+fp/hard\libc.a(lib_a-strlen-stub.o)
                0x0000f220                strlen
 .text.strncmp  0x0000f27c       0x78 g:/rt-threadstudio/repo/extract/toolchain_support_packages/arm/gnu_tools_for_arm_embedded_processors/10.2.1/bin/../lib/gcc/arm-none-eabi/10.2.1/../../../../arm-none-eabi/lib/thumb/v8-m.main+fp/hard\libc.a(lib_a-strncmp.o)
                0x0000f27c                strncmp
 .text.strncpy  0x0000f2f4       0x64 g:/rt-threadstudio/repo/extract/toolchain_support_packages/arm/gnu_tools_for_arm_embedded_processors/10.2.1/bin/../lib/gcc/arm-none-eabi/10.2.1/../../../../arm-none-eabi/lib/thumb/v8-m.main+fp/hard\libc.a(lib_a-strncpy.o)
                0x0000f2f4                strncpy
 .text._strtod_l
                0x0000f358      0xf30 g:/rt-threadstudio/repo/extract/toolchain_support_packages/arm/gnu_tools_for_arm_embedded_processors/10.2.1/bin/../lib/gcc/arm-none-eabi/10.2.1/../../../../arm-none-eabi/lib/thumb/v8-m.main+fp/hard\libc.a(lib_a-strtod.o)
                0x0000f358                _strtod_l
 .text.strtod   0x00010288       0x1c g:/rt-threadstudio/repo/extract/toolchain_support_packages/arm/gnu_tools_for_arm_embedded_processors/10.2.1/bin/../lib/gcc/arm-none-eabi/10.2.1/../../../../arm-none-eabi/lib/thumb/v8-m.main+fp/hard\libc.a(lib_a-strtod.o)
                0x00010288                strtod
 .text._strtol_l.part.0
                0x000102a4      0x104 g:/rt-threadstudio/repo/extract/toolchain_support_packages/arm/gnu_tools_for_arm_embedded_processors/10.2.1/bin/../lib/gcc/arm-none-eabi/10.2.1/../../../../arm-none-eabi/lib/thumb/v8-m.main+fp/hard\libc.a(lib_a-strtol.o)
 .text.strtol   0x000103a8       0x2c g:/rt-threadstudio/repo/extract/toolchain_support_packages/arm/gnu_tools_for_arm_embedded_processors/10.2.1/bin/../lib/gcc/arm-none-eabi/10.2.1/../../../../arm-none-eabi/lib/thumb/v8-m.main+fp/hard\libc.a(lib_a-strtol.o)
                0x000103a8                strtol
 .text.startup.register_fini
                0x000103d4       0x14 g:/rt-threadstudio/repo/extract/toolchain_support_packages/arm/gnu_tools_for_arm_embedded_processors/10.2.1/bin/../lib/gcc/arm-none-eabi/10.2.1/../../../../arm-none-eabi/lib/thumb/v8-m.main+fp/hard\libc.a(lib_a-__call_atexit.o)
 .text.atexit   0x000103e8        0xc g:/rt-threadstudio/repo/extract/toolchain_support_packages/arm/gnu_tools_for_arm_embedded_processors/10.2.1/bin/../lib/gcc/arm-none-eabi/10.2.1/../../../../arm-none-eabi/lib/thumb/v8-m.main+fp/hard\libc.a(lib_a-atexit.o)
                0x000103e8                atexit
 .text.__libc_fini_array
                0x000103f4       0x2c g:/rt-threadstudio/repo/extract/toolchain_support_packages/arm/gnu_tools_for_arm_embedded_processors/10.2.1/bin/../lib/gcc/arm-none-eabi/10.2.1/../../../../arm-none-eabi/lib/thumb/v8-m.main+fp/hard\libc.a(lib_a-fini.o)
                0x000103f4                __libc_fini_array
 .text.rshift   0x00010420       0xa8 g:/rt-threadstudio/repo/extract/toolchain_support_packages/arm/gnu_tools_for_arm_embedded_processors/10.2.1/bin/../lib/gcc/arm-none-eabi/10.2.1/../../../../arm-none-eabi/lib/thumb/v8-m.main+fp/hard\libc.a(lib_a-gdtoa-gethex.o)
 .text.__gethex
                0x000104c8      0x5f0 g:/rt-threadstudio/repo/extract/toolchain_support_packages/arm/gnu_tools_for_arm_embedded_processors/10.2.1/bin/../lib/gcc/arm-none-eabi/10.2.1/../../../../arm-none-eabi/lib/thumb/v8-m.main+fp/hard\libc.a(lib_a-gdtoa-gethex.o)
                0x000104c8                __gethex
 .text.__match  0x00010ab8       0x34 g:/rt-threadstudio/repo/extract/toolchain_support_packages/arm/gnu_tools_for_arm_embedded_processors/10.2.1/bin/../lib/gcc/arm-none-eabi/10.2.1/../../../../arm-none-eabi/lib/thumb/v8-m.main+fp/hard\libc.a(lib_a-gdtoa-hexnan.o)
                0x00010ab8                __match
 .text.__hexnan
                0x00010aec      0x1b8 g:/rt-threadstudio/repo/extract/toolchain_support_packages/arm/gnu_tools_for_arm_embedded_processors/10.2.1/bin/../lib/gcc/arm-none-eabi/10.2.1/../../../../arm-none-eabi/lib/thumb/v8-m.main+fp/hard\libc.a(lib_a-gdtoa-hexnan.o)
                0x00010aec                __hexnan
 .text.__retarget_lock_acquire_recursive
                0x00010ca4        0x4 g:/rt-threadstudio/repo/extract/toolchain_support_packages/arm/gnu_tools_for_arm_embedded_processors/10.2.1/bin/../lib/gcc/arm-none-eabi/10.2.1/../../../../arm-none-eabi/lib/thumb/v8-m.main+fp/hard\libc.a(lib_a-lock.o)
                0x00010ca4                __retarget_lock_acquire_recursive
 .text.__retarget_lock_release_recursive
                0x00010ca8        0x4 g:/rt-threadstudio/repo/extract/toolchain_support_packages/arm/gnu_tools_for_arm_embedded_processors/10.2.1/bin/../lib/gcc/arm-none-eabi/10.2.1/../../../../arm-none-eabi/lib/thumb/v8-m.main+fp/hard\libc.a(lib_a-lock.o)
                0x00010ca8                __retarget_lock_release_recursive
 .text.__ascii_mbtowc
                0x00010cac       0x2c g:/rt-threadstudio/repo/extract/toolchain_support_packages/arm/gnu_tools_for_arm_embedded_processors/10.2.1/bin/../lib/gcc/arm-none-eabi/10.2.1/../../../../arm-none-eabi/lib/thumb/v8-m.main+fp/hard\libc.a(lib_a-mbtowc_r.o)
                0x00010cac                __ascii_mbtowc
 .text._Balloc  0x00010cd8       0x4c g:/rt-threadstudio/repo/extract/toolchain_support_packages/arm/gnu_tools_for_arm_embedded_processors/10.2.1/bin/../lib/gcc/arm-none-eabi/10.2.1/../../../../arm-none-eabi/lib/thumb/v8-m.main+fp/hard\libc.a(lib_a-mprec.o)
                0x00010cd8                _Balloc
 .text._Bfree   0x00010d24       0x14 g:/rt-threadstudio/repo/extract/toolchain_support_packages/arm/gnu_tools_for_arm_embedded_processors/10.2.1/bin/../lib/gcc/arm-none-eabi/10.2.1/../../../../arm-none-eabi/lib/thumb/v8-m.main+fp/hard\libc.a(lib_a-mprec.o)
                0x00010d24                _Bfree
 .text.__multadd
                0x00010d38       0xa8 g:/rt-threadstudio/repo/extract/toolchain_support_packages/arm/gnu_tools_for_arm_embedded_processors/10.2.1/bin/../lib/gcc/arm-none-eabi/10.2.1/../../../../arm-none-eabi/lib/thumb/v8-m.main+fp/hard\libc.a(lib_a-mprec.o)
                0x00010d38                __multadd
 .text.__s2b    0x00010de0       0xb0 g:/rt-threadstudio/repo/extract/toolchain_support_packages/arm/gnu_tools_for_arm_embedded_processors/10.2.1/bin/../lib/gcc/arm-none-eabi/10.2.1/../../../../arm-none-eabi/lib/thumb/v8-m.main+fp/hard\libc.a(lib_a-mprec.o)
                0x00010de0                __s2b
 .text.__hi0bits
                0x00010e90       0x44 g:/rt-threadstudio/repo/extract/toolchain_support_packages/arm/gnu_tools_for_arm_embedded_processors/10.2.1/bin/../lib/gcc/arm-none-eabi/10.2.1/../../../../arm-none-eabi/lib/thumb/v8-m.main+fp/hard\libc.a(lib_a-mprec.o)
                0x00010e90                __hi0bits
 .text.__lo0bits
                0x00010ed4       0x60 g:/rt-threadstudio/repo/extract/toolchain_support_packages/arm/gnu_tools_for_arm_embedded_processors/10.2.1/bin/../lib/gcc/arm-none-eabi/10.2.1/../../../../arm-none-eabi/lib/thumb/v8-m.main+fp/hard\libc.a(lib_a-mprec.o)
                0x00010ed4                __lo0bits
 .text.__i2b    0x00010f34       0x5c g:/rt-threadstudio/repo/extract/toolchain_support_packages/arm/gnu_tools_for_arm_embedded_processors/10.2.1/bin/../lib/gcc/arm-none-eabi/10.2.1/../../../../arm-none-eabi/lib/thumb/v8-m.main+fp/hard\libc.a(lib_a-mprec.o)
                0x00010f34                __i2b
 .text.__multiply
                0x00010f90      0x15c g:/rt-threadstudio/repo/extract/toolchain_support_packages/arm/gnu_tools_for_arm_embedded_processors/10.2.1/bin/../lib/gcc/arm-none-eabi/10.2.1/../../../../arm-none-eabi/lib/thumb/v8-m.main+fp/hard\libc.a(lib_a-mprec.o)
                0x00010f90                __multiply
 .text.__pow5mult
                0x000110ec       0xc0 g:/rt-threadstudio/repo/extract/toolchain_support_packages/arm/gnu_tools_for_arm_embedded_processors/10.2.1/bin/../lib/gcc/arm-none-eabi/10.2.1/../../../../arm-none-eabi/lib/thumb/v8-m.main+fp/hard\libc.a(lib_a-mprec.o)
                0x000110ec                __pow5mult
 .text.__lshift
                0x000111ac       0xe8 g:/rt-threadstudio/repo/extract/toolchain_support_packages/arm/gnu_tools_for_arm_embedded_processors/10.2.1/bin/../lib/gcc/arm-none-eabi/10.2.1/../../../../arm-none-eabi/lib/thumb/v8-m.main+fp/hard\libc.a(lib_a-mprec.o)
                0x000111ac                __lshift
 .text.__mcmp   0x00011294       0x44 g:/rt-threadstudio/repo/extract/toolchain_support_packages/arm/gnu_tools_for_arm_embedded_processors/10.2.1/bin/../lib/gcc/arm-none-eabi/10.2.1/../../../../arm-none-eabi/lib/thumb/v8-m.main+fp/hard\libc.a(lib_a-mprec.o)
                0x00011294                __mcmp
 .text.__mdiff  0x000112d8      0x148 g:/rt-threadstudio/repo/extract/toolchain_support_packages/arm/gnu_tools_for_arm_embedded_processors/10.2.1/bin/../lib/gcc/arm-none-eabi/10.2.1/../../../../arm-none-eabi/lib/thumb/v8-m.main+fp/hard\libc.a(lib_a-mprec.o)
                0x000112d8                __mdiff
 .text.__ulp    0x00011420       0x64 g:/rt-threadstudio/repo/extract/toolchain_support_packages/arm/gnu_tools_for_arm_embedded_processors/10.2.1/bin/../lib/gcc/arm-none-eabi/10.2.1/../../../../arm-none-eabi/lib/thumb/v8-m.main+fp/hard\libc.a(lib_a-mprec.o)
                0x00011420                __ulp
 .text.__b2d    0x00011484       0xc4 g:/rt-threadstudio/repo/extract/toolchain_support_packages/arm/gnu_tools_for_arm_embedded_processors/10.2.1/bin/../lib/gcc/arm-none-eabi/10.2.1/../../../../arm-none-eabi/lib/thumb/v8-m.main+fp/hard\libc.a(lib_a-mprec.o)
                0x00011484                __b2d
 .text.__d2b    0x00011548       0xd0 g:/rt-threadstudio/repo/extract/toolchain_support_packages/arm/gnu_tools_for_arm_embedded_processors/10.2.1/bin/../lib/gcc/arm-none-eabi/10.2.1/../../../../arm-none-eabi/lib/thumb/v8-m.main+fp/hard\libc.a(lib_a-mprec.o)
                0x00011548                __d2b
 .text.__ratio  0x00011618       0x5c g:/rt-threadstudio/repo/extract/toolchain_support_packages/arm/gnu_tools_for_arm_embedded_processors/10.2.1/bin/../lib/gcc/arm-none-eabi/10.2.1/../../../../arm-none-eabi/lib/thumb/v8-m.main+fp/hard\libc.a(lib_a-mprec.o)
                0x00011618                __ratio
 .text.__copybits
                0x00011674       0x5c g:/rt-threadstudio/repo/extract/toolchain_support_packages/arm/gnu_tools_for_arm_embedded_processors/10.2.1/bin/../lib/gcc/arm-none-eabi/10.2.1/../../../../arm-none-eabi/lib/thumb/v8-m.main+fp/hard\libc.a(lib_a-mprec.o)
                0x00011674                __copybits
 .text.__any_on
                0x000116d0       0x64 g:/rt-threadstudio/repo/extract/toolchain_support_packages/arm/gnu_tools_for_arm_embedded_processors/10.2.1/bin/../lib/gcc/arm-none-eabi/10.2.1/../../../../arm-none-eabi/lib/thumb/v8-m.main+fp/hard\libc.a(lib_a-mprec.o)
                0x000116d0                __any_on
 *fill*         0x00011734        0x4 ff
 .text.nan      0x00011738       0x10 g:/rt-threadstudio/repo/extract/toolchain_support_packages/arm/gnu_tools_for_arm_embedded_processors/10.2.1/bin/../lib/gcc/arm-none-eabi/10.2.1/../../../../arm-none-eabi/lib/thumb/v8-m.main+fp/hard\libc.a(lib_a-s_nan.o)
                0x00011738                nan
 .text.__ascii_wctomb
                0x00011748       0x1c g:/rt-threadstudio/repo/extract/toolchain_support_packages/arm/gnu_tools_for_arm_embedded_processors/10.2.1/bin/../lib/gcc/arm-none-eabi/10.2.1/../../../../arm-none-eabi/lib/thumb/v8-m.main+fp/hard\libc.a(lib_a-wctomb_r.o)
                0x00011748                __ascii_wctomb
 .text.__register_exitproc
                0x00011764       0x90 g:/rt-threadstudio/repo/extract/toolchain_support_packages/arm/gnu_tools_for_arm_embedded_processors/10.2.1/bin/../lib/gcc/arm-none-eabi/10.2.1/../../../../arm-none-eabi/lib/thumb/v8-m.main+fp/hard\libc.a(lib_a-__atexit.o)
                0x00011764                __register_exitproc
 .text          0x000117f4      0x378 g:/rt-threadstudio/repo/extract/toolchain_support_packages/arm/gnu_tools_for_arm_embedded_processors/10.2.1/bin/../lib/gcc/arm-none-eabi/10.2.1/thumb/v8-m.main+fp/hard\libgcc.a(_arm_addsubdf3.o)
                0x000117f4                __aeabi_drsub
                0x000117fc                __aeabi_dsub
                0x000117fc                __subdf3
                0x00011800                __aeabi_dadd
                0x00011800                __adddf3
                0x00011a78                __floatunsidf
                0x00011a78                __aeabi_ui2d
                0x00011a98                __floatsidf
                0x00011a98                __aeabi_i2d
                0x00011abc                __aeabi_f2d
                0x00011abc                __extendsfdf2
                0x00011b00                __floatundidf
                0x00011b00                __aeabi_ul2d
                0x00011b10                __floatdidf
                0x00011b10                __aeabi_l2d
 .text          0x00011b6c      0x424 g:/rt-threadstudio/repo/extract/toolchain_support_packages/arm/gnu_tools_for_arm_embedded_processors/10.2.1/bin/../lib/gcc/arm-none-eabi/10.2.1/thumb/v8-m.main+fp/hard\libgcc.a(_arm_muldivdf3.o)
                0x00011b6c                __aeabi_dmul
                0x00011b6c                __muldf3
                0x00011dc0                __divdf3
                0x00011dc0                __aeabi_ddiv
 .text          0x00011f90      0x110 g:/rt-threadstudio/repo/extract/toolchain_support_packages/arm/gnu_tools_for_arm_embedded_processors/10.2.1/bin/../lib/gcc/arm-none-eabi/10.2.1/thumb/v8-m.main+fp/hard\libgcc.a(_arm_cmpdf2.o)
                0x00011f90                __gtdf2
                0x00011f90                __gedf2
                0x00011f98                __ltdf2
                0x00011f98                __ledf2
                0x00011fa0                __nedf2
                0x00011fa0                __eqdf2
                0x00011fa0                __cmpdf2
                0x0001201c                __aeabi_cdrcmple
                0x0001202c                __aeabi_cdcmpeq
                0x0001202c                __aeabi_cdcmple
                0x0001203c                __aeabi_dcmpeq
                0x00012050                __aeabi_dcmplt
                0x00012064                __aeabi_dcmple
                0x00012078                __aeabi_dcmpge
                0x0001208c                __aeabi_dcmpgt
 .text          0x000120a0       0x50 g:/rt-threadstudio/repo/extract/toolchain_support_packages/arm/gnu_tools_for_arm_embedded_processors/10.2.1/bin/../lib/gcc/arm-none-eabi/10.2.1/thumb/v8-m.main+fp/hard\libgcc.a(_arm_fixdfsi.o)
                0x000120a0                __aeabi_d2iz
                0x000120a0                __fixdfsi
 .text          0x000120f0       0x40 g:/rt-threadstudio/repo/extract/toolchain_support_packages/arm/gnu_tools_for_arm_embedded_processors/10.2.1/bin/../lib/gcc/arm-none-eabi/10.2.1/thumb/v8-m.main+fp/hard\libgcc.a(_arm_fixunsdfsi.o)
                0x000120f0                __aeabi_d2uiz
                0x000120f0                __fixunsdfsi
 .text          0x00012130       0xa0 g:/rt-threadstudio/repo/extract/toolchain_support_packages/arm/gnu_tools_for_arm_embedded_processors/10.2.1/bin/../lib/gcc/arm-none-eabi/10.2.1/thumb/v8-m.main+fp/hard\libgcc.a(_arm_truncdfsf2.o)
                0x00012130                __truncdfsf2
                0x00012130                __aeabi_d2f
 .text          0x000121d0       0xa0 g:/rt-threadstudio/repo/extract/toolchain_support_packages/arm/gnu_tools_for_arm_embedded_processors/10.2.1/bin/../lib/gcc/arm-none-eabi/10.2.1/thumb/v8-m.main+fp/hard\libgcc.a(_aeabi_ldivmod.o)
                0x000121d0                __aeabi_ldivmod
 .text          0x00012270       0x30 g:/rt-threadstudio/repo/extract/toolchain_support_packages/arm/gnu_tools_for_arm_embedded_processors/10.2.1/bin/../lib/gcc/arm-none-eabi/10.2.1/thumb/v8-m.main+fp/hard\libgcc.a(_aeabi_uldivmod.o)
                0x00012270                __aeabi_uldivmod
 .text          0x000122a0       0x30 g:/rt-threadstudio/repo/extract/toolchain_support_packages/arm/gnu_tools_for_arm_embedded_processors/10.2.1/bin/../lib/gcc/arm-none-eabi/10.2.1/thumb/v8-m.main+fp/hard\libgcc.a(_fixdfdi.o)
                0x000122a0                __fixdfdi
                0x000122a0                __aeabi_d2lz
 .text          0x000122d0       0x3c g:/rt-threadstudio/repo/extract/toolchain_support_packages/arm/gnu_tools_for_arm_embedded_processors/10.2.1/bin/../lib/gcc/arm-none-eabi/10.2.1/thumb/v8-m.main+fp/hard\libgcc.a(_fixunsdfdi.o)
                0x000122d0                __fixunsdfdi
                0x000122d0                __aeabi_d2ulz
 .text          0x0001230c      0x2ec g:/rt-threadstudio/repo/extract/toolchain_support_packages/arm/gnu_tools_for_arm_embedded_processors/10.2.1/bin/../lib/gcc/arm-none-eabi/10.2.1/thumb/v8-m.main+fp/hard\libgcc.a(_udivmoddi4.o)
                0x0001230c                __udivmoddi4
 .text          0x000125f8        0x4 g:/rt-threadstudio/repo/extract/toolchain_support_packages/arm/gnu_tools_for_arm_embedded_processors/10.2.1/bin/../lib/gcc/arm-none-eabi/10.2.1/thumb/v8-m.main+fp/hard\libgcc.a(_dvmd_tls.o)
                0x000125f8                __aeabi_idiv0
                0x000125f8                __aeabi_ldiv0
 *(.version)
 .version       0x000125fc       0x50 ./ra/fsp/src/bsp/mcu/all/bsp_common.o
 *(.init)
 .init          0x0001264c        0x4 g:/rt-threadstudio/repo/extract/toolchain_support_packages/arm/gnu_tools_for_arm_embedded_processors/10.2.1/bin/../lib/gcc/arm-none-eabi/10.2.1/thumb/v8-m.main+fp/hard/crti.o
                0x0001264c                _init
 .init          0x00012650        0x8 g:/rt-threadstudio/repo/extract/toolchain_support_packages/arm/gnu_tools_for_arm_embedded_processors/10.2.1/bin/../lib/gcc/arm-none-eabi/10.2.1/thumb/v8-m.main+fp/hard/crtn.o
 *(.fini)
 .fini          0x00012658        0x4 g:/rt-threadstudio/repo/extract/toolchain_support_packages/arm/gnu_tools_for_arm_embedded_processors/10.2.1/bin/../lib/gcc/arm-none-eabi/10.2.1/thumb/v8-m.main+fp/hard/crti.o
                0x00012658                _fini
 .fini          0x0001265c        0x8 g:/rt-threadstudio/repo/extract/toolchain_support_packages/arm/gnu_tools_for_arm_embedded_processors/10.2.1/bin/../lib/gcc/arm-none-eabi/10.2.1/thumb/v8-m.main+fp/hard/crtn.o
                0x00012664                . = ALIGN (0x4)
                0x00012664                __fsymtab_start = .
 *(FSymTab)
 FSymTab        0x00012664       0x24 ./src/controller.o
                0x00012664                __fsym_car_start
                0x00012670                __fsym_car_stop
                0x0001267c                __fsym_car_turn
 FSymTab        0x00012688        0xc ./src/my_pwm.o
                0x00012688                __fsym_my_pwm_ex_set_pulse
 FSymTab        0x00012694        0xc ./src/pid.o
                0x00012694                __fsym_pid_set
 FSymTab        0x000126a0       0x78 ./rt-thread/components/finsh/cmd.o
                0x000126a0                __fsym_clear
                0x000126ac                __fsym_version
                0x000126b8                __fsym_list_thread
                0x000126c4                __fsym_list_sem
                0x000126d0                __fsym_list_event
                0x000126dc                __fsym_list_mutex
                0x000126e8                __fsym_list_mailbox
                0x000126f4                __fsym_list_msgqueue
                0x00012700                __fsym_list_timer
                0x0001270c                __fsym_list_device
 FSymTab        0x00012718       0x24 ./rt-thread/components/finsh/msh.o
                0x00012718                __fsym_help
                0x00012724                __fsym_ps
                0x00012730                __fsym_free
 FSymTab        0x0001273c       0x30 ./rt-thread/components/drivers/misc/rt_drv_pwm.o
                0x0001273c                __fsym_pwm_enable
                0x00012748                __fsym_pwm_disable
                0x00012754                __fsym_pwm_set
                0x00012760                __fsym_pwm_get
 FSymTab        0x0001276c        0xc ./libraries/HAL_Drivers/drv_common.o
                0x0001276c                __fsym_reboot
                0x00012778                __fsymtab_end = .
                0x00012778                . = ALIGN (0x4)
                0x00012778                __vsymtab_start = .
 *(VSymTab)
                0x00012778                __vsymtab_end = .
                0x00012778                . = ALIGN (0x4)
                0x00012778                __rt_init_start = .
 *(SORT_BY_NAME(.rti_fn*))
 .rti_fn.0      0x00012778        0x4 ./rt-thread/src/components.o
                0x00012778                __rt_init_rti_start
 .rti_fn.0.end  0x0001277c        0x4 ./rt-thread/src/components.o
                0x0001277c                __rt_init_rti_board_start
 .rti_fn.1      0x00012780        0x4 ./rt-thread/components/utilities/ulog/ulog.o
                0x00012780                __rt_init_ulog_init
 .rti_fn.1      0x00012784        0x4 ./libraries/HAL_Drivers/drv_pwm.o
                0x00012784                __rt_init_rt_hw_pwm_init
 .rti_fn.1.end  0x00012788        0x4 ./rt-thread/src/components.o
                0x00012788                __rt_init_rti_board_end
 .rti_fn.2      0x0001278c        0x4 ./rt-thread/components/utilities/ulog/backend/console_be.o
                0x0001278c                __rt_init_ulog_console_backend_init
 .rti_fn.6      0x00012790        0x4 ./src/hal_entry.o
                0x00012790                __rt_init_icu_sample
 .rti_fn.6      0x00012794        0x4 ./rt-thread/components/finsh/shell.o
                0x00012794                __rt_init_finsh_system_init
 .rti_fn.6.end  0x00012798        0x4 ./rt-thread/src/components.o
                0x00012798                __rt_init_rti_end
                0x0001279c                __rt_init_end = .
                0x0001279c                . = ALIGN (0x4)
 *(FalPartTable)
 *crtbegin.o(.ctors)
 *crtbegin?.o(.ctors)
 *(EXCLUDE_FILE(*crtend.o *crtend?.o) .ctors)
 *(SORT_BY_NAME(.ctors.*))
 *(.ctors)
 *crtbegin.o(.dtors)
 *crtbegin?.o(.dtors)
 *(EXCLUDE_FILE(*crtend.o *crtend?.o) .dtors)
 *(SORT_BY_NAME(.dtors.*))
 *(.dtors)
 *(.rodata*)
 .rodata        0x0001279c       0x48 ./src/controller.o
 .rodata.name   0x000127e4       0x52 ./src/controller.o
                0x000127e4                __fsym_car_start_name
                0x000127f0                __fsym_car_start_desc
                0x00012800                __fsym_car_stop_name
                0x0001280c                __fsym_car_stop_desc
                0x0001281c                __fsym_car_turn_name
                0x00012828                __fsym_car_turn_desc
 *fill*         0x00012836        0x2 ff
 .rodata        0x00012838       0x4b ./src/hal_entry.o
 *fill*         0x00012883        0x1 ff
 .rodata        0x00012884       0x74 ./src/my_pwm.o